Archive member included because of file (symbol)

/usr/bin/../lib/gcc/arm-none-eabi/4.7.4/../../../../arm-none-eabi/lib/armv7e-m/fpu/libc.a(lib_a-__atexit.o)
                              /usr/bin/../lib/gcc/arm-none-eabi/4.7.4/../../../../arm-none-eabi/lib/armv7e-m/fpu/rdimon-crt0.o (__register_exitproc)
/usr/bin/../lib/gcc/arm-none-eabi/4.7.4/../../../../arm-none-eabi/lib/armv7e-m/fpu/libc.a(lib_a-exit.o)
                              /usr/bin/../lib/gcc/arm-none-eabi/4.7.4/../../../../arm-none-eabi/lib/armv7e-m/fpu/rdimon-crt0.o (exit)
/usr/bin/../lib/gcc/arm-none-eabi/4.7.4/../../../../arm-none-eabi/lib/armv7e-m/fpu/libc.a(lib_a-fini.o)
                              /usr/bin/../lib/gcc/arm-none-eabi/4.7.4/../../../../arm-none-eabi/lib/armv7e-m/fpu/rdimon-crt0.o (__libc_fini_array)
/usr/bin/../lib/gcc/arm-none-eabi/4.7.4/../../../../arm-none-eabi/lib/armv7e-m/fpu/libc.a(lib_a-impure.o)
                              /usr/bin/../lib/gcc/arm-none-eabi/4.7.4/../../../../arm-none-eabi/lib/armv7e-m/fpu/libc.a(lib_a-__atexit.o) (_global_impure_ptr)
/usr/bin/../lib/gcc/arm-none-eabi/4.7.4/../../../../arm-none-eabi/lib/armv7e-m/fpu/libc.a(lib_a-init.o)
                              /usr/bin/../lib/gcc/arm-none-eabi/4.7.4/../../../../arm-none-eabi/lib/armv7e-m/fpu/rdimon-crt0.o (__libc_init_array)
/usr/bin/../lib/gcc/arm-none-eabi/4.7.4/../../../../arm-none-eabi/lib/armv7e-m/fpu/libc.a(lib_a-memset.o)
                              /usr/bin/../lib/gcc/arm-none-eabi/4.7.4/../../../../arm-none-eabi/lib/armv7e-m/fpu/rdimon-crt0.o (memset)
/usr/bin/../lib/gcc/arm-none-eabi/4.7.4/../../../../arm-none-eabi/lib/armv7e-m/fpu/libc.a(lib_a-__call_atexit.o)
                              /usr/bin/../lib/gcc/arm-none-eabi/4.7.4/../../../../arm-none-eabi/lib/armv7e-m/fpu/libc.a(lib_a-exit.o) (__call_exitprocs)
/usr/bin/../lib/gcc/arm-none-eabi/4.7.4/../../../../arm-none-eabi/lib/armv7e-m/fpu/libc.a(lib_a-atexit.o)
                              /usr/bin/../lib/gcc/arm-none-eabi/4.7.4/../../../../arm-none-eabi/lib/armv7e-m/fpu/libc.a(lib_a-__call_atexit.o) (atexit)
/usr/bin/../lib/gcc/arm-none-eabi/4.7.4/../../../../arm-none-eabi/lib/armv7e-m/fpu/librdimon.a(rdimon-syscalls.o)
                              /usr/bin/../lib/gcc/arm-none-eabi/4.7.4/../../../../arm-none-eabi/lib/armv7e-m/fpu/rdimon-crt0.o (initialise_monitor_handles)
/usr/bin/../lib/gcc/arm-none-eabi/4.7.4/../../../../arm-none-eabi/lib/armv7e-m/fpu/librdimon.a(rdimon-_exit.o)
                              /usr/bin/../lib/gcc/arm-none-eabi/4.7.4/../../../../arm-none-eabi/lib/armv7e-m/fpu/libc.a(lib_a-exit.o) (_exit)
/usr/bin/../lib/gcc/arm-none-eabi/4.7.4/../../../../arm-none-eabi/lib/armv7e-m/fpu/librdimon.a(rdimon-_kill.o)
                              /usr/bin/../lib/gcc/arm-none-eabi/4.7.4/../../../../arm-none-eabi/lib/armv7e-m/fpu/librdimon.a(rdimon-_exit.o) (_kill)
/usr/bin/../lib/gcc/arm-none-eabi/4.7.4/../../../../arm-none-eabi/lib/armv7e-m/fpu/libg.a(lib_a-errno.o)
                              /usr/bin/../lib/gcc/arm-none-eabi/4.7.4/../../../../arm-none-eabi/lib/armv7e-m/fpu/librdimon.a(rdimon-syscalls.o) (__errno)
/usr/bin/../lib/gcc/arm-none-eabi/4.7.4/../../../../arm-none-eabi/lib/armv7e-m/fpu/libg.a(lib_a-findfp.o)
                              /usr/bin/../lib/gcc/arm-none-eabi/4.7.4/../../../../arm-none-eabi/lib/armv7e-m/fpu/librdimon.a(rdimon-syscalls.o) (__sinit)
/usr/bin/../lib/gcc/arm-none-eabi/4.7.4/../../../../arm-none-eabi/lib/armv7e-m/fpu/libg.a(lib_a-fwalk.o)
                              /usr/bin/../lib/gcc/arm-none-eabi/4.7.4/../../../../arm-none-eabi/lib/armv7e-m/fpu/libg.a(lib_a-findfp.o) (_fwalk)
/usr/bin/../lib/gcc/arm-none-eabi/4.7.4/../../../../arm-none-eabi/lib/armv7e-m/fpu/libg.a(lib_a-mallocr.o)
                              /usr/bin/../lib/gcc/arm-none-eabi/4.7.4/../../../../arm-none-eabi/lib/armv7e-m/fpu/libg.a(lib_a-findfp.o) (_malloc_r)
/usr/bin/../lib/gcc/arm-none-eabi/4.7.4/../../../../arm-none-eabi/lib/armv7e-m/fpu/libg.a(lib_a-mlock.o)
                              /usr/bin/../lib/gcc/arm-none-eabi/4.7.4/../../../../arm-none-eabi/lib/armv7e-m/fpu/libg.a(lib_a-mallocr.o) (__malloc_lock)
/usr/bin/../lib/gcc/arm-none-eabi/4.7.4/../../../../arm-none-eabi/lib/armv7e-m/fpu/libg.a(lib_a-printf.o)
                              obj/main.o (printf)
/usr/bin/../lib/gcc/arm-none-eabi/4.7.4/../../../../arm-none-eabi/lib/armv7e-m/fpu/libg.a(lib_a-sbrkr.o)
                              /usr/bin/../lib/gcc/arm-none-eabi/4.7.4/../../../../arm-none-eabi/lib/armv7e-m/fpu/libg.a(lib_a-mallocr.o) (_sbrk_r)
/usr/bin/../lib/gcc/arm-none-eabi/4.7.4/../../../../arm-none-eabi/lib/armv7e-m/fpu/libg.a(lib_a-stdio.o)
                              /usr/bin/../lib/gcc/arm-none-eabi/4.7.4/../../../../arm-none-eabi/lib/armv7e-m/fpu/libg.a(lib_a-findfp.o) (__sread)
/usr/bin/../lib/gcc/arm-none-eabi/4.7.4/../../../../arm-none-eabi/lib/armv7e-m/fpu/libg.a(lib_a-strlen.o)
[...]
Memory Configuration

Name             Origin             Length             Attributes
RAM              0x0000000020000000 0x0000000000030000 xrw
FLASH            0x0000000008000000 0x0000000000100000 xr
*default*        0x0000000000000000 0xffffffffffffffff

Linker script and memory map

LOAD /usr/bin/../lib/gcc/arm-none-eabi/4.7.4/../../../../arm-none-eabi/lib/armv7e-m/fpu/librdimon.a
LOAD /usr/bin/../lib/gcc/arm-none-eabi/4.7.4/armv7e-m/fpu/crti.o
LOAD /usr/bin/../lib/gcc/arm-none-eabi/4.7.4/armv7e-m/fpu/crtbegin.o
LOAD /usr/bin/../lib/gcc/arm-none-eabi/4.7.4/../../../../arm-none-eabi/lib/armv7e-m/fpu/rdimon-crt0.o
LOAD /usr/bin/../lib/gcc/arm-none-eabi/4.7.4/../../../../arm-none-eabi/lib/armv7e-m/fpu/libc.a
LOAD /usr/bin/../lib/gcc/arm-none-eabi/4.7.4/../../../../arm-none-eabi/lib/armv7e-m/fpu/librdimon.a
LOAD obj/exceptions.o
LOAD obj/low_level_init.o
LOAD obj/main.o
LOAD obj/startup.o
START GROUP
LOAD /usr/bin/../lib/gcc/arm-none-eabi/4.7.4/armv7e-m/fpu/libgcc.a
LOAD /usr/bin/../lib/gcc/arm-none-eabi/4.7.4/../../../../arm-none-eabi/lib/armv7e-m/fpu/libg.a
LOAD /usr/bin/../lib/gcc/arm-none-eabi/4.7.4/../../../../arm-none-eabi/lib/armv7e-m/fpu/libc.a
END GROUP
LOAD /usr/bin/../lib/gcc/arm-none-eabi/4.7.4/armv7e-m/fpu/crtend.o
LOAD /usr/bin/../lib/gcc/arm-none-eabi/4.7.4/armv7e-m/fpu/crtn.o
                0x0000000020020000                _estack = 0x20020000
                0x0000000000000000                . = 0x0

.text           0x0000000008000000     0x9850
 *(.isr_vector)
 .isr_vector    0x0000000008000000      0x188 obj/startup.o
                0x0000000008000000                g_pfnVectors
 *(.text)
 .text          0x0000000008000188        0x0 /usr/bin/../lib/gcc/arm-none-eabi/4.7.4/armv7e-m/fpu/crti.o
 .text          0x0000000008000188       0x54 /usr/bin/../lib/gcc/arm-none-eabi/4.7.4/armv7e-m/fpu/crtbegin.o
 .text          0x00000000080001dc       0xcc /usr/bin/../lib/gcc/arm-none-eabi/4.7.4/../../../../arm-none-eabi/lib/armv7e-m/fpu/rdimon-crt0.o
                0x00000000080001dc                _mainCRTStartup
                0x00000000080001dc                _start
                0x00000000080001dc                start
 .text          0x00000000080002a8        0x0 /usr/bin/../lib/gcc/arm-none-eabi/4.7.4/../../../../arm-none-eabi/lib/armv7e-m/fpu/libc.a(lib_a-__atexit.o)
 .text          0x00000000080002a8        0x0 /usr/bin/../lib/gcc/arm-none-eabi/4.7.4/../../../../arm-none-eabi/lib/armv7e-m/fpu/libc.a(lib_a-exit.o)
 .text          0x00000000080002a8        0x0 /usr/bin/../lib/gcc/arm-none-eabi/4.7.4/../../../../arm-none-eabi/lib/armv7e-m/fpu/libc.a(lib_a-fini.o)
 .text          0x00000000080002a8        0x0 /usr/bin/../lib/gcc/arm-none-eabi/4.7.4/../../../../arm-none-eabi/lib/armv7e-m/fpu/libc.a(lib_a-impure.o)
 .text          0x00000000080002a8        0x0 /usr/bin/../lib/gcc/arm-none-eabi/4.7.4/../../../../arm-none-eabi/lib/armv7e-m/fpu/libc.a(lib_a-init.o)
 .text          0x00000000080002a8        0x0 /usr/bin/../lib/gcc/arm-none-eabi/4.7.4/../../../../arm-none-eabi/lib/armv7e-m/fpu/libc.a(lib_a-memset.o)
 .text          0x00000000080002a8        0x0 /usr/bin/../lib/gcc/arm-none-eabi/4.7.4/../../../../arm-none-eabi/lib/armv7e-m/fpu/libc.a(lib_a-__call_atexit.o)
 .text          0x00000000080002a8        0x0 /usr/bin/../lib/gcc/arm-none-eabi/4.7.4/../../../../arm-none-eabi/lib/armv7e-m/fpu/libc.a(lib_a-atexit.o)
 .text          0x00000000080002a8        0x0 /usr/bin/../lib/gcc/arm-none-eabi/4.7.4/../../../../arm-none-eabi/lib/armv7e-m/fpu/librdimon.a(rdimon-syscalls.o)
 .text          0x00000000080002a8        0x0 /usr/bin/../lib/gcc/arm-none-eabi/4.7.4/../../../../arm-none-eabi/lib/armv7e-m/fpu/librdimon.a(rdimon-_exit.o)
 .text          0x00000000080002a8        0x0 /usr/bin/../lib/gcc/arm-none-eabi/4.7.4/../../../../arm-none-eabi/lib/armv7e-m/fpu/librdimon.a(rdimon-_kill.o)
 .text          0x00000000080002a8       0xf8 obj/exceptions.o
                0x00000000080002a8                NMI_Handler
                0x00000000080002b0                HardFault_Handler
                0x0000000008000344                MemManage_Handler
                0x000000000800034c                BusFault_Handler
                0x0000000008000354                UsageFault_Handler
                0x000000000800035c                SVC_Handler
                0x0000000008000364                DebugMon_Handler
                0x0000000008000370                PendSV_Handler
                0x000000000800037c                SysTick_Handler
 .text          0x00000000080003a0      0x21c obj/low_level_init.o
                0x00000000080003a0                low_level_init
 .text          0x00000000080005bc       0x60 obj/main.o
                0x00000000080005bc                main
 .text          0x000000000800061c       0x14 obj/startup.o
 .text          0x0000000008000630        0x0 /usr/bin/../lib/gcc/arm-none-eabi/4.7.4/../../../../arm-none-eabi/lib/armv7e-m/fpu/libg.a(lib_a-errno.o)
 .text          0x0000000008000630        0x0 /usr/bin/../lib/gcc/arm-none-eabi/4.7.4/../../../../arm-none-eabi/lib/armv7e-m/fpu/libg.a(lib_a-findfp.o)
 .text          0x0000000008000630        0x0 /usr/bin/../lib/gcc/arm-none-eabi/4.7.4/../../../../arm-none-eabi/lib/armv7e-m/fpu/libg.a(lib_a-fwalk.o)
 .text          0x0000000008000630        0x0 /usr/bin/../lib/gcc/arm-none-eabi/4.7.4/../../../../arm-none-eabi/lib/armv7e-m/fpu/libg.a(lib_a-mallocr.o)
 .text          0x0000000008000630        0x0 /usr/bin/../lib/gcc/arm-none-eabi/4.7.4/../../../../arm-none-eabi/lib/armv7e-m/fpu/libg.a(lib_a-mlock.o)
 .text          0x0000000008000630        0x0 /usr/bin/../lib/gcc/arm-none-eabi/4.7.4/../../../../arm-none-eabi/lib/armv7e-m/fpu/libg.a(lib_a-printf.o)
 .text          0x0000000008000630        0x0 /usr/bin/../lib/gcc/arm-none-eabi/4.7.4/../../../../arm-none-eabi/lib/armv7e-m/fpu/libg.a(lib_a-sbrkr.o)
 .text          0x0000000008000630        0x0 /usr/bin/../lib/gcc/arm-none-eabi/4.7.4/../../../../arm-none-eabi/lib/armv7e-m/fpu/libg.a(lib_a-stdio.o)
 .text          0x0000000008000630        0x0 /usr/bin/../lib/gcc/arm-none-eabi/4.7.4/../../../../arm-none-eabi/lib/armv7e-m/fpu/libg.a(lib_a-strlen.o)
 .text          0x0000000008000630        0x0 /usr/bin/../lib/gcc/arm-none-eabi/4.7.4/../../../../arm-none-eabi/lib/armv7e-m/fpu/libg.a(lib_a-vfprintf.o)
 .text          0x0000000008000630        0x0 /usr/bin/../lib/gcc/arm-none-eabi/4.7.4/../../../../arm-none-eabi/lib/armv7e-m/fpu/libg.a(lib_a-writer.o)
 .text          0x0000000008000630        0x0 /usr/bin/../lib/gcc/arm-none-eabi/4.7.4/../../../../arm-none-eabi/lib/armv7e-m/fpu/libg.a(lib_a-wsetup.o)
 .text          0x0000000008000630        0x0 /usr/bin/../lib/gcc/arm-none-eabi/4.7.4/../../../../arm-none-eabi/lib/armv7e-m/fpu/libg.a(lib_a-closer.o)
 .text          0x0000000008000630        0x0 /usr/bin/../lib/gcc/arm-none-eabi/4.7.4/../../../../arm-none-eabi/lib/armv7e-m/fpu/libg.a(lib_a-dtoa.o)
 .text          0x0000000008000630        0x0 /usr/bin/../lib/gcc/arm-none-eabi/4.7.4/../../../../arm-none-eabi/lib/armv7e-m/fpu/libg.a(lib_a-fclose.o)
 .text          0x0000000008000630        0x0 /usr/bin/../lib/gcc/arm-none-eabi/4.7.4/../../../../arm-none-eabi/lib/armv7e-m/fpu/libg.a(lib_a-fflush.o)
 .text          0x0000000008000630        0x0 /usr/bin/../lib/gcc/arm-none-eabi/4.7.4/../../../../arm-none-eabi/lib/armv7e-m/fpu/libg.a(lib_a-freer.o)
 .text          0x0000000008000630        0x0 /usr/bin/../lib/gcc/arm-none-eabi/4.7.4/../../../../arm-none-eabi/lib/armv7e-m/fpu/libg.a(lib_a-locale.o)
 .text          0x0000000008000630        0x0 /usr/bin/../lib/gcc/arm-none-eabi/4.7.4/../../../../arm-none-eabi/lib/armv7e-m/fpu/libg.a(lib_a-lseekr.o)
 .text          0x0000000008000630        0x0 /usr/bin/../lib/gcc/arm-none-eabi/4.7.4/../../../../arm-none-eabi/lib/armv7e-m/fpu/libg.a(lib_a-makebuf.o)
 .text          0x0000000008000630        0x0 /usr/bin/../lib/gcc/arm-none-eabi/4.7.4/../../../../arm-none-eabi/lib/armv7e-m/fpu/libg.a(lib_a-memchr.o)
 .text          0x0000000008000630        0x0 /usr/bin/../lib/gcc/arm-none-eabi/4.7.4/../../../../arm-none-eabi/lib/armv7e-m/fpu/libg.a(lib_a-memcpy.o)
 .text          0x0000000008000630        0x0 /usr/bin/../lib/gcc/arm-none-eabi/4.7.4/../../../../arm-none-eabi/lib/armv7e-m/fpu/libg.a(lib_a-mprec.o)
 .text          0x0000000008000630        0x0 /usr/bin/../lib/gcc/arm-none-eabi/4.7.4/../../../../arm-none-eabi/lib/armv7e-m/fpu/libg.a(lib_a-readr.o)
 .text          0x0000000008000630        0x0 /usr/bin/../lib/gcc/arm-none-eabi/4.7.4/../../../../arm-none-eabi/lib/armv7e-m/fpu/libg.a(lib_a-reent.o)
 .text          0x0000000008000630        0x0 /usr/bin/../lib/gcc/arm-none-eabi/4.7.4/../../../../arm-none-eabi/lib/armv7e-m/fpu/libg.a(lib_a-s_fpclassify.o)
 .text          0x0000000008000630        0x0 /usr/bin/../lib/gcc/arm-none-eabi/4.7.4/../../../../arm-none-eabi/lib/armv7e-m/fpu/libg.a(lib_a-strcmp.o)
 .text          0x0000000008000630        0x0 /usr/bin/../lib/gcc/arm-none-eabi/4.7.4/../../../../arm-none-eabi/lib/armv7e-m/fpu/libg.a(lib_a-vfiprintf.o)
 .text          0x0000000008000630        0x0 /usr/bin/../lib/gcc/arm-none-eabi/4.7.4/../../../../arm-none-eabi/lib/armv7e-m/fpu/libg.a(lib_a-callocr.o)
 .text          0x0000000008000630        0x0 /usr/bin/../lib/gcc/arm-none-eabi/4.7.4/../../../../arm-none-eabi/lib/armv7e-m/fpu/libg.a(lib_a-fputwc.o)
 .text          0x0000000008000630        0x0 /usr/bin/../lib/gcc/arm-none-eabi/4.7.4/../../../../arm-none-eabi/lib/armv7e-m/fpu/libg.a(lib_a-fstatr.o)
 .text          0x0000000008000630        0x0 /usr/bin/../lib/gcc/arm-none-eabi/4.7.4/../../../../arm-none-eabi/lib/armv7e-m/fpu/libg.a(lib_a-fvwrite.o)
 .text          0x0000000008000630        0x0 /usr/bin/../lib/gcc/arm-none-eabi/4.7.4/../../../../arm-none-eabi/lib/armv7e-m/fpu/libg.a(lib_a-isattyr.o)
 .text          0x0000000008000630        0x0 /usr/bin/../lib/gcc/arm-none-eabi/4.7.4/../../../../arm-none-eabi/lib/armv7e-m/fpu/libg.a(lib_a-memmove.o)
 .text          0x0000000008000630        0x0 /usr/bin/../lib/gcc/arm-none-eabi/4.7.4/../../../../arm-none-eabi/lib/armv7e-m/fpu/libg.a(lib_a-reallocr.o)
 .text          0x0000000008000630        0x0 /usr/bin/../lib/gcc/arm-none-eabi/4.7.4/../../../../arm-none-eabi/lib/armv7e-m/fpu/libg.a(lib_a-wbuf.o)
 .text          0x0000000008000630        0x0 /usr/bin/../lib/gcc/arm-none-eabi/4.7.4/../../../../arm-none-eabi/lib/armv7e-m/fpu/libg.a(lib_a-wcrtomb.o)
 .text          0x0000000008000630        0x0 /usr/bin/../lib/gcc/arm-none-eabi/4.7.4/../../../../arm-none-eabi/lib/armv7e-m/fpu/libg.a(lib_a-wctomb_r.o)
 .text          0x0000000008000630      0x370 /usr/bin/../lib/gcc/arm-none-eabi/4.7.4/armv7e-m/fpu/libgcc.a(_arm_addsubdf3.o)
                0x0000000008000630                __aeabi_drsub
                0x0000000008000638                __aeabi_dsub
                0x0000000008000638                __subdf3
                0x000000000800063c                __adddf3
                0x000000000800063c                __aeabi_dadd
                0x00000000080008b4                __aeabi_ui2d
                0x00000000080008b4                __floatunsidf
                0x00000000080008d4                __floatsidf
                0x00000000080008d4                __aeabi_i2d
                0x00000000080008f8                __extendsfdf2
                0x00000000080008f8                __aeabi_f2d
                0x0000000008000934                __aeabi_ul2d
                0x0000000008000934                __floatundidf
                0x0000000008000944                __floatdidf
                0x0000000008000944                __aeabi_l2d
 .text          0x00000000080009a0      0x424 /usr/bin/../lib/gcc/arm-none-eabi/4.7.4/armv7e-m/fpu/libgcc.a(_arm_muldivdf3.o)
                0x00000000080009a0                __aeabi_dmul
                0x00000000080009a0                __muldf3
                0x0000000008000bf4                __aeabi_ddiv
                0x0000000008000bf4                __divdf3
 .text          0x0000000008000dc4      0x110 /usr/bin/../lib/gcc/arm-none-eabi/4.7.4/armv7e-m/fpu/libgcc.a(_arm_cmpdf2.o)
                0x0000000008000dc4                __gtdf2
                0x0000000008000dc4                __gedf2
                0x0000000008000dcc                __ltdf2
                0x0000000008000dcc                __ledf2
                0x0000000008000dd4                __cmpdf2
                0x0000000008000dd4                __eqdf2
                0x0000000008000dd4                __nedf2
                0x0000000008000e50                __aeabi_cdrcmple
                0x0000000008000e60                __aeabi_cdcmple
                0x0000000008000e60                __aeabi_cdcmpeq
                0x0000000008000e70                __aeabi_dcmpeq
                0x0000000008000e84                __aeabi_dcmplt
                0x0000000008000e98                __aeabi_dcmple
                0x0000000008000eac                __aeabi_dcmpge
                0x0000000008000ec0                __aeabi_dcmpgt
 .text          0x0000000008000ed4       0x50 /usr/bin/../lib/gcc/arm-none-eabi/4.7.4/armv7e-m/fpu/libgcc.a(_arm_fixdfsi.o)
                0x0000000008000ed4                __fixdfsi
                0x0000000008000ed4                __aeabi_d2iz
 .text          0x0000000008000f24       0x2c /usr/bin/../lib/gcc/arm-none-eabi/4.7.4/armv7e-m/fpu/libgcc.a(_aeabi_uldivmod.o)
                0x0000000008000f24                __aeabi_uldivmod
 .text          0x0000000008000f50       0x58 /usr/bin/../lib/gcc/arm-none-eabi/4.7.4/armv7e-m/fpu/libgcc.a(bpabi.o)
                0x0000000008000f50                __gnu_ldivmod_helper
                0x0000000008000f7c                __gnu_uldivmod_helper
 .text          0x0000000008000fa8        0x4 /usr/bin/../lib/gcc/arm-none-eabi/4.7.4/armv7e-m/fpu/libgcc.a(_dvmd_tls.o)
                0x0000000008000fa8                __aeabi_ldiv0
                0x0000000008000fa8                __aeabi_idiv0
 .text          0x0000000008000fac      0x2bc /usr/bin/../lib/gcc/arm-none-eabi/4.7.4/armv7e-m/fpu/libgcc.a(_divdi3.o)
                0x0000000008000fac                __divdi3
 .text          0x0000000008001268      0x288 /usr/bin/../lib/gcc/arm-none-eabi/4.7.4/armv7e-m/fpu/libgcc.a(_udivdi3.o)
                0x0000000008001268                __udivdi3
 .text          0x00000000080014f0        0x0 /usr/bin/../lib/gcc/arm-none-eabi/4.7.4/armv7e-m/fpu/crtend.o
 .text          0x00000000080014f0        0x0 /usr/bin/../lib/gcc/arm-none-eabi/4.7.4/armv7e-m/fpu/crtn.o
 *(.text*)
 .text.__register_exitproc
                0x00000000080014f0       0xac /usr/bin/../lib/gcc/arm-none-eabi/4.7.4/../../../../arm-none-eabi/lib/armv7e-m/fpu/libc.a(lib_a-__atexit.o)
                0x00000000080014f0                __register_exitproc
 .text.exit     0x000000000800159c       0x20 /usr/bin/../lib/gcc/arm-none-eabi/4.7.4/../../../../arm-none-eabi/lib/armv7e-m/fpu/libc.a(lib_a-exit.o)
                0x000000000800159c                exit
 .text.__libc_fini_array
                0x00000000080015bc       0x50 /usr/bin/../lib/gcc/arm-none-eabi/4.7.4/../../../../arm-none-eabi/lib/armv7e-m/fpu/libc.a(lib_a-fini.o)
                0x00000000080015bc                __libc_fini_array
 .text.__libc_init_array
                0x000000000800160c       0x94 /usr/bin/../lib/gcc/arm-none-eabi/4.7.4/../../../../arm-none-eabi/lib/armv7e-m/fpu/libc.a(lib_a-init.o)
                0x000000000800160c                __libc_init_array
 .text.memset   0x00000000080016a0      0x12c /usr/bin/../lib/gcc/arm-none-eabi/4.7.4/../../../../arm-none-eabi/lib/armv7e-m/fpu/libc.a(lib_a-memset.o)
                0x00000000080016a0                memset
 .text.startup.register_fini
                0x00000000080017cc       0x14 /usr/bin/../lib/gcc/arm-none-eabi/4.7.4/../../../../arm-none-eabi/lib/armv7e-m/fpu/libc.a(lib_a-__call_atexit.o)
 .text.__call_exitprocs
                0x00000000080017e0      0x288 /usr/bin/../lib/gcc/arm-none-eabi/4.7.4/../../../../arm-none-eabi/lib/armv7e-m/fpu/libc.a(lib_a-__call_atexit.o)
                0x00000000080017e0                __call_exitprocs
 .text.atexit   0x0000000008001a68        0xc /usr/bin/../lib/gcc/arm-none-eabi/4.7.4/../../../../arm-none-eabi/lib/armv7e-m/fpu/libc.a(lib_a-atexit.o)
                0x0000000008001a68                atexit
 .text.error    0x0000000008001a74       0x1c /usr/bin/../lib/gcc/arm-none-eabi/4.7.4/../../../../arm-none-eabi/lib/armv7e-m/fpu/librdimon.a(rdimon-syscalls.o)
 .text.findslot
                0x0000000008001a90       0x38 /usr/bin/../lib/gcc/arm-none-eabi/4.7.4/../../../../arm-none-eabi/lib/armv7e-m/fpu/librdimon.a(rdimon-syscalls.o)
 .text.checkerror
                0x0000000008001ac8        0xc /usr/bin/../lib/gcc/arm-none-eabi/4.7.4/../../../../arm-none-eabi/lib/armv7e-m/fpu/librdimon.a(rdimon-syscalls.o)
 .text.initialise_monitor_handles
                0x0000000008001ad4       0xa8 /usr/bin/../lib/gcc/arm-none-eabi/4.7.4/../../../../arm-none-eabi/lib/armv7e-m/fpu/librdimon.a(rdimon-syscalls.o)
                0x0000000008001ad4                initialise_monitor_handles
 .text._swiread
                0x0000000008001b7c       0x20 /usr/bin/../lib/gcc/arm-none-eabi/4.7.4/../../../../arm-none-eabi/lib/armv7e-m/fpu/librdimon.a(rdimon-syscalls.o)
                0x0000000008001b7c                _swiread
 .text._read    0x0000000008001b9c       0x34 /usr/bin/../lib/gcc/arm-none-eabi/4.7.4/../../../../arm-none-eabi/lib/armv7e-m/fpu/librdimon.a(rdimon-syscalls.o)
                0x0000000008001b9c                _read
 .text._swilseek
                0x0000000008001bd0       0x8c /usr/bin/../lib/gcc/arm-none-eabi/4.7.4/../../../../arm-none-eabi/lib/armv7e-m/fpu/librdimon.a(rdimon-syscalls.o)
                0x0000000008001bd0                _swilseek
 .text._lseek   0x0000000008001c5c        0x4 /usr/bin/../lib/gcc/arm-none-eabi/4.7.4/../../../../arm-none-eabi/lib/armv7e-m/fpu/librdimon.a(rdimon-syscalls.o)
                0x0000000008001c5c                _lseek
 .text._swiwrite
                0x0000000008001c60       0x20 /usr/bin/../lib/gcc/arm-none-eabi/4.7.4/../../../../arm-none-eabi/lib/armv7e-m/fpu/librdimon.a(rdimon-syscalls.o)
                0x0000000008001c60                _swiwrite
 .text._write   0x0000000008001c80       0x48 /usr/bin/../lib/gcc/arm-none-eabi/4.7.4/../../../../arm-none-eabi/lib/armv7e-m/fpu/librdimon.a(rdimon-syscalls.o)
                0x0000000008001c80                _write
 .text._swiclose
                0x0000000008001cc8       0x20 /usr/bin/../lib/gcc/arm-none-eabi/4.7.4/../../../../arm-none-eabi/lib/armv7e-m/fpu/librdimon.a(rdimon-syscalls.o)
                0x0000000008001cc8                _swiclose
 .text._close   0x0000000008001ce8       0x48 /usr/bin/../lib/gcc/arm-none-eabi/4.7.4/../../../../arm-none-eabi/lib/armv7e-m/fpu/librdimon.a(rdimon-syscalls.o)
                0x0000000008001ce8                _close
 .text._getpid  0x0000000008001d30        0x4 /usr/bin/../lib/gcc/arm-none-eabi/4.7.4/../../../../arm-none-eabi/lib/armv7e-m/fpu/librdimon.a(rdimon-syscalls.o)
                0x0000000008001d30                _getpid
 .text._sbrk    0x0000000008001d34       0x34 /usr/bin/../lib/gcc/arm-none-eabi/4.7.4/../../../../arm-none-eabi/lib/armv7e-m/fpu/librdimon.a(rdimon-syscalls.o)
                0x0000000008001d34                _sbrk
 .text._swistat
                0x0000000008001d68       0x44 /usr/bin/../lib/gcc/arm-none-eabi/4.7.4/../../../../arm-none-eabi/lib/armv7e-m/fpu/librdimon.a(rdimon-syscalls.o)
                0x0000000008001d68                _swistat
 .text._fstat   0x0000000008001dac       0x1c /usr/bin/../lib/gcc/arm-none-eabi/4.7.4/../../../../arm-none-eabi/lib/armv7e-m/fpu/librdimon.a(rdimon-syscalls.o)
                0x0000000008001dac                _fstat
 .text._stat    0x0000000008001dc8       0x3c /usr/bin/../lib/gcc/arm-none-eabi/4.7.4/../../../../arm-none-eabi/lib/armv7e-m/fpu/librdimon.a(rdimon-syscalls.o)
                0x0000000008001dc8                _stat
 .text._swiopen
                0x0000000008001e04       0xc4 /usr/bin/../lib/gcc/arm-none-eabi/4.7.4/../../../../arm-none-eabi/lib/armv7e-m/fpu/librdimon.a(rdimon-syscalls.o)
                0x0000000008001e04                _swiopen
 .text._open    0x0000000008001ec8       0x14 /usr/bin/../lib/gcc/arm-none-eabi/4.7.4/../../../../arm-none-eabi/lib/armv7e-m/fpu/librdimon.a(rdimon-syscalls.o)
                0x0000000008001ec8                _open
 .text._link    0x0000000008001edc       0x10 /usr/bin/../lib/gcc/arm-none-eabi/4.7.4/../../../../arm-none-eabi/lib/armv7e-m/fpu/librdimon.a(rdimon-syscalls.o)
                0x0000000008001edc                _link
 .text._unlink  0x0000000008001eec       0x2c /usr/bin/../lib/gcc/arm-none-eabi/4.7.4/../../../../arm-none-eabi/lib/armv7e-m/fpu/librdimon.a(rdimon-syscalls.o)
                0x0000000008001eec                _unlink
 .text._gettimeofday
                0x0000000008001f18       0x24 /usr/bin/../lib/gcc/arm-none-eabi/4.7.4/../../../../arm-none-eabi/lib/armv7e-m/fpu/librdimon.a(rdimon-syscalls.o)
                0x0000000008001f18                _gettimeofday
 .text._clock   0x0000000008001f3c       0x14 /usr/bin/../lib/gcc/arm-none-eabi/4.7.4/../../../../arm-none-eabi/lib/armv7e-m/fpu/librdimon.a(rdimon-syscalls.o)
                0x0000000008001f3c                _clock
 .text._times   0x0000000008001f50       0x20 /usr/bin/../lib/gcc/arm-none-eabi/4.7.4/../../../../arm-none-eabi/lib/armv7e-m/fpu/librdimon.a(rdimon-syscalls.o)
                0x0000000008001f50                _times
 .text._isatty  0x0000000008001f70       0x40 /usr/bin/../lib/gcc/arm-none-eabi/4.7.4/../../../../arm-none-eabi/lib/armv7e-m/fpu/librdimon.a(rdimon-syscalls.o)
                0x0000000008001f70                _isatty
 .text._system  0x0000000008001fb0       0x40 /usr/bin/../lib/gcc/arm-none-eabi/4.7.4/../../../../arm-none-eabi/lib/armv7e-m/fpu/librdimon.a(rdimon-syscalls.o)
                0x0000000008001fb0                _system
 .text._rename  0x0000000008001ff0       0x38 /usr/bin/../lib/gcc/arm-none-eabi/4.7.4/../../../../arm-none-eabi/lib/armv7e-m/fpu/librdimon.a(rdimon-syscalls.o)
                0x0000000008001ff0                _rename
 .text._exit    0x0000000008002028        0x8 /usr/bin/../lib/gcc/arm-none-eabi/4.7.4/../../../../arm-none-eabi/lib/armv7e-m/fpu/librdimon.a(rdimon-_exit.o)
                0x0000000008002028                _exit
 .text._kill    0x0000000008002030       0x30 /usr/bin/../lib/gcc/arm-none-eabi/4.7.4/../../../../arm-none-eabi/lib/armv7e-m/fpu/librdimon.a(rdimon-_kill.o)
                0x0000000008002030                _kill
 .text.Reset_Handler
                0x0000000008002060       0x5c obj/startup.o
                0x0000000008002060                Reset_Handler
 .text.Default_Handler
                0x00000000080020bc        0x4 obj/startup.o
                0x00000000080020bc                RTC_Alarm_IRQHandler
                0x00000000080020bc                HASH_RNG_IRQHandler
                0x00000000080020bc                EXTI2_IRQHandler
                0x00000000080020bc                TIM8_CC_IRQHandler
                0x00000000080020bc                TIM1_CC_IRQHandler
                0x00000000080020bc                DMA2_Stream5_IRQHandler
                0x00000000080020bc                DMA1_Stream5_IRQHandler
                0x00000000080020bc                PVD_IRQHandler
                0x00000000080020bc                SDIO_IRQHandler
                0x00000000080020bc                TAMP_STAMP_IRQHandler
                0x00000000080020bc                CAN2_RX1_IRQHandler
                0x00000000080020bc                EXTI3_IRQHandler
                0x00000000080020bc                TIM8_TRG_COM_TIM14_IRQHandler
                0x00000000080020bc                TIM1_UP_TIM10_IRQHandler
                0x00000000080020bc                TIM8_UP_TIM13_IRQHandler
                0x00000000080020bc                I2C3_ER_IRQHandler
                0x00000000080020bc                EXTI0_IRQHandler
                0x00000000080020bc                I2C2_EV_IRQHandler
                0x00000000080020bc                DMA1_Stream2_IRQHandler
                0x00000000080020bc                CAN1_RX0_IRQHandler
                0x00000000080020bc                FPU_IRQHandler
                0x00000000080020bc                OTG_HS_WKUP_IRQHandler
                0x00000000080020bc                CAN2_SCE_IRQHandler
                0x00000000080020bc                DMA2_Stream2_IRQHandler
                0x00000000080020bc                SPI1_IRQHandler
                0x00000000080020bc                TIM6_DAC_IRQHandler
                0x00000000080020bc                TIM1_BRK_TIM9_IRQHandler
                0x00000000080020bc                DCMI_IRQHandler
                0x00000000080020bc                CAN2_RX0_IRQHandler
                0x00000000080020bc                DMA2_Stream3_IRQHandler
                0x00000000080020bc                USART6_IRQHandler
                0x00000000080020bc                USART3_IRQHandler
                0x00000000080020bc                CRYP_IRQHandler
                0x00000000080020bc                CAN1_RX1_IRQHandler
                0x00000000080020bc                UART5_IRQHandler
                0x00000000080020bc                DMA2_Stream0_IRQHandler
                0x00000000080020bc                TIM4_IRQHandler
                0x00000000080020bc                I2C1_EV_IRQHandler
                0x00000000080020bc                DMA1_Stream6_IRQHandler
                0x00000000080020bc                DMA1_Stream1_IRQHandler
                0x00000000080020bc                UART4_IRQHandler
                0x00000000080020bc                TIM3_IRQHandler
                0x00000000080020bc                RCC_IRQHandler
                0x00000000080020bc                TIM8_BRK_TIM12_IRQHandler
                0x00000000080020bc                Default_Handler
                0x00000000080020bc                EXTI15_10_IRQHandler
                0x00000000080020bc                ADC_IRQHandler
                0x00000000080020bc                DMA1_Stream7_IRQHandler
                0x00000000080020bc                TIM7_IRQHandler
                0x00000000080020bc                CAN2_TX_IRQHandler
                0x00000000080020bc                TIM5_IRQHandler
                0x00000000080020bc                DMA2_Stream7_IRQHandler
                0x00000000080020bc                I2C3_EV_IRQHandler
                0x00000000080020bc                EXTI9_5_IRQHandler
                0x00000000080020bc                RTC_WKUP_IRQHandler
                0x00000000080020bc                ETH_WKUP_IRQHandler
                0x00000000080020bc                SPI2_IRQHandler
                0x00000000080020bc                OTG_HS_EP1_IN_IRQHandler
                0x00000000080020bc                DMA1_Stream0_IRQHandler
                0x00000000080020bc                CAN1_TX_IRQHandler
                0x00000000080020bc                EXTI4_IRQHandler
                0x00000000080020bc                FSMC_IRQHandler
                0x00000000080020bc                ETH_IRQHandler
                0x00000000080020bc                OTG_HS_EP1_OUT_IRQHandler
                0x00000000080020bc                WWDG_IRQHandler
                0x00000000080020bc                TIM2_IRQHandler
                0x00000000080020bc                OTG_FS_WKUP_IRQHandler
                0x00000000080020bc                TIM1_TRG_COM_TIM11_IRQHandler
                0x00000000080020bc                OTG_HS_IRQHandler
                0x00000000080020bc                EXTI1_IRQHandler
                0x00000000080020bc                USART2_IRQHandler
                0x00000000080020bc                I2C2_ER_IRQHandler
                0x00000000080020bc                DMA2_Stream1_IRQHandler
                0x00000000080020bc                CAN1_SCE_IRQHandler
                0x00000000080020bc                FLASH_IRQHandler
                0x00000000080020bc                DMA2_Stream4_IRQHandler
                0x00000000080020bc                USART1_IRQHandler
                0x00000000080020bc                OTG_FS_IRQHandler
                0x00000000080020bc                SPI3_IRQHandler
                0x00000000080020bc                DMA1_Stream4_IRQHandler
                0x00000000080020bc                I2C1_ER_IRQHandler
                0x00000000080020bc                DMA2_Stream6_IRQHandler
                0x00000000080020bc                DMA1_Stream3_IRQHandler
 .text.__errno  0x00000000080020c0        0xc /usr/bin/../lib/gcc/arm-none-eabi/4.7.4/../../../../arm-none-eabi/lib/armv7e-m/fpu/libg.a(lib_a-errno.o)
                0x00000000080020c0                __errno
 .text.__fp_lock
                0x00000000080020cc        0x4 /usr/bin/../lib/gcc/arm-none-eabi/4.7.4/../../../../arm-none-eabi/lib/armv7e-m/fpu/libg.a(lib_a-findfp.o)
 .text.__fp_unlock
                0x00000000080020d0        0x4 /usr/bin/../lib/gcc/arm-none-eabi/4.7.4/../../../../arm-none-eabi/lib/armv7e-m/fpu/libg.a(lib_a-findfp.o)
 .text._cleanup_r
                0x00000000080020d4        0xc /usr/bin/../lib/gcc/arm-none-eabi/4.7.4/../../../../arm-none-eabi/lib/armv7e-m/fpu/libg.a(lib_a-findfp.o)
                0x00000000080020d4                _cleanup_r
 .text.std.isra.0
                0x00000000080020e0       0x50 /usr/bin/../lib/gcc/arm-none-eabi/4.7.4/../../../../arm-none-eabi/lib/armv7e-m/fpu/libg.a(lib_a-findfp.o)
 .text.__sfmoreglue
                0x0000000008002130       0x2c /usr/bin/../lib/gcc/arm-none-eabi/4.7.4/../../../../arm-none-eabi/lib/armv7e-m/fpu/libg.a(lib_a-findfp.o)
                0x0000000008002130                __sfmoreglue
 .text._cleanup
                0x000000000800215c       0x10 /usr/bin/../lib/gcc/arm-none-eabi/4.7.4/../../../../arm-none-eabi/lib/armv7e-m/fpu/libg.a(lib_a-findfp.o)
                0x000000000800215c                _cleanup
 .text.__sinit  0x000000000800216c       0x4c /usr/bin/../lib/gcc/arm-none-eabi/4.7.4/../../../../arm-none-eabi/lib/armv7e-m/fpu/libg.a(lib_a-findfp.o)
                0x000000000800216c                __sinit
 .text.__sfp    0x00000000080021b8       0xa4 /usr/bin/../lib/gcc/arm-none-eabi/4.7.4/../../../../arm-none-eabi/lib/armv7e-m/fpu/libg.a(lib_a-findfp.o)
                0x00000000080021b8                __sfp
 .text.__sfp_lock_acquire
                0x000000000800225c        0x4 /usr/bin/../lib/gcc/arm-none-eabi/4.7.4/../../../../arm-none-eabi/lib/armv7e-m/fpu/libg.a(lib_a-findfp.o)
                0x000000000800225c                __sfp_lock_acquire
 .text.__sfp_lock_release
                0x0000000008002260        0x4 /usr/bin/../lib/gcc/arm-none-eabi/4.7.4/../../../../arm-none-eabi/lib/armv7e-m/fpu/libg.a(lib_a-findfp.o)
                0x0000000008002260                __sfp_lock_release
 .text.__sinit_lock_acquire
                0x0000000008002264        0x4 /usr/bin/../lib/gcc/arm-none-eabi/4.7.4/../../../../arm-none-eabi/lib/armv7e-m/fpu/libg.a(lib_a-findfp.o)
                0x0000000008002264                __sinit_lock_acquire
 .text.__sinit_lock_release
                0x0000000008002268        0x4 /usr/bin/../lib/gcc/arm-none-eabi/4.7.4/../../../../arm-none-eabi/lib/armv7e-m/fpu/libg.a(lib_a-findfp.o)
                0x0000000008002268                __sinit_lock_release
 .text.__fp_lock_all
                0x000000000800226c       0x18 /usr/bin/../lib/gcc/arm-none-eabi/4.7.4/../../../../arm-none-eabi/lib/armv7e-m/fpu/libg.a(lib_a-findfp.o)
                0x000000000800226c                __fp_lock_all
 .text.__fp_unlock_all
                0x0000000008002284       0x18 /usr/bin/../lib/gcc/arm-none-eabi/4.7.4/../../../../arm-none-eabi/lib/armv7e-m/fpu/libg.a(lib_a-findfp.o)
                0x0000000008002284                __fp_unlock_all
 .text._fwalk   0x000000000800229c       0xb8 /usr/bin/../lib/gcc/arm-none-eabi/4.7.4/../../../../arm-none-eabi/lib/armv7e-m/fpu/libg.a(lib_a-fwalk.o)
                0x000000000800229c                _fwalk
 .text._fwalk_reent
                0x0000000008002354       0xc0 /usr/bin/../lib/gcc/arm-none-eabi/4.7.4/../../../../arm-none-eabi/lib/armv7e-m/fpu/libg.a(lib_a-fwalk.o)
                0x0000000008002354                _fwalk_reent
 .text._malloc_r
                0x0000000008002414      0x55c /usr/bin/../lib/gcc/arm-none-eabi/4.7.4/../../../../arm-none-eabi/lib/armv7e-m/fpu/libg.a(lib_a-mallocr.o)
                0x0000000008002414                _malloc_r
 .text.__malloc_lock
                0x0000000008002970        0x4 /usr/bin/../lib/gcc/arm-none-eabi/4.7.4/../../../../arm-none-eabi/lib/armv7e-m/fpu/libg.a(lib_a-mlock.o)
                0x0000000008002970                __malloc_lock
 .text.__malloc_unlock
                0x0000000008002974        0x4 /usr/bin/../lib/gcc/arm-none-eabi/4.7.4/../../../../arm-none-eabi/lib/armv7e-m/fpu/libg.a(lib_a-mlock.o)
                0x0000000008002974                __malloc_unlock
 .text._printf_r
                0x0000000008002978       0x20 /usr/bin/../lib/gcc/arm-none-eabi/4.7.4/../../../../arm-none-eabi/lib/armv7e-m/fpu/libg.a(lib_a-printf.o)
                0x0000000008002978                _printf_r
 .text.printf   0x0000000008002998       0x28 /usr/bin/../lib/gcc/arm-none-eabi/4.7.4/../../../../arm-none-eabi/lib/armv7e-m/fpu/libg.a(lib_a-printf.o)
                0x0000000008002998                printf
 .text._sbrk_r  0x00000000080029c0       0x24 /usr/bin/../lib/gcc/arm-none-eabi/4.7.4/../../../../arm-none-eabi/lib/armv7e-m/fpu/libg.a(lib_a-sbrkr.o)
                0x00000000080029c0                _sbrk_r
 .text.__sread  0x00000000080029e4       0x24 /usr/bin/../lib/gcc/arm-none-eabi/4.7.4/../../../../arm-none-eabi/lib/armv7e-m/fpu/libg.a(lib_a-stdio.o)
                0x00000000080029e4                __sread
 .text.__seofread
                0x0000000008002a08        0x4 /usr/bin/../lib/gcc/arm-none-eabi/4.7.4/../../../../arm-none-eabi/lib/armv7e-m/fpu/libg.a(lib_a-stdio.o)
                0x0000000008002a08                __seofread
 .text.__swrite
                0x0000000008002a0c       0x44 /usr/bin/../lib/gcc/arm-none-eabi/4.7.4/../../../../arm-none-eabi/lib/armv7e-m/fpu/libg.a(lib_a-stdio.o)
                0x0000000008002a0c                __swrite
 .text.__sseek  0x0000000008002a50       0x24 /usr/bin/../lib/gcc/arm-none-eabi/4.7.4/../../../../arm-none-eabi/lib/armv7e-m/fpu/libg.a(lib_a-stdio.o)
                0x0000000008002a50                __sseek
 .text.__sclose
                0x0000000008002a74        0x8 /usr/bin/../lib/gcc/arm-none-eabi/4.7.4/../../../../arm-none-eabi/lib/armv7e-m/fpu/libg.a(lib_a-stdio.o)
                0x0000000008002a74                __sclose
 .text.strlen   0x0000000008002a7c       0x60 /usr/bin/../lib/gcc/arm-none-eabi/4.7.4/../../../../arm-none-eabi/lib/armv7e-m/fpu/libg.a(lib_a-strlen.o)
                0x0000000008002a7c                strlen
 .text._vfprintf_r
                0x0000000008002adc     0x1cd4 /usr/bin/../lib/gcc/arm-none-eabi/4.7.4/../../../../arm-none-eabi/lib/armv7e-m/fpu/libg.a(lib_a-vfprintf.o)
                0x0000000008002adc                _vfprintf_r
 .text.__sbprintf
                0x00000000080047b0       0x78 /usr/bin/../lib/gcc/arm-none-eabi/4.7.4/../../../../arm-none-eabi/lib/armv7e-m/fpu/libg.a(lib_a-vfprintf.o)
 .text.vfprintf
                0x0000000008004828       0x1c /usr/bin/../lib/gcc/arm-none-eabi/4.7.4/../../../../arm-none-eabi/lib/armv7e-m/fpu/libg.a(lib_a-vfprintf.o)
                0x0000000008004828                vfprintf
 .text._write_r
                0x0000000008004844       0x28 /usr/bin/../lib/gcc/arm-none-eabi/4.7.4/../../../../arm-none-eabi/lib/armv7e-m/fpu/libg.a(lib_a-writer.o)
                0x0000000008004844                _write_r
 .text.__swsetup_r
                0x000000000800486c       0xc4 /usr/bin/../lib/gcc/arm-none-eabi/4.7.4/../../../../arm-none-eabi/lib/armv7e-m/fpu/libg.a(lib_a-wsetup.o)
                0x000000000800486c                __swsetup_r
 .text._close_r
                0x0000000008004930       0x24 /usr/bin/../lib/gcc/arm-none-eabi/4.7.4/../../../../arm-none-eabi/lib/armv7e-m/fpu/libg.a(lib_a-closer.o)
                0x0000000008004930                _close_r
 .text.quorem   0x0000000008004954      0x2ec /usr/bin/../lib/gcc/arm-none-eabi/4.7.4/../../../../arm-none-eabi/lib/armv7e-m/fpu/libg.a(lib_a-dtoa.o)
 .text._dtoa_r  0x0000000008004c40     0x1260 /usr/bin/../lib/gcc/arm-none-eabi/4.7.4/../../../../arm-none-eabi/lib/armv7e-m/fpu/libg.a(lib_a-dtoa.o)
                0x0000000008004c40                _dtoa_r
 .text._fclose_r
                0x0000000008005ea0       0x94 /usr/bin/../lib/gcc/arm-none-eabi/4.7.4/../../../../arm-none-eabi/lib/armv7e-m/fpu/libg.a(lib_a-fclose.o)
                0x0000000008005ea0                _fclose_r
 .text.fclose   0x0000000008005f34       0x10 /usr/bin/../lib/gcc/arm-none-eabi/4.7.4/../../../../arm-none-eabi/lib/armv7e-m/fpu/libg.a(lib_a-fclose.o)
                0x0000000008005f34                fclose
 .text._fflush_r
                0x0000000008005f44      0x168 /usr/bin/../lib/gcc/arm-none-eabi/4.7.4/../../../../arm-none-eabi/lib/armv7e-m/fpu/libg.a(lib_a-fflush.o)
                0x0000000008005f44                _fflush_r
 .text.fflush   0x00000000080060ac       0x24 /usr/bin/../lib/gcc/arm-none-eabi/4.7.4/../../../../arm-none-eabi/lib/armv7e-m/fpu/libg.a(lib_a-fflush.o)
                0x00000000080060ac                fflush
 .text._malloc_trim_r
                0x00000000080060d0       0x98 /usr/bin/../lib/gcc/arm-none-eabi/4.7.4/../../../../arm-none-eabi/lib/armv7e-m/fpu/libg.a(lib_a-freer.o)
                0x00000000080060d0                _malloc_trim_r
 .text._free_r  0x0000000008006168      0x194 /usr/bin/../lib/gcc/arm-none-eabi/4.7.4/../../../../arm-none-eabi/lib/armv7e-m/fpu/libg.a(lib_a-freer.o)
                0x0000000008006168                _free_r
 .text._setlocale_r
                0x00000000080062fc       0x40 /usr/bin/../lib/gcc/arm-none-eabi/4.7.4/../../../../arm-none-eabi/lib/armv7e-m/fpu/libg.a(lib_a-locale.o)
                0x00000000080062fc                _setlocale_r
 .text.__locale_charset
                0x000000000800633c        0xc /usr/bin/../lib/gcc/arm-none-eabi/4.7.4/../../../../arm-none-eabi/lib/armv7e-m/fpu/libg.a(lib_a-locale.o)
                0x000000000800633c                __locale_charset
 .text.__locale_mb_cur_max
                0x0000000008006348        0xc /usr/bin/../lib/gcc/arm-none-eabi/4.7.4/../../../../arm-none-eabi/lib/armv7e-m/fpu/libg.a(lib_a-locale.o)
                0x0000000008006348                __locale_mb_cur_max
 .text.__locale_msgcharset
                0x0000000008006354        0xc /usr/bin/../lib/gcc/arm-none-eabi/4.7.4/../../../../arm-none-eabi/lib/armv7e-m/fpu/libg.a(lib_a-locale.o)
                0x0000000008006354                __locale_msgcharset
 .text.__locale_cjk_lang
                0x0000000008006360        0x4 /usr/bin/../lib/gcc/arm-none-eabi/4.7.4/../../../../arm-none-eabi/lib/armv7e-m/fpu/libg.a(lib_a-locale.o)
                0x0000000008006360                __locale_cjk_lang
 .text._localeconv_r
                0x0000000008006364        0xc /usr/bin/../lib/gcc/arm-none-eabi/4.7.4/../../../../arm-none-eabi/lib/armv7e-m/fpu/libg.a(lib_a-locale.o)
                0x0000000008006364                _localeconv_r
 .text.setlocale
                0x0000000008006370       0x18 /usr/bin/../lib/gcc/arm-none-eabi/4.7.4/../../../../arm-none-eabi/lib/armv7e-m/fpu/libg.a(lib_a-locale.o)
                0x0000000008006370                setlocale
 .text.localeconv
                0x0000000008006388        0xc /usr/bin/../lib/gcc/arm-none-eabi/4.7.4/../../../../arm-none-eabi/lib/armv7e-m/fpu/libg.a(lib_a-locale.o)
                0x0000000008006388                localeconv
 .text._lseek_r
                0x0000000008006394       0x28 /usr/bin/../lib/gcc/arm-none-eabi/4.7.4/../../../../arm-none-eabi/lib/armv7e-m/fpu/libg.a(lib_a-lseekr.o)
                0x0000000008006394                _lseek_r
 .text.__smakebuf_r
                0x00000000080063bc       0xe8 /usr/bin/../lib/gcc/arm-none-eabi/4.7.4/../../../../arm-none-eabi/lib/armv7e-m/fpu/libg.a(lib_a-makebuf.o)
                0x00000000080063bc                __smakebuf_r
 .text.memchr   0x00000000080064a4      0x140 /usr/bin/../lib/gcc/arm-none-eabi/4.7.4/../../../../arm-none-eabi/lib/armv7e-m/fpu/libg.a(lib_a-memchr.o)
                0x00000000080064a4                memchr
 .text.memcpy   0x00000000080065e4      0x144 /usr/bin/../lib/gcc/arm-none-eabi/4.7.4/../../../../arm-none-eabi/lib/armv7e-m/fpu/libg.a(lib_a-memcpy.o)
                0x00000000080065e4                memcpy
 .text._Balloc  0x0000000008006728       0x4c /usr/bin/../lib/gcc/arm-none-eabi/4.7.4/../../../../arm-none-eabi/lib/armv7e-m/fpu/libg.a(lib_a-mprec.o)
                0x0000000008006728                _Balloc
 .text._Bfree   0x0000000008006774       0x14 /usr/bin/../lib/gcc/arm-none-eabi/4.7.4/../../../../arm-none-eabi/lib/armv7e-m/fpu/libg.a(lib_a-mprec.o)
                0x0000000008006774                _Bfree
 .text.__multadd
                0x0000000008006788       0xf8 /usr/bin/../lib/gcc/arm-none-eabi/4.7.4/../../../../arm-none-eabi/lib/armv7e-m/fpu/libg.a(lib_a-mprec.o)
                0x0000000008006788                __multadd
 .text.__s2b    0x0000000008006880      0x140 /usr/bin/../lib/gcc/arm-none-eabi/4.7.4/../../../../arm-none-eabi/lib/armv7e-m/fpu/libg.a(lib_a-mprec.o)
                0x0000000008006880                __s2b
 .text.__hi0bits
                0x00000000080069c0       0x3c /usr/bin/../lib/gcc/arm-none-eabi/4.7.4/../../../../arm-none-eabi/lib/armv7e-m/fpu/libg.a(lib_a-mprec.o)
                0x00000000080069c0                __hi0bits
 .text.__lo0bits
                0x00000000080069fc       0x5c /usr/bin/../lib/gcc/arm-none-eabi/4.7.4/../../../../arm-none-eabi/lib/armv7e-m/fpu/libg.a(lib_a-mprec.o)
                0x00000000080069fc                __lo0bits
 .text.__i2b    0x0000000008006a58       0x14 /usr/bin/../lib/gcc/arm-none-eabi/4.7.4/../../../../arm-none-eabi/lib/armv7e-m/fpu/libg.a(lib_a-mprec.o)
                0x0000000008006a58                __i2b
 .text.__multiply
                0x0000000008006a6c      0x2d0 /usr/bin/../lib/gcc/arm-none-eabi/4.7.4/../../../../arm-none-eabi/lib/armv7e-m/fpu/libg.a(lib_a-mprec.o)
                0x0000000008006a6c                __multiply
 .text.__pow5mult
                0x0000000008006d3c       0x94 /usr/bin/../lib/gcc/arm-none-eabi/4.7.4/../../../../arm-none-eabi/lib/armv7e-m/fpu/libg.a(lib_a-mprec.o)
                0x0000000008006d3c                __pow5mult
 .text.__lshift
                0x0000000008006dd0      0x188 /usr/bin/../lib/gcc/arm-none-eabi/4.7.4/../../../../arm-none-eabi/lib/armv7e-m/fpu/libg.a(lib_a-mprec.o)
                0x0000000008006dd0                __lshift
 .text.__mcmp   0x0000000008006f58       0x5c /usr/bin/../lib/gcc/arm-none-eabi/4.7.4/../../../../arm-none-eabi/lib/armv7e-m/fpu/libg.a(lib_a-mprec.o)
                0x0000000008006f58                __mcmp
 .text.__mdiff  0x0000000008006fb4      0x20c /usr/bin/../lib/gcc/arm-none-eabi/4.7.4/../../../../arm-none-eabi/lib/armv7e-m/fpu/libg.a(lib_a-mprec.o)
                0x0000000008006fb4                __mdiff
 .text.__ulp    0x00000000080071c0       0x54 /usr/bin/../lib/gcc/arm-none-eabi/4.7.4/../../../../arm-none-eabi/lib/armv7e-m/fpu/libg.a(lib_a-mprec.o)
                0x00000000080071c0                __ulp
 .text.__b2d    0x0000000008007214       0xc4 /usr/bin/../lib/gcc/arm-none-eabi/4.7.4/../../../../arm-none-eabi/lib/armv7e-m/fpu/libg.a(lib_a-mprec.o)
                0x0000000008007214                __b2d
 .text.__d2b    0x00000000080072d8       0xb4 /usr/bin/../lib/gcc/arm-none-eabi/4.7.4/../../../../arm-none-eabi/lib/armv7e-m/fpu/libg.a(lib_a-mprec.o)
                0x00000000080072d8                __d2b
 .text.__ratio  0x000000000800738c       0x5c /usr/bin/../lib/gcc/arm-none-eabi/4.7.4/../../../../arm-none-eabi/lib/armv7e-m/fpu/libg.a(lib_a-mprec.o)
                0x000000000800738c                __ratio
 .text._mprec_log10
                0x00000000080073e8       0x6c /usr/bin/../lib/gcc/arm-none-eabi/4.7.4/../../../../arm-none-eabi/lib/armv7e-m/fpu/libg.a(lib_a-mprec.o)
                0x00000000080073e8                _mprec_log10
 .text.__copybits
                0x0000000008007454       0xa4 /usr/bin/../lib/gcc/arm-none-eabi/4.7.4/../../../../arm-none-eabi/lib/armv7e-m/fpu/libg.a(lib_a-mprec.o)
                0x0000000008007454                __copybits
 .text.__any_on
                0x00000000080074f8       0x74 /usr/bin/../lib/gcc/arm-none-eabi/4.7.4/../../../../arm-none-eabi/lib/armv7e-m/fpu/libg.a(lib_a-mprec.o)
                0x00000000080074f8                __any_on
 .text._read_r  0x000000000800756c       0x28 /usr/bin/../lib/gcc/arm-none-eabi/4.7.4/../../../../arm-none-eabi/lib/armv7e-m/fpu/libg.a(lib_a-readr.o)
                0x000000000800756c                _read_r
 .text.cleanup_glue
                0x0000000008007594       0x1c /usr/bin/../lib/gcc/arm-none-eabi/4.7.4/../../../../arm-none-eabi/lib/armv7e-m/fpu/libg.a(lib_a-reent.o)
                0x0000000008007594                cleanup_glue
 .text._reclaim_reent
                0x00000000080075b0       0x8c /usr/bin/../lib/gcc/arm-none-eabi/4.7.4/../../../../arm-none-eabi/lib/armv7e-m/fpu/libg.a(lib_a-reent.o)
                0x00000000080075b0                _reclaim_reent
 .text._wrapup_reent
                0x000000000800763c       0x74 /usr/bin/../lib/gcc/arm-none-eabi/4.7.4/../../../../arm-none-eabi/lib/armv7e-m/fpu/libg.a(lib_a-reent.o)
                0x000000000800763c                _wrapup_reent
 .text.__fpclassifyd
                0x00000000080076b0       0x70 /usr/bin/../lib/gcc/arm-none-eabi/4.7.4/../../../../arm-none-eabi/lib/armv7e-m/fpu/libg.a(lib_a-s_fpclassify.o)
                0x00000000080076b0                __fpclassifyd
 .text.strcmp   0x0000000008007720       0x80 /usr/bin/../lib/gcc/arm-none-eabi/4.7.4/../../../../arm-none-eabi/lib/armv7e-m/fpu/libg.a(lib_a-strcmp.o)
                0x0000000008007720                strcmp
 .text.strcmp_unaligned
                0x00000000080077a0      0x15c /usr/bin/../lib/gcc/arm-none-eabi/4.7.4/../../../../arm-none-eabi/lib/armv7e-m/fpu/libg.a(lib_a-strcmp.o)
 .text.__sprint_r
                0x00000000080078fc       0xc0 /usr/bin/../lib/gcc/arm-none-eabi/4.7.4/../../../../arm-none-eabi/lib/armv7e-m/fpu/libg.a(lib_a-vfiprintf.o)
                0x00000000080078fc                __sprint_r
 .text._vfiprintf_r
                0x00000000080079bc      0xf20 /usr/bin/../lib/gcc/arm-none-eabi/4.7.4/../../../../arm-none-eabi/lib/armv7e-m/fpu/libg.a(lib_a-vfiprintf.o)
                0x00000000080079bc                _vfiprintf_r
 .text.__sbprintf
                0x00000000080088dc       0x78 /usr/bin/../lib/gcc/arm-none-eabi/4.7.4/../../../../arm-none-eabi/lib/armv7e-m/fpu/libg.a(lib_a-vfiprintf.o)
 .text.vfiprintf
                0x0000000008008954       0x1c /usr/bin/../lib/gcc/arm-none-eabi/4.7.4/../../../../arm-none-eabi/lib/armv7e-m/fpu/libg.a(lib_a-vfiprintf.o)
                0x0000000008008954                vfiprintf
 .text._calloc_r
                0x0000000008008970       0x60 /usr/bin/../lib/gcc/arm-none-eabi/4.7.4/../../../../arm-none-eabi/lib/armv7e-m/fpu/libg.a(lib_a-callocr.o)
                0x0000000008008970                _calloc_r
 .text._fputwc_r
                0x00000000080089d0      0x1b0 /usr/bin/../lib/gcc/arm-none-eabi/4.7.4/../../../../arm-none-eabi/lib/armv7e-m/fpu/libg.a(lib_a-fputwc.o)
                0x00000000080089d0                _fputwc_r
 .text.fputwc   0x0000000008008b80       0x2c /usr/bin/../lib/gcc/arm-none-eabi/4.7.4/../../../../arm-none-eabi/lib/armv7e-m/fpu/libg.a(lib_a-fputwc.o)
                0x0000000008008b80                fputwc
 .text._fstat_r
                0x0000000008008bac       0x28 /usr/bin/../lib/gcc/arm-none-eabi/4.7.4/../../../../arm-none-eabi/lib/armv7e-m/fpu/libg.a(lib_a-fstatr.o)
                0x0000000008008bac                _fstat_r
 .text.__sfvwrite_r
                0x0000000008008bd4      0x314 /usr/bin/../lib/gcc/arm-none-eabi/4.7.4/../../../../arm-none-eabi/lib/armv7e-m/fpu/libg.a(lib_a-fvwrite.o)
                0x0000000008008bd4                __sfvwrite_r
 .text._isatty_r
                0x0000000008008ee8       0x24 /usr/bin/../lib/gcc/arm-none-eabi/4.7.4/../../../../arm-none-eabi/lib/armv7e-m/fpu/libg.a(lib_a-isattyr.o)
                0x0000000008008ee8                _isatty_r
 .text.memmove  0x0000000008008f0c      0x198 /usr/bin/../lib/gcc/arm-none-eabi/4.7.4/../../../../arm-none-eabi/lib/armv7e-m/fpu/libg.a(lib_a-memmove.o)
                0x0000000008008f0c                memmove
 .text._realloc_r
                0x00000000080090a4      0x3dc /usr/bin/../lib/gcc/arm-none-eabi/4.7.4/../../../../arm-none-eabi/lib/armv7e-m/fpu/libg.a(lib_a-reallocr.o)
                0x00000000080090a4                _realloc_r
 .text.__swbuf_r
                0x0000000008009480       0xbc /usr/bin/../lib/gcc/arm-none-eabi/4.7.4/../../../../arm-none-eabi/lib/armv7e-m/fpu/libg.a(lib_a-wbuf.o)
                0x0000000008009480                __swbuf_r
 .text.__swbuf  0x000000000800953c       0x18 /usr/bin/../lib/gcc/arm-none-eabi/4.7.4/../../../../arm-none-eabi/lib/armv7e-m/fpu/libg.a(lib_a-wbuf.o)
                0x000000000800953c                __swbuf
 .text._wcrtomb_r
                0x0000000008009554       0x50 /usr/bin/../lib/gcc/arm-none-eabi/4.7.4/../../../../arm-none-eabi/lib/armv7e-m/fpu/libg.a(lib_a-wcrtomb.o)
                0x0000000008009554                _wcrtomb_r
 .text.wcrtomb  0x00000000080095a4       0x60 /usr/bin/../lib/gcc/arm-none-eabi/4.7.4/../../../../arm-none-eabi/lib/armv7e-m/fpu/libg.a(lib_a-wcrtomb.o)
                0x00000000080095a4                wcrtomb
 .text.__ascii_wctomb
                0x0000000008009604       0x1c /usr/bin/../lib/gcc/arm-none-eabi/4.7.4/../../../../arm-none-eabi/lib/armv7e-m/fpu/libg.a(lib_a-wctomb_r.o)
                0x0000000008009604                __ascii_wctomb
 .text._wctomb_r
                0x0000000008009620       0x30 /usr/bin/../lib/gcc/arm-none-eabi/4.7.4/../../../../arm-none-eabi/lib/armv7e-m/fpu/libg.a(lib_a-wctomb_r.o)
                0x0000000008009620                _wctomb_r
 *(.rodata)
 .rodata        0x0000000008009650       0x30 obj/main.o
 *(.rodata*)
 .rodata.str1.4
                0x0000000008009680        0x2 /usr/bin/../lib/gcc/arm-none-eabi/4.7.4/../../../../arm-none-eabi/lib/armv7e-m/fpu/libc.a(lib_a-impure.o)
                                          0x4 (size before relaxing)
 *fill*         0x0000000008009682        0x2 00
 .rodata._global_impure_ptr
                0x0000000008009684        0x4 /usr/bin/../lib/gcc/arm-none-eabi/4.7.4/../../../../arm-none-eabi/lib/armv7e-m/fpu/libc.a(lib_a-impure.o)
                0x0000000008009684                _global_impure_ptr
 .rodata.str1.4
                0x0000000008009688        0x4 /usr/bin/../lib/gcc/arm-none-eabi/4.7.4/../../../../arm-none-eabi/lib/armv7e-m/fpu/librdimon.a(rdimon-syscalls.o)
 .rodata.blanks.6735
                0x000000000800968c       0x10 /usr/bin/../lib/gcc/arm-none-eabi/4.7.4/../../../../arm-none-eabi/lib/armv7e-m/fpu/libg.a(lib_a-vfprintf.o)
 .rodata.str1.4
                0x000000000800969c       0x42 /usr/bin/../lib/gcc/arm-none-eabi/4.7.4/../../../../arm-none-eabi/lib/armv7e-m/fpu/libg.a(lib_a-vfprintf.o)
                                         0x44 (size before relaxing)
 *fill*         0x00000000080096de        0x2 00
 .rodata.zeroes.6736
                0x00000000080096e0       0x10 /usr/bin/../lib/gcc/arm-none-eabi/4.7.4/../../../../arm-none-eabi/lib/armv7e-m/fpu/libg.a(lib_a-vfprintf.o)
 .rodata.str1.4
                0x00000000080096f0       0x10 /usr/bin/../lib/gcc/arm-none-eabi/4.7.4/../../../../arm-none-eabi/lib/armv7e-m/fpu/libg.a(lib_a-dtoa.o)
                                         0x14 (size before relaxing)
 .rodata.str1.4
                0x0000000008009700        0xc /usr/bin/../lib/gcc/arm-none-eabi/4.7.4/../../../../arm-none-eabi/lib/armv7e-m/fpu/libg.a(lib_a-locale.o)
                                         0x14 (size before relaxing)
 .rodata.p05.5242
                0x000000000800970c        0xc /usr/bin/../lib/gcc/arm-none-eabi/4.7.4/../../../../arm-none-eabi/lib/armv7e-m/fpu/libg.a(lib_a-mprec.o)
 .rodata.__mprec_tens
                0x0000000008009718       0xc8 /usr/bin/../lib/gcc/arm-none-eabi/4.7.4/../../../../arm-none-eabi/lib/armv7e-m/fpu/libg.a(lib_a-mprec.o)
                0x0000000008009718                __mprec_tens
 .rodata.__mprec_bigtens
                0x00000000080097e0       0x28 /usr/bin/../lib/gcc/arm-none-eabi/4.7.4/../../../../arm-none-eabi/lib/armv7e-m/fpu/libg.a(lib_a-mprec.o)
                0x00000000080097e0                __mprec_bigtens
 .rodata.__mprec_tinytens
                0x0000000008009808       0x28 /usr/bin/../lib/gcc/arm-none-eabi/4.7.4/../../../../arm-none-eabi/lib/armv7e-m/fpu/libg.a(lib_a-mprec.o)
                0x0000000008009808                __mprec_tinytens
 .rodata.blanks.6678
                0x0000000008009830       0x10 /usr/bin/../lib/gcc/arm-none-eabi/4.7.4/../../../../arm-none-eabi/lib/armv7e-m/fpu/libg.a(lib_a-vfiprintf.o)
 .rodata.str1.4
                0x0000000000000000       0x30 /usr/bin/../lib/gcc/arm-none-eabi/4.7.4/../../../../arm-none-eabi/lib/armv7e-m/fpu/libg.a(lib_a-vfiprintf.o)
 .rodata.zeroes.6679
                0x0000000008009840       0x10 /usr/bin/../lib/gcc/arm-none-eabi/4.7.4/../../../../arm-none-eabi/lib/armv7e-m/fpu/libg.a(lib_a-vfiprintf.o)
                0x0000000008009874                _sidata = LOADADDR (.data)

.glue_7         0x0000000008009850        0x0
 .glue_7        0x0000000000000000        0x0 linker stubs

.glue_7t        0x0000000008009850        0x0
 .glue_7t       0x0000000000000000        0x0 linker stubs

.vfp11_veneer   0x0000000008009850        0x0
 .vfp11_veneer  0x0000000000000000        0x0 linker stubs

.v4_bx          0x0000000008009850        0x0
 .v4_bx         0x0000000000000000        0x0 linker stubs

.init           0x0000000008009850        0xc
 .init          0x0000000008009850        0x4 /usr/bin/../lib/gcc/arm-none-eabi/4.7.4/armv7e-m/fpu/crti.o
                0x0000000008009850                _init
 .init          0x0000000008009854        0x8 /usr/bin/../lib/gcc/arm-none-eabi/4.7.4/armv7e-m/fpu/crtn.o

.fini           0x000000000800985c        0xc
 .fini          0x000000000800985c        0x4 /usr/bin/../lib/gcc/arm-none-eabi/4.7.4/armv7e-m/fpu/crti.o
                0x000000000800985c                _fini
 .fini          0x0000000008009860        0x8 /usr/bin/../lib/gcc/arm-none-eabi/4.7.4/armv7e-m/fpu/crtn.o

.iplt           0x0000000008009868        0x0
 .iplt          0x0000000000000000        0x0 /usr/bin/../lib/gcc/arm-none-eabi/4.7.4/armv7e-m/fpu/crtbegin.o

.eh_frame       0x0000000008009868        0x4
 .eh_frame      0x0000000008009868        0x0 /usr/bin/../lib/gcc/arm-none-eabi/4.7.4/armv7e-m/fpu/crtbegin.o
 .eh_frame      0x0000000008009868        0x4 /usr/bin/../lib/gcc/arm-none-eabi/4.7.4/armv7e-m/fpu/crtend.o

.ARM.extab      0x000000000800986c        0x0
 .ARM.extab     0x000000000800986c        0x0 /usr/bin/../lib/gcc/arm-none-eabi/4.7.4/../../../../arm-none-eabi/lib/armv7e-m/fpu/rdimon-crt0.o
 .ARM.extab     0x000000000800986c        0x0 /usr/bin/../lib/gcc/arm-none-eabi/4.7.4/armv7e-m/fpu/libgcc.a(_divdi3.o)
 .ARM.extab     0x000000000800986c        0x0 /usr/bin/../lib/gcc/arm-none-eabi/4.7.4/armv7e-m/fpu/libgcc.a(_udivdi3.o)

.ARM.exidx      0x000000000800986c        0x8
 .ARM.exidx     0x000000000800986c        0x8 /usr/bin/../lib/gcc/arm-none-eabi/4.7.4/../../../../arm-none-eabi/lib/armv7e-m/fpu/rdimon-crt0.o
 .ARM.exidx     0x0000000008009874        0x0 /usr/bin/../lib/gcc/arm-none-eabi/4.7.4/armv7e-m/fpu/libgcc.a(_divdi3.o)
                                          0x8 (size before relaxing)
 .ARM.exidx     0x0000000008009874        0x0 /usr/bin/../lib/gcc/arm-none-eabi/4.7.4/armv7e-m/fpu/libgcc.a(_udivdi3.o)
                                          0x8 (size before relaxing)

.rel.dyn        0x0000000008009874        0x0
 .rel.iplt      0x0000000000000000        0x0 /usr/bin/../lib/gcc/arm-none-eabi/4.7.4/armv7e-m/fpu/crtbegin.o

.data           0x0000000020000000      0x9e4 load address 0x0000000008009874
                0x0000000020000000                . = ALIGN (0x4)
                0x0000000020000000                _sdata = .
 *(.data)
 .data          0x0000000020000000        0x0 /usr/bin/../lib/gcc/arm-none-eabi/4.7.4/armv7e-m/fpu/crti.o
 .data          0x0000000020000000        0x4 /usr/bin/../lib/gcc/arm-none-eabi/4.7.4/armv7e-m/fpu/crtbegin.o
                0x0000000020000000                __dso_handle
 .data          0x0000000020000004      0x110 /usr/bin/../lib/gcc/arm-none-eabi/4.7.4/../../../../arm-none-eabi/lib/armv7e-m/fpu/rdimon-crt0.o
                0x000000002000000c                __stack_base__
 .data          0x0000000020000114        0x0 /usr/bin/../lib/gcc/arm-none-eabi/4.7.4/../../../../arm-none-eabi/lib/armv7e-m/fpu/libc.a(lib_a-__atexit.o)
 .data          0x0000000020000114        0x0 /usr/bin/../lib/gcc/arm-none-eabi/4.7.4/../../../../arm-none-eabi/lib/armv7e-m/fpu/libc.a(lib_a-exit.o)
 .data          0x0000000020000114        0x0 /usr/bin/../lib/gcc/arm-none-eabi/4.7.4/../../../../arm-none-eabi/lib/armv7e-m/fpu/libc.a(lib_a-fini.o)
 .data          0x0000000020000114        0x0 /usr/bin/../lib/gcc/arm-none-eabi/4.7.4/../../../../arm-none-eabi/lib/armv7e-m/fpu/libc.a(lib_a-impure.o)
 .data          0x0000000020000114        0x0 /usr/bin/../lib/gcc/arm-none-eabi/4.7.4/../../../../arm-none-eabi/lib/armv7e-m/fpu/libc.a(lib_a-init.o)
 .data          0x0000000020000114        0x0 /usr/bin/../lib/gcc/arm-none-eabi/4.7.4/../../../../arm-none-eabi/lib/armv7e-m/fpu/libc.a(lib_a-memset.o)
 .data          0x0000000020000114        0x0 /usr/bin/../lib/gcc/arm-none-eabi/4.7.4/../../../../arm-none-eabi/lib/armv7e-m/fpu/libc.a(lib_a-__call_atexit.o)
 .data          0x0000000020000114        0x0 /usr/bin/../lib/gcc/arm-none-eabi/4.7.4/../../../../arm-none-eabi/lib/armv7e-m/fpu/libc.a(lib_a-atexit.o)
 .data          0x0000000020000114        0x0 /usr/bin/../lib/gcc/arm-none-eabi/4.7.4/../../../../arm-none-eabi/lib/armv7e-m/fpu/librdimon.a(rdimon-syscalls.o)
 .data          0x0000000020000114        0x0 /usr/bin/../lib/gcc/arm-none-eabi/4.7.4/../../../../arm-none-eabi/lib/armv7e-m/fpu/librdimon.a(rdimon-_exit.o)
 .data          0x0000000020000114        0x0 /usr/bin/../lib/gcc/arm-none-eabi/4.7.4/../../../../arm-none-eabi/lib/armv7e-m/fpu/librdimon.a(rdimon-_kill.o)
 .data          0x0000000020000114        0x0 obj/exceptions.o
 .data          0x0000000020000114       0x14 obj/low_level_init.o
                0x0000000020000114                SystemCoreClock
                0x0000000020000118                AHBPrescTable
 .data          0x0000000020000128        0x0 obj/main.o
 .data          0x0000000020000128        0x0 obj/startup.o
 .data          0x0000000020000128        0x0 /usr/bin/../lib/gcc/arm-none-eabi/4.7.4/../../../../arm-none-eabi/lib/armv7e-m/fpu/libg.a(lib_a-errno.o)
 .data          0x0000000020000128        0x0 /usr/bin/../lib/gcc/arm-none-eabi/4.7.4/../../../../arm-none-eabi/lib/armv7e-m/fpu/libg.a(lib_a-findfp.o)
 .data          0x0000000020000128        0x0 /usr/bin/../lib/gcc/arm-none-eabi/4.7.4/../../../../arm-none-eabi/lib/armv7e-m/fpu/libg.a(lib_a-fwalk.o)
 .data          0x0000000020000128        0x0 /usr/bin/../lib/gcc/arm-none-eabi/4.7.4/../../../../arm-none-eabi/lib/armv7e-m/fpu/libg.a(lib_a-mallocr.o)
 .data          0x0000000020000128        0x0 /usr/bin/../lib/gcc/arm-none-eabi/4.7.4/../../../../arm-none-eabi/lib/armv7e-m/fpu/libg.a(lib_a-mlock.o)
 .data          0x0000000020000128        0x0 /usr/bin/../lib/gcc/arm-none-eabi/4.7.4/../../../../arm-none-eabi/lib/armv7e-m/fpu/libg.a(lib_a-printf.o)
 .data          0x0000000020000128        0x0 /usr/bin/../lib/gcc/arm-none-eabi/4.7.4/../../../../arm-none-eabi/lib/armv7e-m/fpu/libg.a(lib_a-sbrkr.o)
 .data          0x0000000020000128        0x0 /usr/bin/../lib/gcc/arm-none-eabi/4.7.4/../../../../arm-none-eabi/lib/armv7e-m/fpu/libg.a(lib_a-stdio.o)
 .data          0x0000000020000128        0x0 /usr/bin/../lib/gcc/arm-none-eabi/4.7.4/../../../../arm-none-eabi/lib/armv7e-m/fpu/libg.a(lib_a-strlen.o)
 .data          0x0000000020000128        0x0 /usr/bin/../lib/gcc/arm-none-eabi/4.7.4/../../../../arm-none-eabi/lib/armv7e-m/fpu/libg.a(lib_a-vfprintf.o)
 .data          0x0000000020000128        0x0 /usr/bin/../lib/gcc/arm-none-eabi/4.7.4/../../../../arm-none-eabi/lib/armv7e-m/fpu/libg.a(lib_a-writer.o)
 .data          0x0000000020000128        0x0 /usr/bin/../lib/gcc/arm-none-eabi/4.7.4/../../../../arm-none-eabi/lib/armv7e-m/fpu/libg.a(lib_a-wsetup.o)
 .data          0x0000000020000128        0x0 /usr/bin/../lib/gcc/arm-none-eabi/4.7.4/../../../../arm-none-eabi/lib/armv7e-m/fpu/libg.a(lib_a-closer.o)
 .data          0x0000000020000128        0x0 /usr/bin/../lib/gcc/arm-none-eabi/4.7.4/../../../../arm-none-eabi/lib/armv7e-m/fpu/libg.a(lib_a-dtoa.o)
 .data          0x0000000020000128        0x0 /usr/bin/../lib/gcc/arm-none-eabi/4.7.4/../../../../arm-none-eabi/lib/armv7e-m/fpu/libg.a(lib_a-fclose.o)
 .data          0x0000000020000128        0x0 /usr/bin/../lib/gcc/arm-none-eabi/4.7.4/../../../../arm-none-eabi/lib/armv7e-m/fpu/libg.a(lib_a-fflush.o)
 .data          0x0000000020000128        0x0 /usr/bin/../lib/gcc/arm-none-eabi/4.7.4/../../../../arm-none-eabi/lib/armv7e-m/fpu/libg.a(lib_a-freer.o)
 .data          0x0000000020000128        0x0 /usr/bin/../lib/gcc/arm-none-eabi/4.7.4/../../../../arm-none-eabi/lib/armv7e-m/fpu/libg.a(lib_a-locale.o)
 .data          0x0000000020000128        0x0 /usr/bin/../lib/gcc/arm-none-eabi/4.7.4/../../../../arm-none-eabi/lib/armv7e-m/fpu/libg.a(lib_a-lseekr.o)
 .data          0x0000000020000128        0x0 /usr/bin/../lib/gcc/arm-none-eabi/4.7.4/../../../../arm-none-eabi/lib/armv7e-m/fpu/libg.a(lib_a-makebuf.o)
 .data          0x0000000020000128        0x0 /usr/bin/../lib/gcc/arm-none-eabi/4.7.4/../../../../arm-none-eabi/lib/armv7e-m/fpu/libg.a(lib_a-memchr.o)
 .data          0x0000000020000128        0x0 /usr/bin/../lib/gcc/arm-none-eabi/4.7.4/../../../../arm-none-eabi/lib/armv7e-m/fpu/libg.a(lib_a-memcpy.o)
 .data          0x0000000020000128        0x0 /usr/bin/../lib/gcc/arm-none-eabi/4.7.4/../../../../arm-none-eabi/lib/armv7e-m/fpu/libg.a(lib_a-mprec.o)
 .data          0x0000000020000128        0x0 /usr/bin/../lib/gcc/arm-none-eabi/4.7.4/../../../../arm-none-eabi/lib/armv7e-m/fpu/libg.a(lib_a-readr.o)
 .data          0x0000000020000128        0x0 /usr/bin/../lib/gcc/arm-none-eabi/4.7.4/../../../../arm-none-eabi/lib/armv7e-m/fpu/libg.a(lib_a-reent.o)
 .data          0x0000000020000128        0x0 /usr/bin/../lib/gcc/arm-none-eabi/4.7.4/../../../../arm-none-eabi/lib/armv7e-m/fpu/libg.a(lib_a-s_fpclassify.o)
 .data          0x0000000020000128        0x0 /usr/bin/../lib/gcc/arm-none-eabi/4.7.4/../../../../arm-none-eabi/lib/armv7e-m/fpu/libg.a(lib_a-strcmp.o)
 .data          0x0000000020000128        0x0 /usr/bin/../lib/gcc/arm-none-eabi/4.7.4/../../../../arm-none-eabi/lib/armv7e-m/fpu/libg.a(lib_a-vfiprintf.o)
 .data          0x0000000020000128        0x0 /usr/bin/../lib/gcc/arm-none-eabi/4.7.4/../../../../arm-none-eabi/lib/armv7e-m/fpu/libg.a(lib_a-callocr.o)
 .data          0x0000000020000128        0x0 /usr/bin/../lib/gcc/arm-none-eabi/4.7.4/../../../../arm-none-eabi/lib/armv7e-m/fpu/libg.a(lib_a-fputwc.o)
 .data          0x0000000020000128        0x0 /usr/bin/../lib/gcc/arm-none-eabi/4.7.4/../../../../arm-none-eabi/lib/armv7e-m/fpu/libg.a(lib_a-fstatr.o)
 .data          0x0000000020000128        0x0 /usr/bin/../lib/gcc/arm-none-eabi/4.7.4/../../../../arm-none-eabi/lib/armv7e-m/fpu/libg.a(lib_a-fvwrite.o)
 .data          0x0000000020000128        0x0 /usr/bin/../lib/gcc/arm-none-eabi/4.7.4/../../../../arm-none-eabi/lib/armv7e-m/fpu/libg.a(lib_a-isattyr.o)
 .data          0x0000000020000128        0x0 /usr/bin/../lib/gcc/arm-none-eabi/4.7.4/../../../../arm-none-eabi/lib/armv7e-m/fpu/libg.a(lib_a-memmove.o)
 .data          0x0000000020000128        0x0 /usr/bin/../lib/gcc/arm-none-eabi/4.7.4/../../../../arm-none-eabi/lib/armv7e-m/fpu/libg.a(lib_a-reallocr.o)
 .data          0x0000000020000128        0x0 /usr/bin/../lib/gcc/arm-none-eabi/4.7.4/../../../../arm-none-eabi/lib/armv7e-m/fpu/libg.a(lib_a-wbuf.o)
 .data          0x0000000020000128        0x0 /usr/bin/../lib/gcc/arm-none-eabi/4.7.4/../../../../arm-none-eabi/lib/armv7e-m/fpu/libg.a(lib_a-wcrtomb.o)
 .data          0x0000000020000128        0x0 /usr/bin/../lib/gcc/arm-none-eabi/4.7.4/../../../../arm-none-eabi/lib/armv7e-m/fpu/libg.a(lib_a-wctomb_r.o)
 .data          0x0000000020000128        0x0 /usr/bin/../lib/gcc/arm-none-eabi/4.7.4/armv7e-m/fpu/libgcc.a(_arm_addsubdf3.o)
 .data          0x0000000020000128        0x0 /usr/bin/../lib/gcc/arm-none-eabi/4.7.4/armv7e-m/fpu/libgcc.a(_arm_muldivdf3.o)
 .data          0x0000000020000128        0x0 /usr/bin/../lib/gcc/arm-none-eabi/4.7.4/armv7e-m/fpu/libgcc.a(_arm_cmpdf2.o)
 .data          0x0000000020000128        0x0 /usr/bin/../lib/gcc/arm-none-eabi/4.7.4/armv7e-m/fpu/libgcc.a(_arm_fixdfsi.o)
 .data          0x0000000020000128        0x0 /usr/bin/../lib/gcc/arm-none-eabi/4.7.4/armv7e-m/fpu/libgcc.a(_aeabi_uldivmod.o)
 .data          0x0000000020000128        0x0 /usr/bin/../lib/gcc/arm-none-eabi/4.7.4/armv7e-m/fpu/libgcc.a(bpabi.o)
 .data          0x0000000020000128        0x0 /usr/bin/../lib/gcc/arm-none-eabi/4.7.4/armv7e-m/fpu/libgcc.a(_dvmd_tls.o)
 .data          0x0000000020000128        0x0 /usr/bin/../lib/gcc/arm-none-eabi/4.7.4/armv7e-m/fpu/libgcc.a(_divdi3.o)
 .data          0x0000000020000128        0x0 /usr/bin/../lib/gcc/arm-none-eabi/4.7.4/armv7e-m/fpu/libgcc.a(_udivdi3.o)
 .data          0x0000000020000128        0x0 /usr/bin/../lib/gcc/arm-none-eabi/4.7.4/armv7e-m/fpu/crtend.o
 .data          0x0000000020000128        0x0 /usr/bin/../lib/gcc/arm-none-eabi/4.7.4/armv7e-m/fpu/crtn.o
 *(.data*)
 .data.impure_data
                0x0000000020000128      0x428 /usr/bin/../lib/gcc/arm-none-eabi/4.7.4/../../../../arm-none-eabi/lib/armv7e-m/fpu/libc.a(lib_a-impure.o)
 .data._impure_ptr
                0x0000000020000550        0x4 /usr/bin/../lib/gcc/arm-none-eabi/4.7.4/../../../../arm-none-eabi/lib/armv7e-m/fpu/libc.a(lib_a-impure.o)
                0x0000000020000550                _impure_ptr
 .data.__malloc_av_
                0x0000000020000554      0x408 /usr/bin/../lib/gcc/arm-none-eabi/4.7.4/../../../../arm-none-eabi/lib/armv7e-m/fpu/libg.a(lib_a-mallocr.o)
                0x0000000020000554                __malloc_av_
 .data.__malloc_trim_threshold
                0x000000002000095c        0x4 /usr/bin/../lib/gcc/arm-none-eabi/4.7.4/../../../../arm-none-eabi/lib/armv7e-m/fpu/libg.a(lib_a-mallocr.o)
                0x000000002000095c                __malloc_trim_threshold
 .data.__malloc_sbrk_base
                0x0000000020000960        0x4 /usr/bin/../lib/gcc/arm-none-eabi/4.7.4/../../../../arm-none-eabi/lib/armv7e-m/fpu/libg.a(lib_a-mallocr.o)
                0x0000000020000960                __malloc_sbrk_base
 .data.lc_message_charset
                0x0000000020000964       0x20 /usr/bin/../lib/gcc/arm-none-eabi/4.7.4/../../../../arm-none-eabi/lib/armv7e-m/fpu/libg.a(lib_a-locale.o)
 .data.lconv    0x0000000020000984       0x38 /usr/bin/../lib/gcc/arm-none-eabi/4.7.4/../../../../arm-none-eabi/lib/armv7e-m/fpu/libg.a(lib_a-locale.o)
 .data.lc_ctype_charset
                0x00000000200009bc       0x20 /usr/bin/../lib/gcc/arm-none-eabi/4.7.4/../../../../arm-none-eabi/lib/armv7e-m/fpu/libg.a(lib_a-locale.o)
 .data.__mb_cur_max
                0x00000000200009dc        0x4 /usr/bin/../lib/gcc/arm-none-eabi/4.7.4/../../../../arm-none-eabi/lib/armv7e-m/fpu/libg.a(lib_a-locale.o)
                0x00000000200009dc                __mb_cur_max
 .data.__wctomb
                0x00000000200009e0        0x4 /usr/bin/../lib/gcc/arm-none-eabi/4.7.4/../../../../arm-none-eabi/lib/armv7e-m/fpu/libg.a(lib_a-wctomb_r.o)
                0x00000000200009e0                __wctomb
                0x00000000200009e4                . = ALIGN (0x4)
                0x00000000200009e4                _edata = .

.init_array     0x00000000200009e4        0x4 load address 0x000000000800a258
 .init_array    0x00000000200009e4        0x4 /usr/bin/../lib/gcc/arm-none-eabi/4.7.4/armv7e-m/fpu/crtbegin.o

.fini_array     0x00000000200009e8        0x4 load address 0x000000000800a25c
 .fini_array    0x00000000200009e8        0x4 /usr/bin/../lib/gcc/arm-none-eabi/4.7.4/armv7e-m/fpu/crtbegin.o

.jcr            0x00000000200009ec        0x4 load address 0x000000000800a260
 .jcr           0x00000000200009ec        0x0 /usr/bin/../lib/gcc/arm-none-eabi/4.7.4/armv7e-m/fpu/crtbegin.o
 .jcr           0x00000000200009ec        0x4 /usr/bin/../lib/gcc/arm-none-eabi/4.7.4/armv7e-m/fpu/crtend.o

.igot.plt       0x00000000200009f0        0x0 load address 0x000000000800a264
 .igot.plt      0x0000000000000000        0x0 /usr/bin/../lib/gcc/arm-none-eabi/4.7.4/armv7e-m/fpu/crtbegin.o

.init_array.00000
                0x00000000200009f0        0x4 load address 0x000000000800a264
 .init_array.00000
                0x00000000200009f0        0x4 /usr/bin/../lib/gcc/arm-none-eabi/4.7.4/../../../../arm-none-eabi/lib/armv7e-m/fpu/libc.a(lib_a-__call_atexit.o)

.bss            0x00000000200009f4      0x114 load address 0x000000000800a268
                0x00000000200009f4                . = ALIGN (0x4)
                0x00000000200009f4                _sbss = .
                0x00000000200009f4                __bss_start__ = _sbss
 *(.bss)
 .bss           0x00000000200009f4        0x0 /usr/bin/../lib/gcc/arm-none-eabi/4.7.4/armv7e-m/fpu/crti.o
 .bss           0x00000000200009f4       0x1c /usr/bin/../lib/gcc/arm-none-eabi/4.7.4/armv7e-m/fpu/crtbegin.o
 .bss           0x0000000020000a10        0x0 /usr/bin/../lib/gcc/arm-none-eabi/4.7.4/../../../../arm-none-eabi/lib/armv7e-m/fpu/rdimon-crt0.o
 .bss           0x0000000020000a10        0x0 /usr/bin/../lib/gcc/arm-none-eabi/4.7.4/../../../../arm-none-eabi/lib/armv7e-m/fpu/libc.a(lib_a-__atexit.o)
 .bss           0x0000000020000a10        0x0 /usr/bin/../lib/gcc/arm-none-eabi/4.7.4/../../../../arm-none-eabi/lib/armv7e-m/fpu/libc.a(lib_a-exit.o)
 .bss           0x0000000020000a10        0x0 /usr/bin/../lib/gcc/arm-none-eabi/4.7.4/../../../../arm-none-eabi/lib/armv7e-m/fpu/libc.a(lib_a-fini.o)
 .bss           0x0000000020000a10        0x0 /usr/bin/../lib/gcc/arm-none-eabi/4.7.4/../../../../arm-none-eabi/lib/armv7e-m/fpu/libc.a(lib_a-impure.o)
 .bss           0x0000000020000a10        0x0 /usr/bin/../lib/gcc/arm-none-eabi/4.7.4/../../../../arm-none-eabi/lib/armv7e-m/fpu/libc.a(lib_a-init.o)
 .bss           0x0000000020000a10        0x0 /usr/bin/../lib/gcc/arm-none-eabi/4.7.4/../../../../arm-none-eabi/lib/armv7e-m/fpu/libc.a(lib_a-memset.o)
 .bss           0x0000000020000a10        0x0 /usr/bin/../lib/gcc/arm-none-eabi/4.7.4/../../../../arm-none-eabi/lib/armv7e-m/fpu/libc.a(lib_a-__call_atexit.o)
 .bss           0x0000000020000a10        0x0 /usr/bin/../lib/gcc/arm-none-eabi/4.7.4/../../../../arm-none-eabi/lib/armv7e-m/fpu/libc.a(lib_a-atexit.o)
 .bss           0x0000000020000a10        0x0 /usr/bin/../lib/gcc/arm-none-eabi/4.7.4/../../../../arm-none-eabi/lib/armv7e-m/fpu/librdimon.a(rdimon-syscalls.o)
 .bss           0x0000000020000a10        0x0 /usr/bin/../lib/gcc/arm-none-eabi/4.7.4/../../../../arm-none-eabi/lib/armv7e-m/fpu/librdimon.a(rdimon-_exit.o)
 .bss           0x0000000020000a10        0x0 /usr/bin/../lib/gcc/arm-none-eabi/4.7.4/../../../../arm-none-eabi/lib/armv7e-m/fpu/librdimon.a(rdimon-_kill.o)
 .bss           0x0000000020000a10        0x0 obj/exceptions.o
 .bss           0x0000000020000a10        0x0 obj/low_level_init.o
 .bss           0x0000000020000a10        0x0 obj/main.o
 .bss           0x0000000020000a10        0x0 obj/startup.o
 .bss           0x0000000020000a10        0x0 /usr/bin/../lib/gcc/arm-none-eabi/4.7.4/../../../../arm-none-eabi/lib/armv7e-m/fpu/libg.a(lib_a-errno.o)
 .bss           0x0000000020000a10        0x0 /usr/bin/../lib/gcc/arm-none-eabi/4.7.4/../../../../arm-none-eabi/lib/armv7e-m/fpu/libg.a(lib_a-findfp.o)
 .bss           0x0000000020000a10        0x0 /usr/bin/../lib/gcc/arm-none-eabi/4.7.4/../../../../arm-none-eabi/lib/armv7e-m/fpu/libg.a(lib_a-fwalk.o)
 .bss           0x0000000020000a10        0x0 /usr/bin/../lib/gcc/arm-none-eabi/4.7.4/../../../../arm-none-eabi/lib/armv7e-m/fpu/libg.a(lib_a-mallocr.o)
 .bss           0x0000000020000a10        0x0 /usr/bin/../lib/gcc/arm-none-eabi/4.7.4/../../../../arm-none-eabi/lib/armv7e-m/fpu/libg.a(lib_a-mlock.o)
 .bss           0x0000000020000a10        0x0 /usr/bin/../lib/gcc/arm-none-eabi/4.7.4/../../../../arm-none-eabi/lib/armv7e-m/fpu/libg.a(lib_a-printf.o)
 .bss           0x0000000020000a10        0x0 /usr/bin/../lib/gcc/arm-none-eabi/4.7.4/../../../../arm-none-eabi/lib/armv7e-m/fpu/libg.a(lib_a-sbrkr.o)
 .bss           0x0000000020000a10        0x0 /usr/bin/../lib/gcc/arm-none-eabi/4.7.4/../../../../arm-none-eabi/lib/armv7e-m/fpu/libg.a(lib_a-stdio.o)
 .bss           0x0000000020000a10        0x0 /usr/bin/../lib/gcc/arm-none-eabi/4.7.4/../../../../arm-none-eabi/lib/armv7e-m/fpu/libg.a(lib_a-strlen.o)
 .bss           0x0000000020000a10        0x0 /usr/bin/../lib/gcc/arm-none-eabi/4.7.4/../../../../arm-none-eabi/lib/armv7e-m/fpu/libg.a(lib_a-vfprintf.o)
 .bss           0x0000000020000a10        0x0 /usr/bin/../lib/gcc/arm-none-eabi/4.7.4/../../../../arm-none-eabi/lib/armv7e-m/fpu/libg.a(lib_a-writer.o)
 .bss           0x0000000020000a10        0x0 /usr/bin/../lib/gcc/arm-none-eabi/4.7.4/../../../../arm-none-eabi/lib/armv7e-m/fpu/libg.a(lib_a-wsetup.o)
 .bss           0x0000000020000a10        0x0 /usr/bin/../lib/gcc/arm-none-eabi/4.7.4/../../../../arm-none-eabi/lib/armv7e-m/fpu/libg.a(lib_a-closer.o)
 .bss           0x0000000020000a10        0x0 /usr/bin/../lib/gcc/arm-none-eabi/4.7.4/../../../../arm-none-eabi/lib/armv7e-m/fpu/libg.a(lib_a-dtoa.o)
 .bss           0x0000000020000a10        0x0 /usr/bin/../lib/gcc/arm-none-eabi/4.7.4/../../../../arm-none-eabi/lib/armv7e-m/fpu/libg.a(lib_a-fclose.o)
 .bss           0x0000000020000a10        0x0 /usr/bin/../lib/gcc/arm-none-eabi/4.7.4/../../../../arm-none-eabi/lib/armv7e-m/fpu/libg.a(lib_a-fflush.o)
 .bss           0x0000000020000a10        0x0 /usr/bin/../lib/gcc/arm-none-eabi/4.7.4/../../../../arm-none-eabi/lib/armv7e-m/fpu/libg.a(lib_a-freer.o)
 .bss           0x0000000020000a10        0x0 /usr/bin/../lib/gcc/arm-none-eabi/4.7.4/../../../../arm-none-eabi/lib/armv7e-m/fpu/libg.a(lib_a-locale.o)
 .bss           0x0000000020000a10        0x0 /usr/bin/../lib/gcc/arm-none-eabi/4.7.4/../../../../arm-none-eabi/lib/armv7e-m/fpu/libg.a(lib_a-lseekr.o)
 .bss           0x0000000020000a10        0x0 /usr/bin/../lib/gcc/arm-none-eabi/4.7.4/../../../../arm-none-eabi/lib/armv7e-m/fpu/libg.a(lib_a-makebuf.o)
 .bss           0x0000000020000a10        0x0 /usr/bin/../lib/gcc/arm-none-eabi/4.7.4/../../../../arm-none-eabi/lib/armv7e-m/fpu/libg.a(lib_a-memchr.o)
 .bss           0x0000000020000a10        0x0 /usr/bin/../lib/gcc/arm-none-eabi/4.7.4/../../../../arm-none-eabi/lib/armv7e-m/fpu/libg.a(lib_a-memcpy.o)
 .bss           0x0000000020000a10        0x0 /usr/bin/../lib/gcc/arm-none-eabi/4.7.4/../../../../arm-none-eabi/lib/armv7e-m/fpu/libg.a(lib_a-mprec.o)
 .bss           0x0000000020000a10        0x0 /usr/bin/../lib/gcc/arm-none-eabi/4.7.4/../../../../arm-none-eabi/lib/armv7e-m/fpu/libg.a(lib_a-readr.o)
 .bss           0x0000000020000a10        0x0 /usr/bin/../lib/gcc/arm-none-eabi/4.7.4/../../../../arm-none-eabi/lib/armv7e-m/fpu/libg.a(lib_a-reent.o)
 .bss           0x0000000020000a10        0x0 /usr/bin/../lib/gcc/arm-none-eabi/4.7.4/../../../../arm-none-eabi/lib/armv7e-m/fpu/libg.a(lib_a-s_fpclassify.o)
 .bss           0x0000000020000a10        0x0 /usr/bin/../lib/gcc/arm-none-eabi/4.7.4/../../../../arm-none-eabi/lib/armv7e-m/fpu/libg.a(lib_a-strcmp.o)
 .bss           0x0000000020000a10        0x0 /usr/bin/../lib/gcc/arm-none-eabi/4.7.4/../../../../arm-none-eabi/lib/armv7e-m/fpu/libg.a(lib_a-vfiprintf.o)
 .bss           0x0000000020000a10        0x0 /usr/bin/../lib/gcc/arm-none-eabi/4.7.4/../../../../arm-none-eabi/lib/armv7e-m/fpu/libg.a(lib_a-callocr.o)
 .bss           0x0000000020000a10        0x0 /usr/bin/../lib/gcc/arm-none-eabi/4.7.4/../../../../arm-none-eabi/lib/armv7e-m/fpu/libg.a(lib_a-fputwc.o)
 .bss           0x0000000020000a10        0x0 /usr/bin/../lib/gcc/arm-none-eabi/4.7.4/../../../../arm-none-eabi/lib/armv7e-m/fpu/libg.a(lib_a-fstatr.o)
 .bss           0x0000000020000a10        0x0 /usr/bin/../lib/gcc/arm-none-eabi/4.7.4/../../../../arm-none-eabi/lib/armv7e-m/fpu/libg.a(lib_a-fvwrite.o)
 .bss           0x0000000020000a10        0x0 /usr/bin/../lib/gcc/arm-none-eabi/4.7.4/../../../../arm-none-eabi/lib/armv7e-m/fpu/libg.a(lib_a-isattyr.o)
 .bss           0x0000000020000a10        0x0 /usr/bin/../lib/gcc/arm-none-eabi/4.7.4/../../../../arm-none-eabi/lib/armv7e-m/fpu/libg.a(lib_a-memmove.o)
 .bss           0x0000000020000a10        0x0 /usr/bin/../lib/gcc/arm-none-eabi/4.7.4/../../../../arm-none-eabi/lib/armv7e-m/fpu/libg.a(lib_a-reallocr.o)
 .bss           0x0000000020000a10        0x0 /usr/bin/../lib/gcc/arm-none-eabi/4.7.4/../../../../arm-none-eabi/lib/armv7e-m/fpu/libg.a(lib_a-wbuf.o)
 .bss           0x0000000020000a10        0x0 /usr/bin/../lib/gcc/arm-none-eabi/4.7.4/../../../../arm-none-eabi/lib/armv7e-m/fpu/libg.a(lib_a-wcrtomb.o)
 .bss           0x0000000020000a10        0x0 /usr/bin/../lib/gcc/arm-none-eabi/4.7.4/../../../../arm-none-eabi/lib/armv7e-m/fpu/libg.a(lib_a-wctomb_r.o)
 .bss           0x0000000020000a10        0x0 /usr/bin/../lib/gcc/arm-none-eabi/4.7.4/armv7e-m/fpu/libgcc.a(_arm_addsubdf3.o)
 .bss           0x0000000020000a10        0x0 /usr/bin/../lib/gcc/arm-none-eabi/4.7.4/armv7e-m/fpu/libgcc.a(_arm_muldivdf3.o)
 .bss           0x0000000020000a10        0x0 /usr/bin/../lib/gcc/arm-none-eabi/4.7.4/armv7e-m/fpu/libgcc.a(_arm_cmpdf2.o)
 .bss           0x0000000020000a10        0x0 /usr/bin/../lib/gcc/arm-none-eabi/4.7.4/armv7e-m/fpu/libgcc.a(_arm_fixdfsi.o)
 .bss           0x0000000020000a10        0x0 /usr/bin/../lib/gcc/arm-none-eabi/4.7.4/armv7e-m/fpu/libgcc.a(_aeabi_uldivmod.o)
 .bss           0x0000000020000a10        0x0 /usr/bin/../lib/gcc/arm-none-eabi/4.7.4/armv7e-m/fpu/libgcc.a(bpabi.o)
 .bss           0x0000000020000a10        0x0 /usr/bin/../lib/gcc/arm-none-eabi/4.7.4/armv7e-m/fpu/libgcc.a(_dvmd_tls.o)
 .bss           0x0000000020000a10        0x0 /usr/bin/../lib/gcc/arm-none-eabi/4.7.4/armv7e-m/fpu/libgcc.a(_divdi3.o)
 .bss           0x0000000020000a10        0x0 /usr/bin/../lib/gcc/arm-none-eabi/4.7.4/armv7e-m/fpu/libgcc.a(_udivdi3.o)
 .bss           0x0000000020000a10        0x0 /usr/bin/../lib/gcc/arm-none-eabi/4.7.4/armv7e-m/fpu/crtend.o
 .bss           0x0000000020000a10        0x0 /usr/bin/../lib/gcc/arm-none-eabi/4.7.4/armv7e-m/fpu/crtn.o
 *(.bss*)
 .bss.monitor_stdout
                0x0000000020000a10        0x4 /usr/bin/../lib/gcc/arm-none-eabi/4.7.4/../../../../arm-none-eabi/lib/armv7e-m/fpu/librdimon.a(rdimon-syscalls.o)
 .bss.monitor_stdin
                0x0000000020000a14        0x4 /usr/bin/../lib/gcc/arm-none-eabi/4.7.4/../../../../arm-none-eabi/lib/armv7e-m/fpu/librdimon.a(rdimon-syscalls.o)
 .bss.monitor_stderr
                0x0000000020000a18        0x4 /usr/bin/../lib/gcc/arm-none-eabi/4.7.4/../../../../arm-none-eabi/lib/armv7e-m/fpu/librdimon.a(rdimon-syscalls.o)
 .bss.heap_end.5738
                0x0000000020000a1c        0x4 /usr/bin/../lib/gcc/arm-none-eabi/4.7.4/../../../../arm-none-eabi/lib/armv7e-m/fpu/librdimon.a(rdimon-syscalls.o)
 .bss.openfiles
                0x0000000020000a20       0xa0 /usr/bin/../lib/gcc/arm-none-eabi/4.7.4/../../../../arm-none-eabi/lib/armv7e-m/fpu/librdimon.a(rdimon-syscalls.o)
 .bss.__malloc_max_total_mem
                0x0000000020000ac0        0x4 /usr/bin/../lib/gcc/arm-none-eabi/4.7.4/../../../../arm-none-eabi/lib/armv7e-m/fpu/libg.a(lib_a-mallocr.o)
                0x0000000020000ac0                __malloc_max_total_mem
 .bss.__malloc_max_sbrked_mem
                0x0000000020000ac4        0x4 /usr/bin/../lib/gcc/arm-none-eabi/4.7.4/../../../../arm-none-eabi/lib/armv7e-m/fpu/libg.a(lib_a-mallocr.o)
                0x0000000020000ac4                __malloc_max_sbrked_mem
 .bss.__malloc_top_pad
                0x0000000020000ac8        0x4 /usr/bin/../lib/gcc/arm-none-eabi/4.7.4/../../../../arm-none-eabi/lib/armv7e-m/fpu/libg.a(lib_a-mallocr.o)
                0x0000000020000ac8                __malloc_top_pad
 .bss.__malloc_current_mallinfo
                0x0000000020000acc       0x28 /usr/bin/../lib/gcc/arm-none-eabi/4.7.4/../../../../arm-none-eabi/lib/armv7e-m/fpu/libg.a(lib_a-mallocr.o)
                0x0000000020000acc                __malloc_current_mallinfo
 .bss._PathLocale
                0x0000000020000af4        0x4 /usr/bin/../lib/gcc/arm-none-eabi/4.7.4/../../../../arm-none-eabi/lib/armv7e-m/fpu/libg.a(lib_a-locale.o)
                0x0000000020000af4                _PathLocale
 .bss.__nlocale_changed
                0x0000000020000af8        0x4 /usr/bin/../lib/gcc/arm-none-eabi/4.7.4/../../../../arm-none-eabi/lib/armv7e-m/fpu/libg.a(lib_a-locale.o)
                0x0000000020000af8                __nlocale_changed
 .bss.__mlocale_changed
                0x0000000020000afc        0x4 /usr/bin/../lib/gcc/arm-none-eabi/4.7.4/../../../../arm-none-eabi/lib/armv7e-m/fpu/libg.a(lib_a-locale.o)
                0x0000000020000afc                __mlocale_changed
 *(COMMON)
 COMMON         0x0000000020000b00        0x4 obj/exceptions.o
                0x0000000020000b00                __stm32_tick
 COMMON         0x0000000020000b04        0x4 /usr/bin/../lib/gcc/arm-none-eabi/4.7.4/../../../../arm-none-eabi/lib/armv7e-m/fpu/libg.a(lib_a-reent.o)
                0x0000000020000b04                errno
                0x0000000020000b08                . = ALIGN (0x4)
                0x0000000020000b08                _ebss = .
                0x0000000020000b08                __bss_end__ = _ebss
                0x0000000020000b08                _end = .
                0x0000000020000b08                PROVIDE (end, .)
OUTPUT(out/main.elf elf32-littlearm)

.ARM.attributes
                0x0000000000000000       0x32
 .ARM.attributes
                0x0000000000000000       0x24 /usr/bin/../lib/gcc/arm-none-eabi/4.7.4/armv7e-m/fpu/crti.o
 .ARM.attributes
                0x0000000000000024       0x36 /usr/bin/../lib/gcc/arm-none-eabi/4.7.4/armv7e-m/fpu/crtbegin.o
 .ARM.attributes
                0x000000000000005a       0x22 /usr/bin/../lib/gcc/arm-none-eabi/4.7.4/../../../../arm-none-eabi/lib/armv7e-m/fpu/rdimon-crt0.o
 .ARM.attributes
                0x000000000000007c       0x36 /usr/bin/../lib/gcc/arm-none-eabi/4.7.4/../../../../arm-none-eabi/lib/armv7e-m/fpu/libc.a(lib_a-__atexit.o)
 .ARM.attributes
                0x00000000000000b2       0x36 /usr/bin/../lib/gcc/arm-none-eabi/4.7.4/../../../../arm-none-eabi/lib/armv7e-m/fpu/libc.a(lib_a-exit.o)
 .ARM.attributes
                0x00000000000000e8       0x36 /usr/bin/../lib/gcc/arm-none-eabi/4.7.4/../../../../arm-none-eabi/lib/armv7e-m/fpu/libc.a(lib_a-fini.o)
 .ARM.attributes
                0x000000000000011e       0x36 /usr/bin/../lib/gcc/arm-none-eabi/4.7.4/../../../../arm-none-eabi/lib/armv7e-m/fpu/libc.a(lib_a-impure.o)
 .ARM.attributes
                0x0000000000000154       0x36 /usr/bin/../lib/gcc/arm-none-eabi/4.7.4/../../../../arm-none-eabi/lib/armv7e-m/fpu/libc.a(lib_a-init.o)
 .ARM.attributes
                0x000000000000018a       0x36 /usr/bin/../lib/gcc/arm-none-eabi/4.7.4/../../../../arm-none-eabi/lib/armv7e-m/fpu/libc.a(lib_a-memset.o)
 .ARM.attributes
                0x00000000000001c0       0x36 /usr/bin/../lib/gcc/arm-none-eabi/4.7.4/../../../../arm-none-eabi/lib/armv7e-m/fpu/libc.a(lib_a-__call_atexit.o)
 .ARM.attributes
                0x00000000000001f6       0x36 /usr/bin/../lib/gcc/arm-none-eabi/4.7.4/../../../../arm-none-eabi/lib/armv7e-m/fpu/libc.a(lib_a-atexit.o)
 .ARM.attributes
                0x000000000000022c       0x36 /usr/bin/../lib/gcc/arm-none-eabi/4.7.4/../../../../arm-none-eabi/lib/armv7e-m/fpu/librdimon.a(rdimon-syscalls.o)
 .ARM.attributes
                0x0000000000000262       0x36 /usr/bin/../lib/gcc/arm-none-eabi/4.7.4/../../../../arm-none-eabi/lib/armv7e-m/fpu/librdimon.a(rdimon-_exit.o)
 .ARM.attributes
                0x0000000000000298       0x36 /usr/bin/../lib/gcc/arm-none-eabi/4.7.4/../../../../arm-none-eabi/lib/armv7e-m/fpu/librdimon.a(rdimon-_kill.o)
 .ARM.attributes
                0x00000000000002ce       0x3b obj/exceptions.o
 .ARM.attributes
                0x0000000000000309       0x3b obj/low_level_init.o
 .ARM.attributes
                0x0000000000000344       0x3b obj/main.o
 .ARM.attributes
                0x000000000000037f       0x21 obj/startup.o
 .ARM.attributes
                0x00000000000003a0       0x36 /usr/bin/../lib/gcc/arm-none-eabi/4.7.4/../../../../arm-none-eabi/lib/armv7e-m/fpu/libg.a(lib_a-errno.o)
 .ARM.attributes
                0x00000000000003d6       0x36 /usr/bin/../lib/gcc/arm-none-eabi/4.7.4/../../../../arm-none-eabi/lib/armv7e-m/fpu/libg.a(lib_a-findfp.o)
 .ARM.attributes
                0x000000000000040c       0x36 /usr/bin/../lib/gcc/arm-none-eabi/4.7.4/../../../../arm-none-eabi/lib/armv7e-m/fpu/libg.a(lib_a-fwalk.o)
 .ARM.attributes
                0x0000000000000442       0x36 /usr/bin/../lib/gcc/arm-none-eabi/4.7.4/../../../../arm-none-eabi/lib/armv7e-m/fpu/libg.a(lib_a-mallocr.o)
 .ARM.attributes
                0x0000000000000478       0x36 /usr/bin/../lib/gcc/arm-none-eabi/4.7.4/../../../../arm-none-eabi/lib/armv7e-m/fpu/libg.a(lib_a-mlock.o)
 .ARM.attributes
                0x00000000000004ae       0x36 /usr/bin/../lib/gcc/arm-none-eabi/4.7.4/../../../../arm-none-eabi/lib/armv7e-m/fpu/libg.a(lib_a-printf.o)
 .ARM.attributes
                0x00000000000004e4       0x36 /usr/bin/../lib/gcc/arm-none-eabi/4.7.4/../../../../arm-none-eabi/lib/armv7e-m/fpu/libg.a(lib_a-sbrkr.o)
 .ARM.attributes
                0x000000000000051a       0x36 /usr/bin/../lib/gcc/arm-none-eabi/4.7.4/../../../../arm-none-eabi/lib/armv7e-m/fpu/libg.a(lib_a-stdio.o)
 .ARM.attributes
                0x0000000000000550       0x36 /usr/bin/../lib/gcc/arm-none-eabi/4.7.4/../../../../arm-none-eabi/lib/armv7e-m/fpu/libg.a(lib_a-strlen.o)
 .ARM.attributes
                0x0000000000000586       0x36 /usr/bin/../lib/gcc/arm-none-eabi/4.7.4/../../../../arm-none-eabi/lib/armv7e-m/fpu/libg.a(lib_a-vfprintf.o)
 .ARM.attributes
                0x00000000000005bc       0x36 /usr/bin/../lib/gcc/arm-none-eabi/4.7.4/../../../../arm-none-eabi/lib/armv7e-m/fpu/libg.a(lib_a-writer.o)
 .ARM.attributes
                0x00000000000005f2       0x36 /usr/bin/../lib/gcc/arm-none-eabi/4.7.4/../../../../arm-none-eabi/lib/armv7e-m/fpu/libg.a(lib_a-wsetup.o)
 .ARM.attributes
                0x0000000000000628       0x36 /usr/bin/../lib/gcc/arm-none-eabi/4.7.4/../../../../arm-none-eabi/lib/armv7e-m/fpu/libg.a(lib_a-closer.o)
 .ARM.attributes
                0x000000000000065e       0x36 /usr/bin/../lib/gcc/arm-none-eabi/4.7.4/../../../../arm-none-eabi/lib/armv7e-m/fpu/libg.a(lib_a-dtoa.o)
 .ARM.attributes
                0x0000000000000694       0x36 /usr/bin/../lib/gcc/arm-none-eabi/4.7.4/../../../../arm-none-eabi/lib/armv7e-m/fpu/libg.a(lib_a-fclose.o)
 .ARM.attributes
                0x00000000000006ca       0x36 /usr/bin/../lib/gcc/arm-none-eabi/4.7.4/../../../../arm-none-eabi/lib/armv7e-m/fpu/libg.a(lib_a-fflush.o)
 .ARM.attributes
                0x0000000000000700       0x36 /usr/bin/../lib/gcc/arm-none-eabi/4.7.4/../../../../arm-none-eabi/lib/armv7e-m/fpu/libg.a(lib_a-freer.o)
 .ARM.attributes
                0x0000000000000736       0x36 /usr/bin/../lib/gcc/arm-none-eabi/4.7.4/../../../../arm-none-eabi/lib/armv7e-m/fpu/libg.a(lib_a-locale.o)
 .ARM.attributes
                0x000000000000076c       0x36 /usr/bin/../lib/gcc/arm-none-eabi/4.7.4/../../../../arm-none-eabi/lib/armv7e-m/fpu/libg.a(lib_a-lseekr.o)
 .ARM.attributes
                0x00000000000007a2       0x36 /usr/bin/../lib/gcc/arm-none-eabi/4.7.4/../../../../arm-none-eabi/lib/armv7e-m/fpu/libg.a(lib_a-makebuf.o)
 .ARM.attributes
                0x00000000000007d8       0x36 /usr/bin/../lib/gcc/arm-none-eabi/4.7.4/../../../../arm-none-eabi/lib/armv7e-m/fpu/libg.a(lib_a-memchr.o)
 .ARM.attributes
                0x000000000000080e       0x36 /usr/bin/../lib/gcc/arm-none-eabi/4.7.4/../../../../arm-none-eabi/lib/armv7e-m/fpu/libg.a(lib_a-memcpy.o)
 .ARM.attributes
                0x0000000000000844       0x36 /usr/bin/../lib/gcc/arm-none-eabi/4.7.4/../../../../arm-none-eabi/lib/armv7e-m/fpu/libg.a(lib_a-mprec.o)
 .ARM.attributes
                0x000000000000087a       0x36 /usr/bin/../lib/gcc/arm-none-eabi/4.7.4/../../../../arm-none-eabi/lib/armv7e-m/fpu/libg.a(lib_a-readr.o)
 .ARM.attributes
                0x00000000000008b0       0x36 /usr/bin/../lib/gcc/arm-none-eabi/4.7.4/../../../../arm-none-eabi/lib/armv7e-m/fpu/libg.a(lib_a-reent.o)
 .ARM.attributes
                0x00000000000008e6       0x36 /usr/bin/../lib/gcc/arm-none-eabi/4.7.4/../../../../arm-none-eabi/lib/armv7e-m/fpu/libg.a(lib_a-s_fpclassify.o)
 .ARM.attributes
                0x000000000000091c       0x36 /usr/bin/../lib/gcc/arm-none-eabi/4.7.4/../../../../arm-none-eabi/lib/armv7e-m/fpu/libg.a(lib_a-strcmp.o)
 .ARM.attributes
                0x0000000000000952       0x36 /usr/bin/../lib/gcc/arm-none-eabi/4.7.4/../../../../arm-none-eabi/lib/armv7e-m/fpu/libg.a(lib_a-vfiprintf.o)
 .ARM.attributes
                0x0000000000000988       0x36 /usr/bin/../lib/gcc/arm-none-eabi/4.7.4/../../../../arm-none-eabi/lib/armv7e-m/fpu/libg.a(lib_a-callocr.o)
 .ARM.attributes
                0x00000000000009be       0x36 /usr/bin/../lib/gcc/arm-none-eabi/4.7.4/../../../../arm-none-eabi/lib/armv7e-m/fpu/libg.a(lib_a-fputwc.o)
 .ARM.attributes
                0x00000000000009f4       0x36 /usr/bin/../lib/gcc/arm-none-eabi/4.7.4/../../../../arm-none-eabi/lib/armv7e-m/fpu/libg.a(lib_a-fstatr.o)
 .ARM.attributes
                0x0000000000000a2a       0x36 /usr/bin/../lib/gcc/arm-none-eabi/4.7.4/../../../../arm-none-eabi/lib/armv7e-m/fpu/libg.a(lib_a-fvwrite.o)
 .ARM.attributes
                0x0000000000000a60       0x36 /usr/bin/../lib/gcc/arm-none-eabi/4.7.4/../../../../arm-none-eabi/lib/armv7e-m/fpu/libg.a(lib_a-isattyr.o)
 .ARM.attributes
                0x0000000000000a96       0x36 /usr/bin/../lib/gcc/arm-none-eabi/4.7.4/../../../../arm-none-eabi/lib/armv7e-m/fpu/libg.a(lib_a-memmove.o)
 .ARM.attributes
                0x0000000000000acc       0x36 /usr/bin/../lib/gcc/arm-none-eabi/4.7.4/../../../../arm-none-eabi/lib/armv7e-m/fpu/libg.a(lib_a-reallocr.o)
 .ARM.attributes
                0x0000000000000b02       0x36 /usr/bin/../lib/gcc/arm-none-eabi/4.7.4/../../../../arm-none-eabi/lib/armv7e-m/fpu/libg.a(lib_a-wbuf.o)
 .ARM.attributes
                0x0000000000000b38       0x36 /usr/bin/../lib/gcc/arm-none-eabi/4.7.4/../../../../arm-none-eabi/lib/armv7e-m/fpu/libg.a(lib_a-wcrtomb.o)
 .ARM.attributes
                0x0000000000000b6e       0x36 /usr/bin/../lib/gcc/arm-none-eabi/4.7.4/../../../../arm-none-eabi/lib/armv7e-m/fpu/libg.a(lib_a-wctomb_r.o)
 .ARM.attributes
                0x0000000000000ba4       0x24 /usr/bin/../lib/gcc/arm-none-eabi/4.7.4/armv7e-m/fpu/libgcc.a(_arm_addsubdf3.o)
 .ARM.attributes
                0x0000000000000bc8       0x24 /usr/bin/../lib/gcc/arm-none-eabi/4.7.4/armv7e-m/fpu/libgcc.a(_arm_muldivdf3.o)
 .ARM.attributes
                0x0000000000000bec       0x24 /usr/bin/../lib/gcc/arm-none-eabi/4.7.4/armv7e-m/fpu/libgcc.a(_arm_cmpdf2.o)
 .ARM.attributes
                0x0000000000000c10       0x24 /usr/bin/../lib/gcc/arm-none-eabi/4.7.4/armv7e-m/fpu/libgcc.a(_arm_fixdfsi.o)
 .ARM.attributes
                0x0000000000000c34       0x24 /usr/bin/../lib/gcc/arm-none-eabi/4.7.4/armv7e-m/fpu/libgcc.a(_aeabi_uldivmod.o)
 .ARM.attributes
                0x0000000000000c58       0x36 /usr/bin/../lib/gcc/arm-none-eabi/4.7.4/armv7e-m/fpu/libgcc.a(bpabi.o)
 .ARM.attributes
                0x0000000000000c8e       0x24 /usr/bin/../lib/gcc/arm-none-eabi/4.7.4/armv7e-m/fpu/libgcc.a(_dvmd_tls.o)
 .ARM.attributes
                0x0000000000000cb2       0x36 /usr/bin/../lib/gcc/arm-none-eabi/4.7.4/armv7e-m/fpu/libgcc.a(_divdi3.o)
 .ARM.attributes
                0x0000000000000ce8       0x36 /usr/bin/../lib/gcc/arm-none-eabi/4.7.4/armv7e-m/fpu/libgcc.a(_udivdi3.o)
 .ARM.attributes
                0x0000000000000d1e       0x36 /usr/bin/../lib/gcc/arm-none-eabi/4.7.4/armv7e-m/fpu/crtend.o
 .ARM.attributes
                0x0000000000000d54       0x24 /usr/bin/../lib/gcc/arm-none-eabi/4.7.4/armv7e-m/fpu/crtn.o

.comment        0x0000000000000000       0x70
 .comment       0x0000000000000000       0x70 obj/exceptions.o
                                         0x71 (size before relaxing)
 .comment       0x0000000000000000       0x71 obj/low_level_init.o
 .comment       0x0000000000000000       0x71 obj/main.o

.debug_frame    0x0000000000000000     0x1378
 .debug_frame   0x0000000000000000       0x34 /usr/bin/../lib/gcc/arm-none-eabi/4.7.4/../../../../arm-none-eabi/lib/armv7e-m/fpu/libc.a(lib_a-__atexit.o)
 .debug_frame   0x0000000000000034       0x28 /usr/bin/../lib/gcc/arm-none-eabi/4.7.4/../../../../arm-none-eabi/lib/armv7e-m/fpu/libc.a(lib_a-exit.o)
 .debug_frame   0x000000000000005c       0x2c /usr/bin/../lib/gcc/arm-none-eabi/4.7.4/../../../../arm-none-eabi/lib/armv7e-m/fpu/libc.a(lib_a-fini.o)
 .debug_frame   0x0000000000000088       0x30 /usr/bin/../lib/gcc/arm-none-eabi/4.7.4/../../../../arm-none-eabi/lib/armv7e-m/fpu/libc.a(lib_a-init.o)
 .debug_frame   0x00000000000000b8       0x2c /usr/bin/../lib/gcc/arm-none-eabi/4.7.4/../../../../arm-none-eabi/lib/armv7e-m/fpu/libc.a(lib_a-memset.o)
 .debug_frame   0x00000000000000e4       0x48 /usr/bin/../lib/gcc/arm-none-eabi/4.7.4/../../../../arm-none-eabi/lib/armv7e-m/fpu/libc.a(lib_a-__call_atexit.o)