Archive member included because of file (symbol)

/usr/bin/../lib/gcc/arm-none-eabi/4.7.4/../../../../arm-none-eabi/lib/armv7e-m/fpu/libc.a(lib_a-__atexit.o)
                              /usr/bin/../lib/gcc/arm-none-eabi/4.7.4/../../../../arm-none-eabi/lib/armv7e-m/fpu/crt0.o (__register_exitproc)
/usr/bin/../lib/gcc/arm-none-eabi/4.7.4/../../../../arm-none-eabi/lib/armv7e-m/fpu/libc.a(lib_a-exit.o)
                              /usr/bin/../lib/gcc/arm-none-eabi/4.7.4/../../../../arm-none-eabi/lib/armv7e-m/fpu/crt0.o (exit)
/usr/bin/../lib/gcc/arm-none-eabi/4.7.4/../../../../arm-none-eabi/lib/armv7e-m/fpu/libc.a(lib_a-fini.o)
                              /usr/bin/../lib/gcc/arm-none-eabi/4.7.4/../../../../arm-none-eabi/lib/armv7e-m/fpu/crt0.o (__libc_fini_array)
/usr/bin/../lib/gcc/arm-none-eabi/4.7.4/../../../../arm-none-eabi/lib/armv7e-m/fpu/libc.a(lib_a-impure.o)
                              /usr/bin/../lib/gcc/arm-none-eabi/4.7.4/../../../../arm-none-eabi/lib/armv7e-m/fpu/libc.a(lib_a-__atexit.o) (_global_impure_ptr)
/usr/bin/../lib/gcc/arm-none-eabi/4.7.4/../../../../arm-none-eabi/lib/armv7e-m/fpu/libc.a(lib_a-init.o)
                              /usr/bin/../lib/gcc/arm-none-eabi/4.7.4/../../../../arm-none-eabi/lib/armv7e-m/fpu/crt0.o (__libc_init_array)
/usr/bin/../lib/gcc/arm-none-eabi/4.7.4/../../../../arm-none-eabi/lib/armv7e-m/fpu/libc.a(lib_a-memset.o)
                              /usr/bin/../lib/gcc/arm-none-eabi/4.7.4/../../../../arm-none-eabi/lib/armv7e-m/fpu/crt0.o (memset)
/usr/bin/../lib/gcc/arm-none-eabi/4.7.4/../../../../arm-none-eabi/lib/armv7e-m/fpu/libc.a(lib_a-__call_atexit.o)
                              /usr/bin/../lib/gcc/arm-none-eabi/4.7.4/../../../../arm-none-eabi/lib/armv7e-m/fpu/libc.a(lib_a-exit.o) (__call_exitprocs)
/usr/bin/../lib/gcc/arm-none-eabi/4.7.4/../../../../arm-none-eabi/lib/armv7e-m/fpu/libc.a(lib_a-atexit.o)
                              /usr/bin/../lib/gcc/arm-none-eabi/4.7.4/../../../../arm-none-eabi/lib/armv7e-m/fpu/libc.a(lib_a-__call_atexit.o) (atexit)
/usr/bin/../lib/gcc/arm-none-eabi/4.7.4/../../../../arm-none-eabi/lib/armv7e-m/fpu/libnosys.a(_exit.o)
                              /usr/bin/../lib/gcc/arm-none-eabi/4.7.4/../../../../arm-none-eabi/lib/armv7e-m/fpu/libc.a(lib_a-exit.o) (_exit)

Allocating common symbols
Common symbol       size              file

__stm32_tick        0x4               obj/exceptions.o

Memory Configuration

Name             Origin             Length             Attributes
RAM              0x0000000020000000 0x0000000000030000 xrw
FLASH            0x0000000008000000 0x0000000000100000 xr
*default*        0x0000000000000000 0xffffffffffffffff

Linker script and memory map

LOAD /usr/bin/../lib/gcc/arm-none-eabi/4.7.4/armv7e-m/fpu/crti.o
LOAD /usr/bin/../lib/gcc/arm-none-eabi/4.7.4/armv7e-m/fpu/crtbegin.o
LOAD /usr/bin/../lib/gcc/arm-none-eabi/4.7.4/../../../../arm-none-eabi/lib/armv7e-m/fpu/crt0.o
LOAD /usr/bin/../lib/gcc/arm-none-eabi/4.7.4/../../../../arm-none-eabi/lib/armv7e-m/fpu/libc.a
LOAD /usr/bin/../lib/gcc/arm-none-eabi/4.7.4/../../../../arm-none-eabi/lib/armv7e-m/fpu/libm.a
LOAD /usr/bin/../lib/gcc/arm-none-eabi/4.7.4/../../../../arm-none-eabi/lib/armv7e-m/fpu/libnosys.a
LOAD obj/exceptions.o
LOAD obj/low_level_init.o
LOAD obj/main.o
LOAD obj/startup.o
START GROUP
LOAD /usr/bin/../lib/gcc/arm-none-eabi/4.7.4/armv7e-m/fpu/libgcc.a
LOAD /usr/bin/../lib/gcc/arm-none-eabi/4.7.4/../../../../arm-none-eabi/lib/armv7e-m/fpu/libg.a
LOAD /usr/bin/../lib/gcc/arm-none-eabi/4.7.4/../../../../arm-none-eabi/lib/armv7e-m/fpu/libc.a
END GROUP
LOAD /usr/bin/../lib/gcc/arm-none-eabi/4.7.4/armv7e-m/fpu/crtend.o
LOAD /usr/bin/../lib/gcc/arm-none-eabi/4.7.4/armv7e-m/fpu/crtn.o
                0x0000000020020000                _estack = 0x20020000
                0x0000000000000000                . = 0x0

.text           0x0000000008000000      0xcb8
 *(.isr_vector)
 .isr_vector    0x0000000008000000      0x188 obj/startup.o
                0x0000000008000000                g_pfnVectors
 *(.text)
 .text          0x0000000008000188        0x0 /usr/bin/../lib/gcc/arm-none-eabi/4.7.4/armv7e-m/fpu/crti.o
 .text          0x0000000008000188       0x54 /usr/bin/../lib/gcc/arm-none-eabi/4.7.4/armv7e-m/fpu/crtbegin.o
 .text          0x00000000080001dc       0x70 /usr/bin/../lib/gcc/arm-none-eabi/4.7.4/../../../../arm-none-eabi/lib/armv7e-m/fpu/crt0.o
                0x00000000080001dc                _mainCRTStartup
                0x00000000080001dc                _start
                0x00000000080001dc                start
 .text          0x000000000800024c        0x0 /usr/bin/../lib/gcc/arm-none-eabi/4.7.4/../../../../arm-none-eabi/lib/armv7e-m/fpu/libc.a(lib_a-__atexit.o)
 .text          0x000000000800024c        0x0 /usr/bin/../lib/gcc/arm-none-eabi/4.7.4/../../../../arm-none-eabi/lib/armv7e-m/fpu/libc.a(lib_a-exit.o)
 .text          0x000000000800024c        0x0 /usr/bin/../lib/gcc/arm-none-eabi/4.7.4/../../../../arm-none-eabi/lib/armv7e-m/fpu/libc.a(lib_a-fini.o)
 .text          0x000000000800024c        0x0 /usr/bin/../lib/gcc/arm-none-eabi/4.7.4/../../../../arm-none-eabi/lib/armv7e-m/fpu/libc.a(lib_a-impure.o)
 .text          0x000000000800024c        0x0 /usr/bin/../lib/gcc/arm-none-eabi/4.7.4/../../../../arm-none-eabi/lib/armv7e-m/fpu/libc.a(lib_a-init.o)
 .text          0x000000000800024c        0x0 /usr/bin/../lib/gcc/arm-none-eabi/4.7.4/../../../../arm-none-eabi/lib/armv7e-m/fpu/libc.a(lib_a-memset.o)
 .text          0x000000000800024c        0x0 /usr/bin/../lib/gcc/arm-none-eabi/4.7.4/../../../../arm-none-eabi/lib/armv7e-m/fpu/libc.a(lib_a-__call_atexit.o)
 .text          0x000000000800024c        0x0 /usr/bin/../lib/gcc/arm-none-eabi/4.7.4/../../../../arm-none-eabi/lib/armv7e-m/fpu/libc.a(lib_a-atexit.o)
 .text          0x000000000800024c        0x0 /usr/bin/../lib/gcc/arm-none-eabi/4.7.4/../../../../arm-none-eabi/lib/armv7e-m/fpu/libnosys.a(_exit.o)
 .text          0x000000000800024c       0x74 obj/exceptions.o
                0x000000000800024c                NMI_Handler
                0x0000000008000258                HardFault_Handler
                0x0000000008000260                MemManage_Handler
                0x0000000008000268                BusFault_Handler
                0x0000000008000270                UsageFault_Handler
                0x0000000008000278                SVC_Handler
                0x0000000008000284                DebugMon_Handler
                0x0000000008000290                PendSV_Handler
                0x000000000800029c                SysTick_Handler
 .text          0x00000000080002c0      0x26c obj/low_level_init.o
                0x00000000080002c0                low_level_init
 .text          0x000000000800052c      0x168 obj/main.o
                0x000000000800052c                main
 .text          0x0000000008000694       0x14 obj/startup.o
 .text          0x00000000080006a8        0x0 /usr/bin/../lib/gcc/arm-none-eabi/4.7.4/armv7e-m/fpu/crtend.o
 .text          0x00000000080006a8        0x0 /usr/bin/../lib/gcc/arm-none-eabi/4.7.4/armv7e-m/fpu/crtn.o
 *(.text*)
 .text.__register_exitproc
                0x00000000080006a8       0xac /usr/bin/../lib/gcc/arm-none-eabi/4.7.4/../../../../arm-none-eabi/lib/armv7e-m/fpu/libc.a(lib_a-__atexit.o)
                0x00000000080006a8                __register_exitproc
 .text.exit     0x0000000008000754       0x20 /usr/bin/../lib/gcc/arm-none-eabi/4.7.4/../../../../arm-none-eabi/lib/armv7e-m/fpu/libc.a(lib_a-exit.o)
                0x0000000008000754                exit
 .text.__libc_fini_array
                0x0000000008000774       0x50 /usr/bin/../lib/gcc/arm-none-eabi/4.7.4/../../../../arm-none-eabi/lib/armv7e-m/fpu/libc.a(lib_a-fini.o)
                0x0000000008000774                __libc_fini_array
 .text.__libc_init_array
                0x00000000080007c4       0x94 /usr/bin/../lib/gcc/arm-none-eabi/4.7.4/../../../../arm-none-eabi/lib/armv7e-m/fpu/libc.a(lib_a-init.o)
                0x00000000080007c4                __libc_init_array
 .text.memset   0x0000000008000858      0x12c /usr/bin/../lib/gcc/arm-none-eabi/4.7.4/../../../../arm-none-eabi/lib/armv7e-m/fpu/libc.a(lib_a-memset.o)
                0x0000000008000858                memset
 .text.startup.register_fini
                0x0000000008000984       0x14 /usr/bin/../lib/gcc/arm-none-eabi/4.7.4/../../../../arm-none-eabi/lib/armv7e-m/fpu/libc.a(lib_a-__call_atexit.o)
 .text.__call_exitprocs
                0x0000000008000998      0x288 /usr/bin/../lib/gcc/arm-none-eabi/4.7.4/../../../../arm-none-eabi/lib/armv7e-m/fpu/libc.a(lib_a-__call_atexit.o)
                0x0000000008000998                __call_exitprocs
 .text.atexit   0x0000000008000c20        0xc /usr/bin/../lib/gcc/arm-none-eabi/4.7.4/../../../../arm-none-eabi/lib/armv7e-m/fpu/libc.a(lib_a-atexit.o)
                0x0000000008000c20                atexit
 .text._exit    0x0000000008000c2c        0x4 /usr/bin/../lib/gcc/arm-none-eabi/4.7.4/../../../../arm-none-eabi/lib/armv7e-m/fpu/libnosys.a(_exit.o)
                0x0000000008000c2c                _exit
 .text.Reset_Handler
                0x0000000008000c30       0x5c obj/startup.o
                0x0000000008000c30                Reset_Handler
 .text.Default_Handler
                0x0000000008000c8c        0x4 obj/startup.o
                0x0000000008000c8c                RTC_Alarm_IRQHandler
                0x0000000008000c8c                HASH_RNG_IRQHandler
                0x0000000008000c8c                EXTI2_IRQHandler
                0x0000000008000c8c                TIM8_CC_IRQHandler
                0x0000000008000c8c                TIM1_CC_IRQHandler
                0x0000000008000c8c                DMA2_Stream5_IRQHandler
                0x0000000008000c8c                DMA1_Stream5_IRQHandler
                0x0000000008000c8c                PVD_IRQHandler
                0x0000000008000c8c                SDIO_IRQHandler
                0x0000000008000c8c                TAMP_STAMP_IRQHandler
                0x0000000008000c8c                CAN2_RX1_IRQHandler
                0x0000000008000c8c                EXTI3_IRQHandler
                0x0000000008000c8c                TIM8_TRG_COM_TIM14_IRQHandler
                0x0000000008000c8c                TIM1_UP_TIM10_IRQHandler
                0x0000000008000c8c                TIM8_UP_TIM13_IRQHandler
                0x0000000008000c8c                I2C3_ER_IRQHandler
                0x0000000008000c8c                EXTI0_IRQHandler
                0x0000000008000c8c                I2C2_EV_IRQHandler
                0x0000000008000c8c                DMA1_Stream2_IRQHandler
                0x0000000008000c8c                CAN1_RX0_IRQHandler
                0x0000000008000c8c                FPU_IRQHandler
                0x0000000008000c8c                OTG_HS_WKUP_IRQHandler
                0x0000000008000c8c                CAN2_SCE_IRQHandler
                0x0000000008000c8c                DMA2_Stream2_IRQHandler
                0x0000000008000c8c                SPI1_IRQHandler
                0x0000000008000c8c                TIM6_DAC_IRQHandler
                0x0000000008000c8c                TIM1_BRK_TIM9_IRQHandler
                0x0000000008000c8c                DCMI_IRQHandler
                0x0000000008000c8c                CAN2_RX0_IRQHandler
                0x0000000008000c8c                DMA2_Stream3_IRQHandler
                0x0000000008000c8c                USART6_IRQHandler
                0x0000000008000c8c                USART3_IRQHandler
                0x0000000008000c8c                CRYP_IRQHandler
                0x0000000008000c8c                CAN1_RX1_IRQHandler
                0x0000000008000c8c                UART5_IRQHandler
                0x0000000008000c8c                DMA2_Stream0_IRQHandler
                0x0000000008000c8c                TIM4_IRQHandler
                0x0000000008000c8c                I2C1_EV_IRQHandler
                0x0000000008000c8c                DMA1_Stream6_IRQHandler
                0x0000000008000c8c                DMA1_Stream1_IRQHandler
                0x0000000008000c8c                UART4_IRQHandler
                0x0000000008000c8c                TIM3_IRQHandler
                0x0000000008000c8c                RCC_IRQHandler
                0x0000000008000c8c                TIM8_BRK_TIM12_IRQHandler
                0x0000000008000c8c                Default_Handler
                0x0000000008000c8c                EXTI15_10_IRQHandler
                0x0000000008000c8c                ADC_IRQHandler
                0x0000000008000c8c                DMA1_Stream7_IRQHandler
                0x0000000008000c8c                TIM7_IRQHandler
                0x0000000008000c8c                CAN2_TX_IRQHandler
                0x0000000008000c8c                TIM5_IRQHandler
                0x0000000008000c8c                DMA2_Stream7_IRQHandler
                0x0000000008000c8c                I2C3_EV_IRQHandler
                0x0000000008000c8c                EXTI9_5_IRQHandler
                0x0000000008000c8c                RTC_WKUP_IRQHandler
                0x0000000008000c8c                ETH_WKUP_IRQHandler
                0x0000000008000c8c                SPI2_IRQHandler
                0x0000000008000c8c                OTG_HS_EP1_IN_IRQHandler
                0x0000000008000c8c                DMA1_Stream0_IRQHandler
                0x0000000008000c8c                CAN1_TX_IRQHandler
                0x0000000008000c8c                EXTI4_IRQHandler
                0x0000000008000c8c                FSMC_IRQHandler
                0x0000000008000c8c                ETH_IRQHandler
                0x0000000008000c8c                OTG_HS_EP1_OUT_IRQHandler
                0x0000000008000c8c                WWDG_IRQHandler
                0x0000000008000c8c                TIM2_IRQHandler
                0x0000000008000c8c                OTG_FS_WKUP_IRQHandler
                0x0000000008000c8c                TIM1_TRG_COM_TIM11_IRQHandler
                0x0000000008000c8c                OTG_HS_IRQHandler
                0x0000000008000c8c                EXTI1_IRQHandler
                0x0000000008000c8c                USART2_IRQHandler
                0x0000000008000c8c                I2C2_ER_IRQHandler
                0x0000000008000c8c                DMA2_Stream1_IRQHandler
                0x0000000008000c8c                CAN1_SCE_IRQHandler
                0x0000000008000c8c                FLASH_IRQHandler
                0x0000000008000c8c                DMA2_Stream4_IRQHandler
                0x0000000008000c8c                USART1_IRQHandler
                0x0000000008000c8c                OTG_FS_IRQHandler
                0x0000000008000c8c                SPI3_IRQHandler
                0x0000000008000c8c                DMA1_Stream4_IRQHandler
                0x0000000008000c8c                I2C1_ER_IRQHandler
                0x0000000008000c8c                DMA2_Stream6_IRQHandler
                0x0000000008000c8c                DMA1_Stream3_IRQHandler
 .text.Default_Handler.stub
                0x0000000008000c90       0x20 linker stubs
 *(.rodata)
 *(.rodata*)
 .rodata.str1.4
                0x0000000008000cb0        0x4 /usr/bin/../lib/gcc/arm-none-eabi/4.7.4/../../../../arm-none-eabi/lib/armv7e-m/fpu/libc.a(lib_a-impure.o)
 .rodata._global_impure_ptr
                0x0000000008000cb4        0x4 /usr/bin/../lib/gcc/arm-none-eabi/4.7.4/../../../../arm-none-eabi/lib/armv7e-m/fpu/libc.a(lib_a-impure.o)
                0x0000000008000cb4                _global_impure_ptr
                0x0000000008000cd0                _sidata = LOADADDR (.data)

.glue_7         0x0000000008000cb8        0x0
 .glue_7        0x0000000000000000        0x0 linker stubs

.glue_7t        0x0000000008000cb8        0x0
 .glue_7t       0x0000000000000000        0x0 linker stubs

.vfp11_veneer   0x0000000008000cb8        0x0
 .vfp11_veneer  0x0000000000000000        0x0 linker stubs

.v4_bx          0x0000000008000cb8        0x0
 .v4_bx         0x0000000000000000        0x0 linker stubs

.init           0x0000000008000cb8        0xc
 .init          0x0000000008000cb8        0x4 /usr/bin/../lib/gcc/arm-none-eabi/4.7.4/armv7e-m/fpu/crti.o
                0x0000000008000cb8                _init
 .init          0x0000000008000cbc        0x8 /usr/bin/../lib/gcc/arm-none-eabi/4.7.4/armv7e-m/fpu/crtn.o

.fini           0x0000000008000cc4        0xc
 .fini          0x0000000008000cc4        0x4 /usr/bin/../lib/gcc/arm-none-eabi/4.7.4/armv7e-m/fpu/crti.o
                0x0000000008000cc4                _fini
 .fini          0x0000000008000cc8        0x8 /usr/bin/../lib/gcc/arm-none-eabi/4.7.4/armv7e-m/fpu/crtn.o

.iplt           0x0000000008000cd0        0x0
 .iplt          0x0000000000000000        0x0 /usr/bin/../lib/gcc/arm-none-eabi/4.7.4/armv7e-m/fpu/crtbegin.o

.data           0x0000000020000000      0x444 load address 0x0000000008000cd0
                0x0000000020000000                . = ALIGN (0x4)
                0x0000000020000000                _sdata = .
 *(.data)
 .data          0x0000000020000000        0x0 /usr/bin/../lib/gcc/arm-none-eabi/4.7.4/armv7e-m/fpu/crti.o
 .data          0x0000000020000000        0x4 /usr/bin/../lib/gcc/arm-none-eabi/4.7.4/armv7e-m/fpu/crtbegin.o
                0x0000000020000000                __dso_handle
 .data          0x0000000020000004        0x0 /usr/bin/../lib/gcc/arm-none-eabi/4.7.4/../../../../arm-none-eabi/lib/armv7e-m/fpu/crt0.o
 .data          0x0000000020000004        0x0 /usr/bin/../lib/gcc/arm-none-eabi/4.7.4/../../../../arm-none-eabi/lib/armv7e-m/fpu/libc.a(lib_a-__atexit.o)
 .data          0x0000000020000004        0x0 /usr/bin/../lib/gcc/arm-none-eabi/4.7.4/../../../../arm-none-eabi/lib/armv7e-m/fpu/libc.a(lib_a-exit.o)
 .data          0x0000000020000004        0x0 /usr/bin/../lib/gcc/arm-none-eabi/4.7.4/../../../../arm-none-eabi/lib/armv7e-m/fpu/libc.a(lib_a-fini.o)
 .data          0x0000000020000004        0x0 /usr/bin/../lib/gcc/arm-none-eabi/4.7.4/../../../../arm-none-eabi/lib/armv7e-m/fpu/libc.a(lib_a-impure.o)
 .data          0x0000000020000004        0x0 /usr/bin/../lib/gcc/arm-none-eabi/4.7.4/../../../../arm-none-eabi/lib/armv7e-m/fpu/libc.a(lib_a-init.o)
 .data          0x0000000020000004        0x0 /usr/bin/../lib/gcc/arm-none-eabi/4.7.4/../../../../arm-none-eabi/lib/armv7e-m/fpu/libc.a(lib_a-memset.o)
 .data          0x0000000020000004        0x0 /usr/bin/../lib/gcc/arm-none-eabi/4.7.4/../../../../arm-none-eabi/lib/armv7e-m/fpu/libc.a(lib_a-__call_atexit.o)
 .data          0x0000000020000004        0x0 /usr/bin/../lib/gcc/arm-none-eabi/4.7.4/../../../../arm-none-eabi/lib/armv7e-m/fpu/libc.a(lib_a-atexit.o)
 .data          0x0000000020000004        0x0 /usr/bin/../lib/gcc/arm-none-eabi/4.7.4/../../../../arm-none-eabi/lib/armv7e-m/fpu/libnosys.a(_exit.o)
 .data          0x0000000020000004        0x0 obj/exceptions.o
 .data          0x0000000020000004       0x14 obj/low_level_init.o
                0x0000000020000004                SystemCoreClock
                0x0000000020000008                AHBPrescTable
 .data          0x0000000020000018        0x0 obj/main.o
 .data          0x0000000020000018        0x0 obj/startup.o
 .data          0x0000000020000018        0x0 /usr/bin/../lib/gcc/arm-none-eabi/4.7.4/armv7e-m/fpu/crtend.o
 .data          0x0000000020000018        0x0 /usr/bin/../lib/gcc/arm-none-eabi/4.7.4/armv7e-m/fpu/crtn.o
 *(.data*)
 .data.impure_data
                0x0000000020000018      0x428 /usr/bin/../lib/gcc/arm-none-eabi/4.7.4/../../../../arm-none-eabi/lib/armv7e-m/fpu/libc.a(lib_a-impure.o)
 .data._impure_ptr
                0x0000000020000440        0x4 /usr/bin/../lib/gcc/arm-none-eabi/4.7.4/../../../../arm-none-eabi/lib/armv7e-m/fpu/libc.a(lib_a-impure.o)
                0x0000000020000440                _impure_ptr
                0x0000000020000444                . = ALIGN (0x4)
                0x0000000020000444                _edata = .

.init_array     0x0000000020000444        0x4 load address 0x0000000008001114
 .init_array    0x0000000020000444        0x4 /usr/bin/../lib/gcc/arm-none-eabi/4.7.4/armv7e-m/fpu/crtbegin.o

.fini_array     0x0000000020000448        0x4 load address 0x0000000008001118
 .fini_array    0x0000000020000448        0x4 /usr/bin/../lib/gcc/arm-none-eabi/4.7.4/armv7e-m/fpu/crtbegin.o

.jcr            0x000000002000044c        0x4 load address 0x000000000800111c
 .jcr           0x000000002000044c        0x0 /usr/bin/../lib/gcc/arm-none-eabi/4.7.4/armv7e-m/fpu/crtbegin.o
 .jcr           0x000000002000044c        0x4 /usr/bin/../lib/gcc/arm-none-eabi/4.7.4/armv7e-m/fpu/crtend.o

.igot.plt       0x0000000020000450        0x0 load address 0x0000000008001120
 .igot.plt      0x0000000000000000        0x0 /usr/bin/../lib/gcc/arm-none-eabi/4.7.4/armv7e-m/fpu/crtbegin.o

.init_array.00000
                0x0000000020000450        0x4 load address 0x0000000008001120
 .init_array.00000
                0x0000000020000450        0x4 /usr/bin/../lib/gcc/arm-none-eabi/4.7.4/../../../../arm-none-eabi/lib/armv7e-m/fpu/libc.a(lib_a-__call_atexit.o)

.bss            0x0000000020000454       0x20 load address 0x0000000008001124
                0x0000000020000454                . = ALIGN (0x4)
                0x0000000020000454                _sbss = .
                0x0000000020000454                __bss_start__ = _sbss
 *(.bss)
 .bss           0x0000000020000454        0x0 /usr/bin/../lib/gcc/arm-none-eabi/4.7.4/armv7e-m/fpu/crti.o
 .bss           0x0000000020000454       0x1c /usr/bin/../lib/gcc/arm-none-eabi/4.7.4/armv7e-m/fpu/crtbegin.o
 .bss           0x0000000020000470        0x0 /usr/bin/../lib/gcc/arm-none-eabi/4.7.4/../../../../arm-none-eabi/lib/armv7e-m/fpu/crt0.o
 .bss           0x0000000020000470        0x0 /usr/bin/../lib/gcc/arm-none-eabi/4.7.4/../../../../arm-none-eabi/lib/armv7e-m/fpu/libc.a(lib_a-__atexit.o)
 .bss           0x0000000020000470        0x0 /usr/bin/../lib/gcc/arm-none-eabi/4.7.4/../../../../arm-none-eabi/lib/armv7e-m/fpu/libc.a(lib_a-exit.o)
 .bss           0x0000000020000470        0x0 /usr/bin/../lib/gcc/arm-none-eabi/4.7.4/../../../../arm-none-eabi/lib/armv7e-m/fpu/libc.a(lib_a-fini.o)
 .bss           0x0000000020000470        0x0 /usr/bin/../lib/gcc/arm-none-eabi/4.7.4/../../../../arm-none-eabi/lib/armv7e-m/fpu/libc.a(lib_a-impure.o)
 .bss           0x0000000020000470        0x0 /usr/bin/../lib/gcc/arm-none-eabi/4.7.4/../../../../arm-none-eabi/lib/armv7e-m/fpu/libc.a(lib_a-init.o)
 .bss           0x0000000020000470        0x0 /usr/bin/../lib/gcc/arm-none-eabi/4.7.4/../../../../arm-none-eabi/lib/armv7e-m/fpu/libc.a(lib_a-memset.o)
 .bss           0x0000000020000470        0x0 /usr/bin/../lib/gcc/arm-none-eabi/4.7.4/../../../../arm-none-eabi/lib/armv7e-m/fpu/libc.a(lib_a-__call_atexit.o)
 .bss           0x0000000020000470        0x0 /usr/bin/../lib/gcc/arm-none-eabi/4.7.4/../../../../arm-none-eabi/lib/armv7e-m/fpu/libc.a(lib_a-atexit.o)
 .bss           0x0000000020000470        0x0 /usr/bin/../lib/gcc/arm-none-eabi/4.7.4/../../../../arm-none-eabi/lib/armv7e-m/fpu/libnosys.a(_exit.o)
 .bss           0x0000000020000470        0x0 obj/exceptions.o
 .bss           0x0000000020000470        0x0 obj/low_level_init.o
 .bss           0x0000000020000470        0x0 obj/main.o
 .bss           0x0000000020000470        0x0 obj/startup.o
 .bss           0x0000000020000470        0x0 /usr/bin/../lib/gcc/arm-none-eabi/4.7.4/armv7e-m/fpu/crtend.o
 .bss           0x0000000020000470        0x0 /usr/bin/../lib/gcc/arm-none-eabi/4.7.4/armv7e-m/fpu/crtn.o
 *(.bss*)
 *(COMMON)
 COMMON         0x0000000020000470        0x4 obj/exceptions.o
                0x0000000020000470                __stm32_tick
                0x0000000020000474                . = ALIGN (0x4)
                0x0000000020000474                _ebss = .
                0x0000000020000474                __bss_end__ = _ebss
                0x0000000020000474                _end = .
                0x0000000020000474                PROVIDE (end, .)

.fastcode       0x0000000020000474       0x88 load address 0x0000000008001124
                0x0000000020000474                . = ALIGN (0x4)
                0x0000000008001124                __fastcode_load = LOADADDR (.fastcode)
                0x0000000020000474                __fastcode_start = .
 *(.fastcode)
 .fastcode      0x0000000020000474       0x88 obj/main.o
                0x0000000020000474                fast_increment
                0x0000000020000494                isqrt3
 *(.fastcode*)
                0x00000000200004fc                . = ALIGN (0x4)
                0x00000000200004fc                __fastcode_end = .
OUTPUT(out/main.elf elf32-littlearm)

.eh_frame       0x00000000200004fc        0x4 load address 0x00000000080011ac
 .eh_frame      0x00000000200004fc        0x0 /usr/bin/../lib/gcc/arm-none-eabi/4.7.4/armv7e-m/fpu/crtbegin.o
 .eh_frame      0x00000000200004fc        0x4 /usr/bin/../lib/gcc/arm-none-eabi/4.7.4/armv7e-m/fpu/crtend.o

.ARM.extab      0x0000000020000500        0x0 load address 0x00000000080011b0
 .ARM.extab     0x0000000020000500        0x0 /usr/bin/../lib/gcc/arm-none-eabi/4.7.4/../../../../arm-none-eabi/lib/armv7e-m/fpu/crt0.o

.ARM.exidx      0x0000000020000500        0x8 load address 0x00000000080011b0
 .ARM.exidx     0x0000000020000500        0x8 /usr/bin/../lib/gcc/arm-none-eabi/4.7.4/../../../../arm-none-eabi/lib/armv7e-m/fpu/crt0.o

.rel.dyn        0x0000000020000508        0x0 load address 0x00000000080011b8
 .rel.iplt      0x0000000000000000        0x0 /usr/bin/../lib/gcc/arm-none-eabi/4.7.4/armv7e-m/fpu/crtbegin.o

.ARM.attributes
                0x0000000000000000       0x32
 .ARM.attributes
                0x0000000000000000       0x24 /usr/bin/../lib/gcc/arm-none-eabi/4.7.4/armv7e-m/fpu/crti.o
 .ARM.attributes
                0x0000000000000024       0x36 /usr/bin/../lib/gcc/arm-none-eabi/4.7.4/armv7e-m/fpu/crtbegin.o
 .ARM.attributes
                0x000000000000005a       0x22 /usr/bin/../lib/gcc/arm-none-eabi/4.7.4/../../../../arm-none-eabi/lib/armv7e-m/fpu/crt0.o
 .ARM.attributes
                0x000000000000007c       0x36 /usr/bin/../lib/gcc/arm-none-eabi/4.7.4/../../../../arm-none-eabi/lib/armv7e-m/fpu/libc.a(lib_a-__atexit.o)
 .ARM.attributes
                0x00000000000000b2       0x36 /usr/bin/../lib/gcc/arm-none-eabi/4.7.4/../../../../arm-none-eabi/lib/armv7e-m/fpu/libc.a(lib_a-exit.o)
 .ARM.attributes
                0x00000000000000e8       0x36 /usr/bin/../lib/gcc/arm-none-eabi/4.7.4/../../../../arm-none-eabi/lib/armv7e-m/fpu/libc.a(lib_a-fini.o)
 .ARM.attributes
                0x000000000000011e       0x36 /usr/bin/../lib/gcc/arm-none-eabi/4.7.4/../../../../arm-none-eabi/lib/armv7e-m/fpu/libc.a(lib_a-impure.o)
 .ARM.attributes
                0x0000000000000154       0x36 /usr/bin/../lib/gcc/arm-none-eabi/4.7.4/../../../../arm-none-eabi/lib/armv7e-m/fpu/libc.a(lib_a-init.o)
 .ARM.attributes
                0x000000000000018a       0x36 /usr/bin/../lib/gcc/arm-none-eabi/4.7.4/../../../../arm-none-eabi/lib/armv7e-m/fpu/libc.a(lib_a-memset.o)
 .ARM.attributes
                0x00000000000001c0       0x36 /usr/bin/../lib/gcc/arm-none-eabi/4.7.4/../../../../arm-none-eabi/lib/armv7e-m/fpu/libc.a(lib_a-__call_atexit.o)
 .ARM.attributes
                0x00000000000001f6       0x36 /usr/bin/../lib/gcc/arm-none-eabi/4.7.4/../../../../arm-none-eabi/lib/armv7e-m/fpu/libc.a(lib_a-atexit.o)
 .ARM.attributes
                0x000000000000022c       0x36 /usr/bin/../lib/gcc/arm-none-eabi/4.7.4/../../../../arm-none-eabi/lib/armv7e-m/fpu/libnosys.a(_exit.o)
 .ARM.attributes
                0x0000000000000262       0x3b obj/exceptions.o
 .ARM.attributes
                0x000000000000029d       0x3b obj/low_level_init.o
 .ARM.attributes
                0x00000000000002d8       0x3b obj/main.o
 .ARM.attributes
                0x0000000000000313       0x21 obj/startup.o
 .ARM.attributes
                0x0000000000000334       0x36 /usr/bin/../lib/gcc/arm-none-eabi/4.7.4/armv7e-m/fpu/crtend.o
 .ARM.attributes
                0x000000000000036a       0x24 /usr/bin/../lib/gcc/arm-none-eabi/4.7.4/armv7e-m/fpu/crtn.o

.comment        0x0000000000000000       0x70
 .comment       0x0000000000000000       0x70 obj/exceptions.o
                                         0x71 (size before relaxing)
 .comment       0x0000000000000000       0x71 obj/low_level_init.o
 .comment       0x0000000000000000       0x71 obj/main.o

.debug_frame    0x0000000000000000      0x320
 .debug_frame   0x0000000000000000       0x34 /usr/bin/../lib/gcc/arm-none-eabi/4.7.4/../../../../arm-none-eabi/lib/armv7e-m/fpu/libc.a(lib_a-__atexit.o)
 .debug_frame   0x0000000000000034       0x28 /usr/bin/../lib/gcc/arm-none-eabi/4.7.4/../../../../arm-none-eabi/lib/armv7e-m/fpu/libc.a(lib_a-exit.o)
 .debug_frame   0x000000000000005c       0x2c /usr/bin/../lib/gcc/arm-none-eabi/4.7.4/../../../../arm-none-eabi/lib/armv7e-m/fpu/libc.a(lib_a-fini.o)
 .debug_frame   0x0000000000000088       0x30 /usr/bin/../lib/gcc/arm-none-eabi/4.7.4/../../../../arm-none-eabi/lib/armv7e-m/fpu/libc.a(lib_a-init.o)
 .debug_frame   0x00000000000000b8       0x2c /usr/bin/../lib/gcc/arm-none-eabi/4.7.4/../../../../arm-none-eabi/lib/armv7e-m/fpu/libc.a(lib_a-memset.o)
 .debug_frame   0x00000000000000e4       0x48 /usr/bin/../lib/gcc/arm-none-eabi/4.7.4/../../../../arm-none-eabi/lib/armv7e-m/fpu/libc.a(lib_a-__call_atexit.o)
 .debug_frame   0x000000000000012c       0x20 /usr/bin/../lib/gcc/arm-none-eabi/4.7.4/../../../../arm-none-eabi/lib/armv7e-m/fpu/libc.a(lib_a-atexit.o)
 .debug_frame   0x000000000000014c       0x20 /usr/bin/../lib/gcc/arm-none-eabi/4.7.4/../../../../arm-none-eabi/lib/armv7e-m/fpu/libnosys.a(_exit.o)
 .debug_frame   0x000000000000016c       0xe8 obj/exceptions.o
 .debug_frame   0x0000000000000254       0x64 obj/low_level_init.o
 .debug_frame   0x00000000000002b8       0x68 obj/main.o

.debug_info     0x0000000000000000      0xc16
 .debug_info    0x0000000000000000      0x174 obj/exceptions.o
 .debug_info    0x0000000000000174      0x5ee obj/low_level_init.o
 .debug_info    0x0000000000000762      0x44f obj/main.o
 .debug_info    0x0000000000000bb1       0x65 obj/startup.o

.debug_abbrev   0x0000000000000000      0x2f5
 .debug_abbrev  0x0000000000000000       0x78 obj/exceptions.o
 .debug_abbrev  0x0000000000000078      0x129 obj/low_level_init.o
 .debug_abbrev  0x00000000000001a1      0x142 obj/main.o
 .debug_abbrev  0x00000000000002e3       0x12 obj/startup.o

.debug_loc      0x0000000000000000      0x2d0
 .debug_loc     0x0000000000000000      0x18c obj/exceptions.o
 .debug_loc     0x000000000000018c       0x9c obj/low_level_init.o
 .debug_loc     0x0000000000000228       0xa8 obj/main.o

.debug_aranges  0x0000000000000000       0x98
 .debug_aranges
                0x0000000000000000       0x20 obj/exceptions.o
 .debug_aranges
                0x0000000000000020       0x20 obj/low_level_init.o
 .debug_aranges
                0x0000000000000040       0x30 obj/main.o
 .debug_aranges
                0x0000000000000070       0x28 obj/startup.o

.debug_line     0x0000000000000000      0x36b
 .debug_line    0x0000000000000000       0xda obj/exceptions.o
 .debug_line    0x00000000000000da      0x104 obj/low_level_init.o
 .debug_line    0x00000000000001de      0x11c obj/main.o
 .debug_line    0x00000000000002fa       0x71 obj/startup.o

.debug_str      0x0000000000000000      0x457
 .debug_str     0x0000000000000000      0x199 obj/exceptions.o
                                        0x1d5 (size before relaxing)
 .debug_str     0x0000000000000199      0x236 obj/low_level_init.o
                                        0x36c (size before relaxing)
 .debug_str     0x00000000000003cf       0x88 obj/main.o
                                        0x2b4 (size before relaxing)

.debug_ranges   0x0000000000000000       0x58
 .debug_ranges  0x0000000000000000       0x38 obj/main.o
 .debug_ranges  0x0000000000000038       0x20 obj/startup.o
