Archive member included because of file (symbol)

../../libopencm3/lib/libopencm3_stm32f4.a(rcc.o)
                              obj/main.o (rcc_peripheral_enable_clock)
../../libopencm3/lib/libopencm3_stm32f4.a(gpio_common_all.o)
                              obj/main.o (gpio_set)
../../libopencm3/lib/libopencm3_stm32f4.a(gpio_common_f0234.o)
                              obj/main.o (gpio_mode_setup)
../../libopencm3/lib/libopencm3_stm32f4.a(flash_common_f234.o)
                              ../../libopencm3/lib/libopencm3_stm32f4.a(rcc.o) (flash_set_ws)
../../libopencm3/lib/libopencm3_stm32f4.a(assert.o)
                              ../../libopencm3/lib/libopencm3_stm32f4.a(rcc.o) (cm3_assert_failed)
../../libopencm3/lib/libopencm3_stm32f4.a(pwr.o)
                              ../../libopencm3/lib/libopencm3_stm32f4.a(rcc.o) (pwr_set_vos_scale)
/usr/bin/../lib/gcc/arm-none-eabi/4.7.4/../../../../arm-none-eabi/lib/armv7e-m/fpu/libc_s.a(lib_a-errno.o)
                              obj/sbrk.o (__errno)
/usr/bin/../lib/gcc/arm-none-eabi/4.7.4/../../../../arm-none-eabi/lib/armv7e-m/fpu/libc_s.a(lib_a-impure.o)
                              /usr/bin/../lib/gcc/arm-none-eabi/4.7.4/../../../../arm-none-eabi/lib/armv7e-m/fpu/libc_s.a(lib_a-errno.o) (_impure_ptr)
/usr/bin/../lib/gcc/arm-none-eabi/4.7.4/../../../../arm-none-eabi/lib/armv7e-m/fpu/libc_s.a(lib_a-memcmp.o)
                              obj/tasks.o (memcmp)
/usr/bin/../lib/gcc/arm-none-eabi/4.7.4/../../../../arm-none-eabi/lib/armv7e-m/fpu/libc_s.a(lib_a-memcpy.o)
                              obj/queue.o (memcpy)
/usr/bin/../lib/gcc/arm-none-eabi/4.7.4/../../../../arm-none-eabi/lib/armv7e-m/fpu/libc_s.a(lib_a-memset.o)
                              obj/tasks.o (memset)
/usr/bin/../lib/gcc/arm-none-eabi/4.7.4/../../../../arm-none-eabi/lib/armv7e-m/fpu/libc_s.a(lib_a-sprintf.o)
                              obj/tasks.o (sprintf)
/usr/bin/../lib/gcc/arm-none-eabi/4.7.4/../../../../arm-none-eabi/lib/armv7e-m/fpu/libc_s.a(lib_a-strcat.o)
                              obj/tasks.o (strcat)
/usr/bin/../lib/gcc/arm-none-eabi/4.7.4/../../../../arm-none-eabi/lib/armv7e-m/fpu/libc_s.a(lib_a-strncpy.o)
                              obj/tasks.o (strncpy)
/usr/bin/../lib/gcc/arm-none-eabi/4.7.4/../../../../arm-none-eabi/lib/armv7e-m/fpu/libc_s.a(lib_a-svfprintf.o)
                              /usr/bin/../lib/gcc/arm-none-eabi/4.7.4/../../../../arm-none-eabi/lib/armv7e-m/fpu/libc_s.a(lib_a-sprintf.o) (_svfprintf_r)
/usr/bin/../lib/gcc/arm-none-eabi/4.7.4/../../../../arm-none-eabi/lib/armv7e-m/fpu/libc_s.a(lib_a-vfprintf_i.o)
                              /usr/bin/../lib/gcc/arm-none-eabi/4.7.4/../../../../arm-none-eabi/lib/armv7e-m/fpu/libc_s.a(lib_a-svfprintf.o) (_printf_i)
/usr/bin/../lib/gcc/arm-none-eabi/4.7.4/../../../../arm-none-eabi/lib/armv7e-m/fpu/libc_s.a(lib_a-freer.o)
                              /usr/bin/../lib/gcc/arm-none-eabi/4.7.4/../../../../arm-none-eabi/lib/armv7e-m/fpu/libc_s.a(lib_a-svfprintf.o) (_free_r)
/usr/bin/../lib/gcc/arm-none-eabi/4.7.4/../../../../arm-none-eabi/lib/armv7e-m/fpu/libc_s.a(lib_a-mallocr.o)
                              /usr/bin/../lib/gcc/arm-none-eabi/4.7.4/../../../../arm-none-eabi/lib/armv7e-m/fpu/libc_s.a(lib_a-svfprintf.o) (_malloc_r)
/usr/bin/../lib/gcc/arm-none-eabi/4.7.4/../../../../arm-none-eabi/lib/armv7e-m/fpu/libc_s.a(lib_a-memchr.o)
                              /usr/bin/../lib/gcc/arm-none-eabi/4.7.4/../../../../arm-none-eabi/lib/armv7e-m/fpu/libc_s.a(lib_a-svfprintf.o) (memchr)
/usr/bin/../lib/gcc/arm-none-eabi/4.7.4/../../../../arm-none-eabi/lib/armv7e-m/fpu/libc_s.a(lib_a-memmove.o)
                              /usr/bin/../lib/gcc/arm-none-eabi/4.7.4/../../../../arm-none-eabi/lib/armv7e-m/fpu/libc_s.a(lib_a-svfprintf.o) (memmove)
/usr/bin/../lib/gcc/arm-none-eabi/4.7.4/../../../../arm-none-eabi/lib/armv7e-m/fpu/libc_s.a(lib_a-reallocr.o)
                              /usr/bin/../lib/gcc/arm-none-eabi/4.7.4/../../../../arm-none-eabi/lib/armv7e-m/fpu/libc_s.a(lib_a-svfprintf.o) (_realloc_r)
/usr/bin/../lib/gcc/arm-none-eabi/4.7.4/../../../../arm-none-eabi/lib/armv7e-m/fpu/libc_s.a(lib_a-sbrkr.o)
                              /usr/bin/../lib/gcc/arm-none-eabi/4.7.4/../../../../arm-none-eabi/lib/armv7e-m/fpu/libc_s.a(lib_a-mallocr.o) (_sbrk_r)
/usr/bin/../lib/gcc/arm-none-eabi/4.7.4/../../../../arm-none-eabi/lib/armv7e-m/fpu/libc_s.a(lib_a-strlen.o)
                              /usr/bin/../lib/gcc/arm-none-eabi/4.7.4/../../../../arm-none-eabi/lib/armv7e-m/fpu/libc_s.a(lib_a-vfprintf_i.o) (strlen)
/usr/bin/../lib/gcc/arm-none-eabi/4.7.4/../../../../arm-none-eabi/lib/armv7e-m/fpu/libc_s.a(lib_a-msizer.o)
                              /usr/bin/../lib/gcc/arm-none-eabi/4.7.4/../../../../arm-none-eabi/lib/armv7e-m/fpu/libc_s.a(lib_a-reallocr.o) (_malloc_usable_size_r)
/usr/bin/../lib/gcc/arm-none-eabi/4.7.4/../../../../arm-none-eabi/lib/armv7e-m/fpu/libc_s.a(lib_a-reent.o)
                              /usr/bin/../lib/gcc/arm-none-eabi/4.7.4/../../../../arm-none-eabi/lib/armv7e-m/fpu/libc_s.a(lib_a-sbrkr.o) (errno)

Allocating common symbols
Common symbol       size              file

errno               0x4               /usr/bin/../lib/gcc/arm-none-eabi/4.7.4/../../../../arm-none-eabi/lib/armv7e-m/fpu/libc_s.a(lib_a-reent.o)
xQueueRegistry      0x40              obj/queue.o
__stm32_tick        0x4               obj/exceptions.o

Discarded input sections

 .data          0x0000000000000000        0x0 obj/exceptions.o
 .bss           0x0000000000000000        0x0 obj/exceptions.o
 COMMON         0x0000000000000000        0x4 obj/exceptions.o
 .data          0x0000000000000000        0x0 obj/hooks.o
 .data          0x0000000000000000        0x0 obj/list.o
 .bss           0x0000000000000000        0x0 obj/list.o
 .bss           0x0000000000000000        0x0 obj/low_level_init.o
 .data          0x0000000000000000        0x0 obj/main.o
 .bss           0x0000000000000000        0x0 obj/port.o
 .rodata        0x0000000000000000        0x4 obj/port.o
 .data          0x0000000000000000        0x0 obj/queue.o
 .bss           0x0000000000000000        0x0 obj/queue.o
 .data          0x0000000000000000        0x0 obj/sbrk.o
 .data          0x0000000000000000        0x0 obj/timers.o
 .text          0x0000000000000000       0x14 obj/startup.o
 .data          0x0000000000000000        0x0 obj/startup.o
 .bss           0x0000000000000000        0x0 obj/startup.o
 .text          0x0000000000000000        0x0 ../../libopencm3/lib/libopencm3_stm32f4.a(rcc.o)
 .data          0x0000000000000000        0x0 ../../libopencm3/lib/libopencm3_stm32f4.a(rcc.o)
 .bss           0x0000000000000000        0x0 ../../libopencm3/lib/libopencm3_stm32f4.a(rcc.o)
 .text.rcc_osc_ready_int_clear
                0x0000000000000000       0x48 ../../libopencm3/lib/libopencm3_stm32f4.a(rcc.o)
 .text.rcc_osc_ready_int_enable
                0x0000000000000000       0x48 ../../libopencm3/lib/libopencm3_stm32f4.a(rcc.o)
 .text.rcc_osc_ready_int_disable
                0x0000000000000000       0x48 ../../libopencm3/lib/libopencm3_stm32f4.a(rcc.o)
 .text.rcc_osc_ready_int_flag
                0x0000000000000000       0x44 ../../libopencm3/lib/libopencm3_stm32f4.a(rcc.o)
 .text.rcc_css_int_clear
                0x0000000000000000       0x10 ../../libopencm3/lib/libopencm3_stm32f4.a(rcc.o)
 .text.rcc_css_int_flag
                0x0000000000000000       0x10 ../../libopencm3/lib/libopencm3_stm32f4.a(rcc.o)
 .text.rcc_css_enable
                0x0000000000000000       0x10 ../../libopencm3/lib/libopencm3_stm32f4.a(rcc.o)
 .text.rcc_css_disable
                0x0000000000000000       0x10 ../../libopencm3/lib/libopencm3_stm32f4.a(rcc.o)
 .text.rcc_osc_bypass_enable
                0x0000000000000000       0x28 ../../libopencm3/lib/libopencm3_stm32f4.a(rcc.o)
 .text.rcc_osc_bypass_disable
                0x0000000000000000       0x28 ../../libopencm3/lib/libopencm3_stm32f4.a(rcc.o)
 .text.rcc_peripheral_disable_clock
                0x0000000000000000        0xa ../../libopencm3/lib/libopencm3_stm32f4.a(rcc.o)
 .text.rcc_peripheral_reset
                0x0000000000000000        0x8 ../../libopencm3/lib/libopencm3_stm32f4.a(rcc.o)
 .text.rcc_peripheral_clear_reset
                0x0000000000000000        0xa ../../libopencm3/lib/libopencm3_stm32f4.a(rcc.o)
 .text.rcc_set_pll_source
                0x0000000000000000       0x14 ../../libopencm3/lib/libopencm3_stm32f4.a(rcc.o)
 .text.rcc_set_rtcpre
                0x0000000000000000       0x14 ../../libopencm3/lib/libopencm3_stm32f4.a(rcc.o)
 .text.rcc_set_main_pll_hsi
                0x0000000000000000       0x1c ../../libopencm3/lib/libopencm3_stm32f4.a(rcc.o)
 .text.rcc_system_clock_source
                0x0000000000000000       0x10 ../../libopencm3/lib/libopencm3_stm32f4.a(rcc.o)
 .text.rcc_backupdomain_reset
                0x0000000000000000       0x18 ../../libopencm3/lib/libopencm3_stm32f4.a(rcc.o)
 .rodata.hse_12mhz_3v3
                0x0000000000000000       0x48 ../../libopencm3/lib/libopencm3_stm32f4.a(rcc.o)
 .rodata.hse_16mhz_3v3
                0x0000000000000000       0x48 ../../libopencm3/lib/libopencm3_stm32f4.a(rcc.o)
 .text          0x0000000000000000        0x0 ../../libopencm3/lib/libopencm3_stm32f4.a(gpio_common_all.o)
 .data          0x0000000000000000        0x0 ../../libopencm3/lib/libopencm3_stm32f4.a(gpio_common_all.o)
 .bss           0x0000000000000000        0x0 ../../libopencm3/lib/libopencm3_stm32f4.a(gpio_common_all.o)
 .text.gpio_get
                0x0000000000000000        0x6 ../../libopencm3/lib/libopencm3_stm32f4.a(gpio_common_all.o)
 .text.gpio_toggle
                0x0000000000000000        0x8 ../../libopencm3/lib/libopencm3_stm32f4.a(gpio_common_all.o)
 .text.gpio_port_read
                0x0000000000000000        0x6 ../../libopencm3/lib/libopencm3_stm32f4.a(gpio_common_all.o)
 .text.gpio_port_write
                0x0000000000000000        0x4 ../../libopencm3/lib/libopencm3_stm32f4.a(gpio_common_all.o)
 .text.gpio_port_config_lock
                0x0000000000000000       0x10 ../../libopencm3/lib/libopencm3_stm32f4.a(gpio_common_all.o)
 .text          0x0000000000000000        0x0 ../../libopencm3/lib/libopencm3_stm32f4.a(gpio_common_f0234.o)
 .data          0x0000000000000000        0x0 ../../libopencm3/lib/libopencm3_stm32f4.a(gpio_common_f0234.o)
 .bss           0x0000000000000000        0x0 ../../libopencm3/lib/libopencm3_stm32f4.a(gpio_common_f0234.o)
 .text.gpio_set_output_options
                0x0000000000000000       0x38 ../../libopencm3/lib/libopencm3_stm32f4.a(gpio_common_f0234.o)
 .text.gpio_set_af
                0x0000000000000000       0x56 ../../libopencm3/lib/libopencm3_stm32f4.a(gpio_common_f0234.o)
 .text          0x0000000000000000        0x0 ../../libopencm3/lib/libopencm3_stm32f4.a(flash_common_f234.o)
 .data          0x0000000000000000        0x0 ../../libopencm3/lib/libopencm3_stm32f4.a(flash_common_f234.o)
 .bss           0x0000000000000000        0x0 ../../libopencm3/lib/libopencm3_stm32f4.a(flash_common_f234.o)
 .text.flash_unlock
                0x0000000000000000       0x24 ../../libopencm3/lib/libopencm3_stm32f4.a(flash_common_f234.o)
 .text.flash_lock
                0x0000000000000000       0x10 ../../libopencm3/lib/libopencm3_stm32f4.a(flash_common_f234.o)
 .text.flash_clear_pgperr_flag
                0x0000000000000000       0x10 ../../libopencm3/lib/libopencm3_stm32f4.a(flash_common_f234.o)
 .text.flash_clear_eop_flag
                0x0000000000000000       0x10 ../../libopencm3/lib/libopencm3_stm32f4.a(flash_common_f234.o)
 .text.flash_clear_bsy_flag
                0x0000000000000000       0x10 ../../libopencm3/lib/libopencm3_stm32f4.a(flash_common_f234.o)
 .text.flash_wait_for_last_operation
                0x0000000000000000       0x10 ../../libopencm3/lib/libopencm3_stm32f4.a(flash_common_f234.o)
 .text          0x0000000000000000        0x0 ../../libopencm3/lib/libopencm3_stm32f4.a(assert.o)
 .data          0x0000000000000000        0x0 ../../libopencm3/lib/libopencm3_stm32f4.a(assert.o)
 .bss           0x0000000000000000        0x0 ../../libopencm3/lib/libopencm3_stm32f4.a(assert.o)
 .text.cm3_assert_failed
                0x0000000000000000        0x2 ../../libopencm3/lib/libopencm3_stm32f4.a(assert.o)
 .text.cm3_assert_failed_verbose
                0x0000000000000000        0x6 ../../libopencm3/lib/libopencm3_stm32f4.a(assert.o)
 .debug_info    0x0000000000000000       0xf7 ../../libopencm3/lib/libopencm3_stm32f4.a(assert.o)
 .debug_abbrev  0x0000000000000000       0x88 ../../libopencm3/lib/libopencm3_stm32f4.a(assert.o)
 .debug_loc     0x0000000000000000       0xa4 ../../libopencm3/lib/libopencm3_stm32f4.a(assert.o)
 .debug_aranges
                0x0000000000000000       0x28 ../../libopencm3/lib/libopencm3_stm32f4.a(assert.o)
 .debug_ranges  0x0000000000000000       0x18 ../../libopencm3/lib/libopencm3_stm32f4.a(assert.o)
 .debug_line    0x0000000000000000       0x53 ../../libopencm3/lib/libopencm3_stm32f4.a(assert.o)
 .debug_str     0x0000000000000000      0x183 ../../libopencm3/lib/libopencm3_stm32f4.a(assert.o)
 .comment       0x0000000000000000       0x71 ../../libopencm3/lib/libopencm3_stm32f4.a(assert.o)
 .ARM.attributes
                0x0000000000000000       0x3b ../../libopencm3/lib/libopencm3_stm32f4.a(assert.o)
 .debug_frame   0x0000000000000000       0x38 ../../libopencm3/lib/libopencm3_stm32f4.a(assert.o)
 .text          0x0000000000000000        0x0 ../../libopencm3/lib/libopencm3_stm32f4.a(pwr.o)
 .data          0x0000000000000000        0x0 ../../libopencm3/lib/libopencm3_stm32f4.a(pwr.o)
 .bss           0x0000000000000000        0x0 ../../libopencm3/lib/libopencm3_stm32f4.a(pwr.o)
 .text          0x0000000000000000        0x0 /usr/bin/../lib/gcc/arm-none-eabi/4.7.4/../../../../arm-none-eabi/lib/armv7e-m/fpu/libc_s.a(lib_a-errno.o)
 .data          0x0000000000000000        0x0 /usr/bin/../lib/gcc/arm-none-eabi/4.7.4/../../../../arm-none-eabi/lib/armv7e-m/fpu/libc_s.a(lib_a-errno.o)
 .bss           0x0000000000000000        0x0 /usr/bin/../lib/gcc/arm-none-eabi/4.7.4/../../../../arm-none-eabi/lib/armv7e-m/fpu/libc_s.a(lib_a-errno.o)
 .text          0x0000000000000000        0x0 /usr/bin/../lib/gcc/arm-none-eabi/4.7.4/../../../../arm-none-eabi/lib/armv7e-m/fpu/libc_s.a(lib_a-impure.o)
 .data          0x0000000000000000        0x0 /usr/bin/../lib/gcc/arm-none-eabi/4.7.4/../../../../arm-none-eabi/lib/armv7e-m/fpu/libc_s.a(lib_a-impure.o)
 .bss           0x0000000000000000        0x0 /usr/bin/../lib/gcc/arm-none-eabi/4.7.4/../../../../arm-none-eabi/lib/armv7e-m/fpu/libc_s.a(lib_a-impure.o)
 .rodata._global_impure_ptr
                0x0000000000000000        0x4 /usr/bin/../lib/gcc/arm-none-eabi/4.7.4/../../../../arm-none-eabi/lib/armv7e-m/fpu/libc_s.a(lib_a-impure.o)
 .text          0x0000000000000000        0x0 /usr/bin/../lib/gcc/arm-none-eabi/4.7.4/../../../../arm-none-eabi/lib/armv7e-m/fpu/libc_s.a(lib_a-memcmp.o)
 .data          0x0000000000000000        0x0 /usr/bin/../lib/gcc/arm-none-eabi/4.7.4/../../../../arm-none-eabi/lib/armv7e-m/fpu/libc_s.a(lib_a-memcmp.o)
 .bss           0x0000000000000000        0x0 /usr/bin/../lib/gcc/arm-none-eabi/4.7.4/../../../../arm-none-eabi/lib/armv7e-m/fpu/libc_s.a(lib_a-memcmp.o)
 .text          0x0000000000000000        0x0 /usr/bin/../lib/gcc/arm-none-eabi/4.7.4/../../../../arm-none-eabi/lib/armv7e-m/fpu/libc_s.a(lib_a-memcpy.o)
 .data          0x0000000000000000        0x0 /usr/bin/../lib/gcc/arm-none-eabi/4.7.4/../../../../arm-none-eabi/lib/armv7e-m/fpu/libc_s.a(lib_a-memcpy.o)
 .bss           0x0000000000000000        0x0 /usr/bin/../lib/gcc/arm-none-eabi/4.7.4/../../../../arm-none-eabi/lib/armv7e-m/fpu/libc_s.a(lib_a-memcpy.o)
 .text          0x0000000000000000        0x0 /usr/bin/../lib/gcc/arm-none-eabi/4.7.4/../../../../arm-none-eabi/lib/armv7e-m/fpu/libc_s.a(lib_a-memset.o)
 .data          0x0000000000000000        0x0 /usr/bin/../lib/gcc/arm-none-eabi/4.7.4/../../../../arm-none-eabi/lib/armv7e-m/fpu/libc_s.a(lib_a-memset.o)
 .bss           0x0000000000000000        0x0 /usr/bin/../lib/gcc/arm-none-eabi/4.7.4/../../../../arm-none-eabi/lib/armv7e-m/fpu/libc_s.a(lib_a-memset.o)
 .text          0x0000000000000000        0x0 /usr/bin/../lib/gcc/arm-none-eabi/4.7.4/../../../../arm-none-eabi/lib/armv7e-m/fpu/libc_s.a(lib_a-sprintf.o)
 .data          0x0000000000000000        0x0 /usr/bin/../lib/gcc/arm-none-eabi/4.7.4/../../../../arm-none-eabi/lib/armv7e-m/fpu/libc_s.a(lib_a-sprintf.o)
 .bss           0x0000000000000000        0x0 /usr/bin/../lib/gcc/arm-none-eabi/4.7.4/../../../../arm-none-eabi/lib/armv7e-m/fpu/libc_s.a(lib_a-sprintf.o)
 .text._sprintf_r
                0x0000000000000000       0x40 /usr/bin/../lib/gcc/arm-none-eabi/4.7.4/../../../../arm-none-eabi/lib/armv7e-m/fpu/libc_s.a(lib_a-sprintf.o)
 .text          0x0000000000000000        0x0 /usr/bin/../lib/gcc/arm-none-eabi/4.7.4/../../../../arm-none-eabi/lib/armv7e-m/fpu/libc_s.a(lib_a-strcat.o)
 .data          0x0000000000000000        0x0 /usr/bin/../lib/gcc/arm-none-eabi/4.7.4/../../../../arm-none-eabi/lib/armv7e-m/fpu/libc_s.a(lib_a-strcat.o)
 .bss           0x0000000000000000        0x0 /usr/bin/../lib/gcc/arm-none-eabi/4.7.4/../../../../arm-none-eabi/lib/armv7e-m/fpu/libc_s.a(lib_a-strcat.o)
 .text          0x0000000000000000        0x0 /usr/bin/../lib/gcc/arm-none-eabi/4.7.4/../../../../arm-none-eabi/lib/armv7e-m/fpu/libc_s.a(lib_a-strncpy.o)
 .data          0x0000000000000000        0x0 /usr/bin/../lib/gcc/arm-none-eabi/4.7.4/../../../../arm-none-eabi/lib/armv7e-m/fpu/libc_s.a(lib_a-strncpy.o)
 .bss           0x0000000000000000        0x0 /usr/bin/../lib/gcc/arm-none-eabi/4.7.4/../../../../arm-none-eabi/lib/armv7e-m/fpu/libc_s.a(lib_a-strncpy.o)
 .text          0x0000000000000000        0x0 /usr/bin/../lib/gcc/arm-none-eabi/4.7.4/../../../../arm-none-eabi/lib/armv7e-m/fpu/libc_s.a(lib_a-svfprintf.o)
 .data          0x0000000000000000        0x0 /usr/bin/../lib/gcc/arm-none-eabi/4.7.4/../../../../arm-none-eabi/lib/armv7e-m/fpu/libc_s.a(lib_a-svfprintf.o)
 .bss           0x0000000000000000        0x0 /usr/bin/../lib/gcc/arm-none-eabi/4.7.4/../../../../arm-none-eabi/lib/armv7e-m/fpu/libc_s.a(lib_a-svfprintf.o)
 .text.__ssprint_r
                0x0000000000000000       0xfa /usr/bin/../lib/gcc/arm-none-eabi/4.7.4/../../../../arm-none-eabi/lib/armv7e-m/fpu/libc_s.a(lib_a-svfprintf.o)
 .text          0x0000000000000000        0x0 /usr/bin/../lib/gcc/arm-none-eabi/4.7.4/../../../../arm-none-eabi/lib/armv7e-m/fpu/libc_s.a(lib_a-vfprintf_i.o)
 .data          0x0000000000000000        0x0 /usr/bin/../lib/gcc/arm-none-eabi/4.7.4/../../../../arm-none-eabi/lib/armv7e-m/fpu/libc_s.a(lib_a-vfprintf_i.o)
 .bss           0x0000000000000000        0x0 /usr/bin/../lib/gcc/arm-none-eabi/4.7.4/../../../../arm-none-eabi/lib/armv7e-m/fpu/libc_s.a(lib_a-vfprintf_i.o)
 .text          0x0000000000000000        0x0 /usr/bin/../lib/gcc/arm-none-eabi/4.7.4/../../../../arm-none-eabi/lib/armv7e-m/fpu/libc_s.a(lib_a-freer.o)
 .data          0x0000000000000000        0x0 /usr/bin/../lib/gcc/arm-none-eabi/4.7.4/../../../../arm-none-eabi/lib/armv7e-m/fpu/libc_s.a(lib_a-freer.o)
 .bss           0x0000000000000000        0x0 /usr/bin/../lib/gcc/arm-none-eabi/4.7.4/../../../../arm-none-eabi/lib/armv7e-m/fpu/libc_s.a(lib_a-freer.o)
 .text          0x0000000000000000        0x0 /usr/bin/../lib/gcc/arm-none-eabi/4.7.4/../../../../arm-none-eabi/lib/armv7e-m/fpu/libc_s.a(lib_a-mallocr.o)
 .data          0x0000000000000000        0x0 /usr/bin/../lib/gcc/arm-none-eabi/4.7.4/../../../../arm-none-eabi/lib/armv7e-m/fpu/libc_s.a(lib_a-mallocr.o)
 .bss           0x0000000000000000        0x0 /usr/bin/../lib/gcc/arm-none-eabi/4.7.4/../../../../arm-none-eabi/lib/armv7e-m/fpu/libc_s.a(lib_a-mallocr.o)
 .text          0x0000000000000000        0x0 /usr/bin/../lib/gcc/arm-none-eabi/4.7.4/../../../../arm-none-eabi/lib/armv7e-m/fpu/libc_s.a(lib_a-memchr.o)
 .data          0x0000000000000000        0x0 /usr/bin/../lib/gcc/arm-none-eabi/4.7.4/../../../../arm-none-eabi/lib/armv7e-m/fpu/libc_s.a(lib_a-memchr.o)
 .bss           0x0000000000000000        0x0 /usr/bin/../lib/gcc/arm-none-eabi/4.7.4/../../../../arm-none-eabi/lib/armv7e-m/fpu/libc_s.a(lib_a-memchr.o)
 .text          0x0000000000000000        0x0 /usr/bin/../lib/gcc/arm-none-eabi/4.7.4/../../../../arm-none-eabi/lib/armv7e-m/fpu/libc_s.a(lib_a-memmove.o)
 .data          0x0000000000000000        0x0 /usr/bin/../lib/gcc/arm-none-eabi/4.7.4/../../../../arm-none-eabi/lib/armv7e-m/fpu/libc_s.a(lib_a-memmove.o)
 .bss           0x0000000000000000        0x0 /usr/bin/../lib/gcc/arm-none-eabi/4.7.4/../../../../arm-none-eabi/lib/armv7e-m/fpu/libc_s.a(lib_a-memmove.o)
 .text.memmove  0x0000000000000000       0x34 /usr/bin/../lib/gcc/arm-none-eabi/4.7.4/../../../../arm-none-eabi/lib/armv7e-m/fpu/libc_s.a(lib_a-memmove.o)
 .ARM.attributes
                0x0000000000000000       0x36 /usr/bin/../lib/gcc/arm-none-eabi/4.7.4/../../../../arm-none-eabi/lib/armv7e-m/fpu/libc_s.a(lib_a-memmove.o)
 .debug_frame   0x0000000000000000       0x2c /usr/bin/../lib/gcc/arm-none-eabi/4.7.4/../../../../arm-none-eabi/lib/armv7e-m/fpu/libc_s.a(lib_a-memmove.o)
 .text          0x0000000000000000        0x0 /usr/bin/../lib/gcc/arm-none-eabi/4.7.4/../../../../arm-none-eabi/lib/armv7e-m/fpu/libc_s.a(lib_a-reallocr.o)
 .data          0x0000000000000000        0x0 /usr/bin/../lib/gcc/arm-none-eabi/4.7.4/../../../../arm-none-eabi/lib/armv7e-m/fpu/libc_s.a(lib_a-reallocr.o)
 .bss           0x0000000000000000        0x0 /usr/bin/../lib/gcc/arm-none-eabi/4.7.4/../../../../arm-none-eabi/lib/armv7e-m/fpu/libc_s.a(lib_a-reallocr.o)
 .text          0x0000000000000000        0x0 /usr/bin/../lib/gcc/arm-none-eabi/4.7.4/../../../../arm-none-eabi/lib/armv7e-m/fpu/libc_s.a(lib_a-sbrkr.o)
 .data          0x0000000000000000        0x0 /usr/bin/../lib/gcc/arm-none-eabi/4.7.4/../../../../arm-none-eabi/lib/armv7e-m/fpu/libc_s.a(lib_a-sbrkr.o)
 .bss           0x0000000000000000        0x0 /usr/bin/../lib/gcc/arm-none-eabi/4.7.4/../../../../arm-none-eabi/lib/armv7e-m/fpu/libc_s.a(lib_a-sbrkr.o)
 .text          0x0000000000000000        0x0 /usr/bin/../lib/gcc/arm-none-eabi/4.7.4/../../../../arm-none-eabi/lib/armv7e-m/fpu/libc_s.a(lib_a-strlen.o)
 .data          0x0000000000000000        0x0 /usr/bin/../lib/gcc/arm-none-eabi/4.7.4/../../../../arm-none-eabi/lib/armv7e-m/fpu/libc_s.a(lib_a-strlen.o)
 .bss           0x0000000000000000        0x0 /usr/bin/../lib/gcc/arm-none-eabi/4.7.4/../../../../arm-none-eabi/lib/armv7e-m/fpu/libc_s.a(lib_a-strlen.o)
 .text          0x0000000000000000        0x0 /usr/bin/../lib/gcc/arm-none-eabi/4.7.4/../../../../arm-none-eabi/lib/armv7e-m/fpu/libc_s.a(lib_a-msizer.o)
 .data          0x0000000000000000        0x0 /usr/bin/../lib/gcc/arm-none-eabi/4.7.4/../../../../arm-none-eabi/lib/armv7e-m/fpu/libc_s.a(lib_a-msizer.o)
 .bss           0x0000000000000000        0x0 /usr/bin/../lib/gcc/arm-none-eabi/4.7.4/../../../../arm-none-eabi/lib/armv7e-m/fpu/libc_s.a(lib_a-msizer.o)
 .text          0x0000000000000000        0x0 /usr/bin/../lib/gcc/arm-none-eabi/4.7.4/../../../../arm-none-eabi/lib/armv7e-m/fpu/libc_s.a(lib_a-reent.o)
 .data          0x0000000000000000        0x0 /usr/bin/../lib/gcc/arm-none-eabi/4.7.4/../../../../arm-none-eabi/lib/armv7e-m/fpu/libc_s.a(lib_a-reent.o)
 .bss           0x0000000000000000        0x0 /usr/bin/../lib/gcc/arm-none-eabi/4.7.4/../../../../arm-none-eabi/lib/armv7e-m/fpu/libc_s.a(lib_a-reent.o)
 .text.cleanup_glue
                0x0000000000000000       0x1a /usr/bin/../lib/gcc/arm-none-eabi/4.7.4/../../../../arm-none-eabi/lib/armv7e-m/fpu/libc_s.a(lib_a-reent.o)
 .text._reclaim_reent
                0x0000000000000000       0xac /usr/bin/../lib/gcc/arm-none-eabi/4.7.4/../../../../arm-none-eabi/lib/armv7e-m/fpu/libc_s.a(lib_a-reent.o)
 .text._wrapup_reent
                0x0000000000000000       0x30 /usr/bin/../lib/gcc/arm-none-eabi/4.7.4/../../../../arm-none-eabi/lib/armv7e-m/fpu/libc_s.a(lib_a-reent.o)

Memory Configuration

Name             Origin             Length             Attributes
RAM              0x0000000020000000 0x0000000000030000 xrw
FLASH            0x0000000008000000 0x0000000000100000 xr
*default*        0x0000000000000000 0xffffffffffffffff

Linker script and memory map

LOAD /usr/bin/../lib/gcc/arm-none-eabi/4.7.4/../../../../arm-none-eabi/lib/armv7e-m/fpu/libc_s.a
LOAD /usr/bin/../lib/gcc/arm-none-eabi/4.7.4/../../../../arm-none-eabi/lib/armv7e-m/fpu/libnosys.a
LOAD ../../libopencm3/lib//libopencm3_stm32f4.a
LOAD obj/exceptions.o
LOAD obj/heap_2.o
LOAD obj/hooks.o
LOAD obj/list.o
LOAD obj/low_level_init.o
LOAD obj/main.o
LOAD obj/port.o
LOAD obj/queue.o
LOAD obj/sbrk.o
LOAD obj/tasks.o
LOAD obj/timers.o
LOAD obj/startup.o
LOAD ../../libopencm3/lib/libopencm3_stm32f4.a
START GROUP
LOAD /usr/bin/../lib/gcc/arm-none-eabi/4.7.4/armv7e-m/fpu/libgcc.a
LOAD /usr/bin/../lib/gcc/arm-none-eabi/4.7.4/../../../../arm-none-eabi/lib/armv7e-m/fpu/libc_s.a
END GROUP
                0x0000000020020000                _estack = 0x20020000
                0x0000000000000000                . = 0x0

.text           0x0000000008000000     0x436d
 *(.isr_vector)
 .isr_vector    0x0000000008000000      0x188 obj/startup.o
                0x0000000008000000                g_pfnVectors
 *(.text)
 .text          0x0000000008000188       0x38 obj/exceptions.o
                0x0000000008000188                NMI_Handler
                0x0000000008000194                HardFault_Handler
                0x000000000800019c                MemManage_Handler
                0x00000000080001a4                BusFault_Handler
                0x00000000080001ac                UsageFault_Handler
                0x00000000080001b4                DebugMon_Handler
 .text          0x00000000080001c0      0x26c obj/heap_2.o
                0x00000000080001c0                pvPortMalloc
                0x0000000008000380                vPortFree
                0x0000000008000408                xPortGetFreeHeapSize
                0x0000000008000420                vPortInitialiseBlocks
 .text          0x000000000800042c       0x4c obj/hooks.o
                0x000000000800042c                vApplicationTickHook
                0x0000000008000438                vApplicationMallocFailedHook
                0x0000000008000444                vApplicationIdleHook
                0x0000000008000468                vApplicationStackOverflowHook
 .text          0x0000000008000478      0x178 obj/list.o
                0x0000000008000478                vListInitialise
                0x00000000080004b8                vListInitialiseItem
                0x00000000080004d4                vListInsertEnd
                0x0000000008000524                vListInsert
                0x0000000008000598                uxListRemove
 .text          0x00000000080005f0      0x21c obj/low_level_init.o
                0x00000000080005f0                low_level_init
 .text          0x000000000800080c      0x224 obj/main.o
                0x000000000800084c                main
                0x00000000080008d8                vTest1Task
                0x00000000080008f4                vLEDTask
 .text          0x0000000008000a30      0x270 obj/port.o
                0x0000000008000a30                pxPortInitialiseStack
                0x0000000008000aa0                SVC_Handler
                0x0000000008000acc                xPortStartScheduler
                0x0000000008000b3c                vPortEndScheduler
                0x0000000008000b48                vPortYieldFromISR
                0x0000000008000b60                vPortEnterCritical
                0x0000000008000b84                vPortExitCritical
                0x0000000008000bb8                ulPortSetInterruptMask
                0x0000000008000bcc                vPortClearInterruptMask
                0x0000000008000bd4                PendSV_Handler
                0x0000000008000c24                SysTick_Handler
                0x0000000008000c48                vPortSetupTimerInterrupt
 .text          0x0000000008000ca0      0xbe4 obj/queue.o
                0x0000000008000ca0                xQueueGenericReset
                0x0000000008000d5c                xQueueGenericCreate
                0x0000000008000dec                xQueueCreateMutex
                0x0000000008000e98                xQueueGiveMutexRecursive
                0x0000000008000efc                xQueueTakeMutexRecursive
                0x0000000008000f64                xQueueCreateCountingSemaphore
                0x0000000008000fa4                xQueueGenericSend
                0x00000000080010f0                xQueueGenericSendFromISR
                0x00000000080011a8                xQueueGenericReceive
                0x000000000800135c                xQueueReceiveFromISR
                0x0000000008001418                uxQueueMessagesWaiting
                0x0000000008001448                uxQueueMessagesWaitingFromISR
                0x0000000008001470                vQueueDelete
                0x00000000080014a4                ucQueueGetQueueNumber
                0x00000000080014c0                vQueueSetQueueNumber
                0x00000000080014e0                ucQueueGetQueueType
                0x00000000080016dc                xQueueIsQueueEmptyFromISR
                0x000000000800173c                xQueueIsQueueFullFromISR
                0x0000000008001770                vQueueAddToRegistry
                0x0000000008001828                vQueueWaitForMessageRestricted
 .text          0x0000000008001884       0x88 obj/sbrk.o
                0x0000000008001884                _sbrk
 .text          0x000000000800190c     0x17a4 obj/tasks.o
                0x000000000800190c                xTaskGenericCreate
                0x0000000008001aec                vTaskDelete
                0x0000000008001bac                vTaskDelayUntil
                0x0000000008001c74                vTaskDelay
                0x0000000008001cd0                uxTaskPriorityGet
                0x0000000008001d08                vTaskPrioritySet
                0x0000000008001e44                vTaskSuspend
                0x0000000008001f04                xTaskIsTaskSuspended
                0x0000000008001f5c                vTaskResume
                0x0000000008002014                xTaskResumeFromISR
                0x00000000080020ec                vTaskStartScheduler
                0x0000000008002174                vTaskEndScheduler
                0x0000000008002190                vTaskSuspendAll
                0x00000000080021b4                xTaskResumeAll
                0x0000000008002318                xTaskGetTickCount
                0x0000000008002340                xTaskGetTickCountFromISR
                0x000000000800236c                uxTaskGetNumberOfTasks
                0x0000000008002384                vTaskList
                0x00000000080024a0                vTaskIncrementTick
                0x0000000008002680                vTaskSwitchContext
                0x00000000080027d4                vTaskPlaceOnEventList
                0x0000000008002858                vTaskPlaceOnEventListRestricted
                0x00000000080028b8                xTaskRemoveFromEventList
                0x0000000008002988                vTaskSetTimeOutState
                0x00000000080029c0                xTaskCheckForTimeOut
                0x0000000008002a7c                vTaskMissedYield
                0x0000000008002a94                uxTaskGetTaskNumber
                0x0000000008002ac4                vTaskSetTaskNumber
                0x0000000008002edc                xTaskGetCurrentTaskHandle
                0x0000000008002efc                xTaskGetSchedulerState
                0x0000000008002f44                vTaskPriorityInherit
                0x0000000008003020                vTaskPriorityDisinherit
 .text          0x00000000080030b0      0x690 obj/timers.o
                0x00000000080030b0                xTimerCreateTimerTask
                0x000000000800311c                xTimerCreate
                0x000000000800318c                xTimerGenericCommand
                0x00000000080036f4                xTimerIsTimerActive
                0x0000000008003724                pvTimerGetTimerID
 *(.text*)
 .text.Reset_Handler
                0x0000000008003740       0x5c obj/startup.o
                0x0000000008003740                Reset_Handler
 .text.Default_Handler
                0x000000000800379c        0x4 obj/startup.o
                0x000000000800379c                RTC_Alarm_IRQHandler
                0x000000000800379c                HASH_RNG_IRQHandler
                0x000000000800379c                EXTI2_IRQHandler
                0x000000000800379c                TIM8_CC_IRQHandler
                0x000000000800379c                TIM1_CC_IRQHandler
                0x000000000800379c                DMA2_Stream5_IRQHandler
                0x000000000800379c                DMA1_Stream5_IRQHandler
                0x000000000800379c                PVD_IRQHandler
                0x000000000800379c                SDIO_IRQHandler
                0x000000000800379c                TAMP_STAMP_IRQHandler
                0x000000000800379c                CAN2_RX1_IRQHandler
                0x000000000800379c                EXTI3_IRQHandler
                0x000000000800379c                TIM8_TRG_COM_TIM14_IRQHandler
                0x000000000800379c                TIM1_UP_TIM10_IRQHandler
                0x000000000800379c                TIM8_UP_TIM13_IRQHandler
                0x000000000800379c                I2C3_ER_IRQHandler
                0x000000000800379c                EXTI0_IRQHandler
                0x000000000800379c                I2C2_EV_IRQHandler
                0x000000000800379c                DMA1_Stream2_IRQHandler
                0x000000000800379c                CAN1_RX0_IRQHandler
                0x000000000800379c                FPU_IRQHandler
                0x000000000800379c                OTG_HS_WKUP_IRQHandler
                0x000000000800379c                CAN2_SCE_IRQHandler
                0x000000000800379c                DMA2_Stream2_IRQHandler
                0x000000000800379c                SPI1_IRQHandler
                0x000000000800379c                TIM6_DAC_IRQHandler
                0x000000000800379c                TIM1_BRK_TIM9_IRQHandler
                0x000000000800379c                DCMI_IRQHandler
                0x000000000800379c                CAN2_RX0_IRQHandler
                0x000000000800379c                DMA2_Stream3_IRQHandler
                0x000000000800379c                USART6_IRQHandler
                0x000000000800379c                USART3_IRQHandler
                0x000000000800379c                CRYP_IRQHandler
                0x000000000800379c                CAN1_RX1_IRQHandler
                0x000000000800379c                UART5_IRQHandler
                0x000000000800379c                DMA2_Stream0_IRQHandler
                0x000000000800379c                TIM4_IRQHandler
                0x000000000800379c                I2C1_EV_IRQHandler
                0x000000000800379c                DMA1_Stream6_IRQHandler
                0x000000000800379c                DMA1_Stream1_IRQHandler
                0x000000000800379c                UART4_IRQHandler
                0x000000000800379c                TIM3_IRQHandler
                0x000000000800379c                RCC_IRQHandler
                0x000000000800379c                TIM8_BRK_TIM12_IRQHandler
                0x000000000800379c                Default_Handler
                0x000000000800379c                EXTI15_10_IRQHandler
                0x000000000800379c                ADC_IRQHandler
                0x000000000800379c                DMA1_Stream7_IRQHandler
                0x000000000800379c                TIM7_IRQHandler
                0x000000000800379c                CAN2_TX_IRQHandler
                0x000000000800379c                TIM5_IRQHandler
                0x000000000800379c                DMA2_Stream7_IRQHandler
                0x000000000800379c                I2C3_EV_IRQHandler
                0x000000000800379c                EXTI9_5_IRQHandler
                0x000000000800379c                RTC_WKUP_IRQHandler
                0x000000000800379c                ETH_WKUP_IRQHandler
                0x000000000800379c                SPI2_IRQHandler
                0x000000000800379c                OTG_HS_EP1_IN_IRQHandler
                0x000000000800379c                DMA1_Stream0_IRQHandler
                0x000000000800379c                CAN1_TX_IRQHandler
                0x000000000800379c                EXTI4_IRQHandler
                0x000000000800379c                FSMC_IRQHandler
                0x000000000800379c                ETH_IRQHandler
                0x000000000800379c                OTG_HS_EP1_OUT_IRQHandler
                0x000000000800379c                WWDG_IRQHandler
                0x000000000800379c                TIM2_IRQHandler
                0x000000000800379c                OTG_FS_WKUP_IRQHandler
                0x000000000800379c                TIM1_TRG_COM_TIM11_IRQHandler
                0x000000000800379c                OTG_HS_IRQHandler
                0x000000000800379c                EXTI1_IRQHandler
                0x000000000800379c                USART2_IRQHandler
                0x000000000800379c                I2C2_ER_IRQHandler
                0x000000000800379c                DMA2_Stream1_IRQHandler
                0x000000000800379c                CAN1_SCE_IRQHandler
                0x000000000800379c                FLASH_IRQHandler
                0x000000000800379c                DMA2_Stream4_IRQHandler
                0x000000000800379c                USART1_IRQHandler
                0x000000000800379c                OTG_FS_IRQHandler
                0x000000000800379c                SPI3_IRQHandler
                0x000000000800379c                DMA1_Stream4_IRQHandler
                0x000000000800379c                I2C1_ER_IRQHandler
                0x000000000800379c                DMA2_Stream6_IRQHandler
                0x000000000800379c                DMA1_Stream3_IRQHandler
 .text.rcc_wait_for_osc_ready
                0x00000000080037a0       0x4c ../../libopencm3/lib/libopencm3_stm32f4.a(rcc.o)
                0x00000000080037a0                rcc_wait_for_osc_ready
 .text.rcc_wait_for_sysclk_status
                0x00000000080037ec       0x38 ../../libopencm3/lib/libopencm3_stm32f4.a(rcc.o)
                0x00000000080037ec                rcc_wait_for_sysclk_status
 .text.rcc_osc_on
                0x0000000008003824       0x44 ../../libopencm3/lib/libopencm3_stm32f4.a(rcc.o)
                0x0000000008003824                rcc_osc_on
 .text.rcc_osc_off
                0x0000000008003868       0x44 ../../libopencm3/lib/libopencm3_stm32f4.a(rcc.o)
                0x0000000008003868                rcc_osc_off
 .text.rcc_peripheral_enable_clock
                0x00000000080038ac        0x8 ../../libopencm3/lib/libopencm3_stm32f4.a(rcc.o)
                0x00000000080038ac                rcc_peripheral_enable_clock
 .text.rcc_set_sysclk_source
                0x00000000080038b4       0x14 ../../libopencm3/lib/libopencm3_stm32f4.a(rcc.o)
                0x00000000080038b4                rcc_set_sysclk_source
 .text.rcc_set_ppre2
                0x00000000080038c8       0x14 ../../libopencm3/lib/libopencm3_stm32f4.a(rcc.o)
                0x00000000080038c8                rcc_set_ppre2
 .text.rcc_set_ppre1
                0x00000000080038dc       0x14 ../../libopencm3/lib/libopencm3_stm32f4.a(rcc.o)
                0x00000000080038dc                rcc_set_ppre1
 .text.rcc_set_hpre
                0x00000000080038f0       0x14 ../../libopencm3/lib/libopencm3_stm32f4.a(rcc.o)
                0x00000000080038f0                rcc_set_hpre
 .text.rcc_set_main_pll_hse
                0x0000000008003904       0x20 ../../libopencm3/lib/libopencm3_stm32f4.a(rcc.o)
                0x0000000008003904                rcc_set_main_pll_hse
 .text.rcc_clock_setup_hse_3v3
                0x0000000008003924       0x90 ../../libopencm3/lib/libopencm3_stm32f4.a(rcc.o)
                0x0000000008003924                rcc_clock_setup_hse_3v3
 .text.gpio_set
                0x00000000080039b4        0x4 ../../libopencm3/lib/libopencm3_stm32f4.a(gpio_common_all.o)
                0x00000000080039b4                gpio_set
 .text.gpio_clear
                0x00000000080039b8        0x6 ../../libopencm3/lib/libopencm3_stm32f4.a(gpio_common_all.o)
                0x00000000080039b8                gpio_clear
 .text.gpio_mode_setup
                0x00000000080039be       0x46 ../../libopencm3/lib/libopencm3_stm32f4.a(gpio_common_f0234.o)
                0x00000000080039be                gpio_mode_setup
 .text.flash_set_ws
                0x0000000008003a04       0x14 ../../libopencm3/lib/libopencm3_stm32f4.a(flash_common_f234.o)
                0x0000000008003a04                flash_set_ws
 .text.pwr_set_vos_scale
                0x0000000008003a18       0x20 ../../libopencm3/lib/libopencm3_stm32f4.a(pwr.o)
                0x0000000008003a18                pwr_set_vos_scale
 .text.__errno  0x0000000008003a38        0xc /usr/bin/../lib/gcc/arm-none-eabi/4.7.4/../../../../arm-none-eabi/lib/armv7e-m/fpu/libc_s.a(lib_a-errno.o)
                0x0000000008003a38                __errno
 .text.memcmp   0x0000000008003a44       0x1e /usr/bin/../lib/gcc/arm-none-eabi/4.7.4/../../../../arm-none-eabi/lib/armv7e-m/fpu/libc_s.a(lib_a-memcmp.o)
                0x0000000008003a44                memcmp
 .text.memcpy   0x0000000008003a62       0x12 /usr/bin/../lib/gcc/arm-none-eabi/4.7.4/../../../../arm-none-eabi/lib/armv7e-m/fpu/libc_s.a(lib_a-memcpy.o)
                0x0000000008003a62                memcpy
 .text.memset   0x0000000008003a74       0x10 /usr/bin/../lib/gcc/arm-none-eabi/4.7.4/../../../../arm-none-eabi/lib/armv7e-m/fpu/libc_s.a(lib_a-memset.o)
                0x0000000008003a74                memset
 .text.sprintf  0x0000000008003a84       0x48 /usr/bin/../lib/gcc/arm-none-eabi/4.7.4/../../../../arm-none-eabi/lib/armv7e-m/fpu/libc_s.a(lib_a-sprintf.o)
                0x0000000008003a84                sprintf
                0x0000000008003a84                siprintf
 .text.strcat   0x0000000008003acc       0x1a /usr/bin/../lib/gcc/arm-none-eabi/4.7.4/../../../../arm-none-eabi/lib/armv7e-m/fpu/libc_s.a(lib_a-strcat.o)
                0x0000000008003acc                strcat
 .text.strncpy  0x0000000008003ae6       0x2a /usr/bin/../lib/gcc/arm-none-eabi/4.7.4/../../../../arm-none-eabi/lib/armv7e-m/fpu/libc_s.a(lib_a-strncpy.o)
                0x0000000008003ae6                strncpy
 .text.__ssputc_r
                0x0000000008003b10       0xae /usr/bin/../lib/gcc/arm-none-eabi/4.7.4/../../../../arm-none-eabi/lib/armv7e-m/fpu/libc_s.a(lib_a-svfprintf.o)
                0x0000000008003b10                __ssputc_r
 *fill*         0x0000000008003bbe        0x2 00
 .text._svfprintf_r
                0x0000000008003bc0      0x1f4 /usr/bin/../lib/gcc/arm-none-eabi/4.7.4/../../../../arm-none-eabi/lib/armv7e-m/fpu/libc_s.a(lib_a-svfprintf.o)
                0x0000000008003bc0                _svfprintf_r
                0x0000000008003bc0                _svfiprintf_r
 .text._printf_common
                0x0000000008003db4       0xde /usr/bin/../lib/gcc/arm-none-eabi/4.7.4/../../../../arm-none-eabi/lib/armv7e-m/fpu/libc_s.a(lib_a-vfprintf_i.o)
                0x0000000008003db4                _printf_common
 *fill*         0x0000000008003e92        0x2 00
 .text._printf_i
                0x0000000008003e94      0x248 /usr/bin/../lib/gcc/arm-none-eabi/4.7.4/../../../../arm-none-eabi/lib/armv7e-m/fpu/libc_s.a(lib_a-vfprintf_i.o)
                0x0000000008003e94                _printf_i
 .text._free_r  0x00000000080040dc       0x88 /usr/bin/../lib/gcc/arm-none-eabi/4.7.4/../../../../arm-none-eabi/lib/armv7e-m/fpu/libc_s.a(lib_a-freer.o)
                0x00000000080040dc                _free_r
 .text._malloc_r
                0x0000000008004164       0x94 /usr/bin/../lib/gcc/arm-none-eabi/4.7.4/../../../../arm-none-eabi/lib/armv7e-m/fpu/libc_s.a(lib_a-mallocr.o)
                0x0000000008004164                _malloc_r
 .text.memchr   0x00000000080041f8       0x1c /usr/bin/../lib/gcc/arm-none-eabi/4.7.4/../../../../arm-none-eabi/lib/armv7e-m/fpu/libc_s.a(lib_a-memchr.o)
                0x00000000080041f8                memchr
 .text._realloc_r
                0x0000000008004214       0x48 /usr/bin/../lib/gcc/arm-none-eabi/4.7.4/../../../../arm-none-eabi/lib/armv7e-m/fpu/libc_s.a(lib_a-reallocr.o)
                0x0000000008004214                _realloc_r
 .text._sbrk_r  0x000000000800425c       0x20 /usr/bin/../lib/gcc/arm-none-eabi/4.7.4/../../../../arm-none-eabi/lib/armv7e-m/fpu/libc_s.a(lib_a-sbrkr.o)
                0x000000000800425c                _sbrk_r
 .text.strlen   0x000000000800427c       0x10 /usr/bin/../lib/gcc/arm-none-eabi/4.7.4/../../../../arm-none-eabi/lib/armv7e-m/fpu/libc_s.a(lib_a-strlen.o)
                0x000000000800427c                strlen
 .text._malloc_usable_size_r
                0x000000000800428c       0x12 /usr/bin/../lib/gcc/arm-none-eabi/4.7.4/../../../../arm-none-eabi/lib/armv7e-m/fpu/libc_s.a(lib_a-msizer.o)
                0x000000000800428c                _malloc_usable_size_r
 *(.rodata)
 .rodata        0x000000000800429e        0x2 obj/heap_2.o
 .rodata        0x00000000080042a0       0x14 obj/main.o
 .rodata        0x00000000080042b4       0x34 obj/tasks.o
 .rodata        0x00000000080042e8        0x8 obj/timers.o
 *(.rodata*)
 .rodata.hse_8mhz_3v3
                0x00000000080042f0       0x48 ../../libopencm3/lib/libopencm3_stm32f4.a(rcc.o)
                0x00000000080042f0                hse_8mhz_3v3
 .rodata.str1.1
                0x0000000008004338        0x2 /usr/bin/../lib/gcc/arm-none-eabi/4.7.4/../../../../arm-none-eabi/lib/armv7e-m/fpu/libc_s.a(lib_a-impure.o)
 .rodata.str1.1
                0x000000000800433a       0x11 /usr/bin/../lib/gcc/arm-none-eabi/4.7.4/../../../../arm-none-eabi/lib/armv7e-m/fpu/libc_s.a(lib_a-svfprintf.o)
 .rodata.str1.1
                0x000000000800434b       0x22 /usr/bin/../lib/gcc/arm-none-eabi/4.7.4/../../../../arm-none-eabi/lib/armv7e-m/fpu/libc_s.a(lib_a-vfprintf_i.o)
                0x000000000800436d                _sidata = LOADADDR (.data)

.glue_7         0x0000000008004370        0x0
 .glue_7        0x0000000000000000        0x0 linker stubs

.glue_7t        0x0000000008004370        0x0
 .glue_7t       0x0000000000000000        0x0 linker stubs

.vfp11_veneer   0x0000000008004370        0x0
 .vfp11_veneer  0x0000000000000000        0x0 linker stubs

.v4_bx          0x0000000008004370        0x0
 .v4_bx         0x0000000000000000        0x0 linker stubs

.iplt           0x0000000008004370        0x0
 .iplt          0x0000000000000000        0x0 obj/exceptions.o

.rel.dyn        0x0000000008004370        0x0
 .rel.iplt      0x0000000000000000        0x0 obj/exceptions.o

.data           0x0000000020000000       0x90 load address 0x000000000800436d
                0x0000000020000000                . = ALIGN (0x4)
                0x0000000020000000                _sdata = .
 *(.data)
 .data          0x0000000020000000        0x4 obj/heap_2.o
 .data          0x0000000020000004       0x14 obj/low_level_init.o
                0x0000000020000004                SystemCoreClock
                0x0000000020000008                AHBPrescTable
 .data          0x0000000020000018        0x4 obj/port.o
 .data          0x000000002000001c        0x4 obj/tasks.o
 *(.data*)
 .data.rcc_ppre1_frequency
                0x0000000020000020        0x4 ../../libopencm3/lib/libopencm3_stm32f4.a(rcc.o)
                0x0000000020000020                rcc_ppre1_frequency
 .data.rcc_ppre2_frequency
                0x0000000020000024        0x4 ../../libopencm3/lib/libopencm3_stm32f4.a(rcc.o)
                0x0000000020000024                rcc_ppre2_frequency
 .data.impure_data
                0x0000000020000028       0x64 /usr/bin/../lib/gcc/arm-none-eabi/4.7.4/../../../../arm-none-eabi/lib/armv7e-m/fpu/libc_s.a(lib_a-impure.o)
 .data._impure_ptr
                0x000000002000008c        0x4 /usr/bin/../lib/gcc/arm-none-eabi/4.7.4/../../../../arm-none-eabi/lib/armv7e-m/fpu/libc_s.a(lib_a-impure.o)
                0x000000002000008c                _impure_ptr
                0x0000000020000090                . = ALIGN (0x4)
                0x0000000020000090                _edata = .

.igot.plt       0x0000000020000090        0x0 load address 0x00000000080043fd
 .igot.plt      0x0000000000000000        0x0 obj/exceptions.o

.bss            0x0000000020000090    0x12dcc load address 0x00000000080043fd
                0x0000000020000090                . = ALIGN (0x4)
                0x0000000020000090                _sbss = .
                0x0000000020000090                __bss_start__ = _sbss
 *(.bss)
 .bss           0x0000000020000090    0x12c18 obj/heap_2.o
 .bss           0x0000000020012ca8        0x4 obj/hooks.o
 .bss           0x0000000020012cac        0x1 obj/main.o
 *fill*         0x0000000020012cad        0x3 00
 .bss           0x0000000020012cb0        0x4 obj/sbrk.o
 .bss           0x0000000020012cb4      0x128 obj/tasks.o
                0x0000000020012cb4                pxCurrentTCB
 .bss           0x0000000020012ddc       0x38 obj/timers.o
 *(.bss*)
 .bss.__malloc_free_list
                0x0000000020012e14        0x4 /usr/bin/../lib/gcc/arm-none-eabi/4.7.4/../../../../arm-none-eabi/lib/armv7e-m/fpu/libc_s.a(lib_a-mallocr.o)
                0x0000000020012e14                __malloc_free_list
 *(COMMON)
 COMMON         0x0000000020012e18       0x40 obj/queue.o
                0x0000000020012e18                xQueueRegistry
 COMMON         0x0000000020012e58        0x4 /usr/bin/../lib/gcc/arm-none-eabi/4.7.4/../../../../arm-none-eabi/lib/armv7e-m/fpu/libc_s.a(lib_a-reent.o)
                0x0000000020012e58                errno
                0x0000000020012e5c                . = ALIGN (0x4)
                0x0000000020012e5c                _ebss = .
                0x0000000020012e5c                __bss_end__ = _ebss
                0x0000000020012e5c                _end = .
                0x0000000020012e5c                PROVIDE (end, .)
OUTPUT(out/main.elf elf32-littlearm)

.debug_info     0x0000000000000000     0x4607
 .debug_info    0x0000000000000000      0x132 obj/exceptions.o
 .debug_info    0x0000000000000132      0x2de obj/heap_2.o
 .debug_info    0x0000000000000410      0x120 obj/hooks.o
 .debug_info    0x0000000000000530      0x2b6 obj/list.o
 .debug_info    0x00000000000007e6      0x58b obj/low_level_init.o
 .debug_info    0x0000000000000d71      0x28b obj/main.o
 .debug_info    0x0000000000000ffc      0x267 obj/port.o
 .debug_info    0x0000000000001263      0xa79 obj/queue.o
 .debug_info    0x0000000000001cdc      0x168 obj/sbrk.o
 .debug_info    0x0000000000001e44     0x1071 obj/tasks.o
 .debug_info    0x0000000000002eb5      0x76b obj/timers.o
 .debug_info    0x0000000000003620       0x6f obj/startup.o
 .debug_info    0x000000000000368f      0x98a ../../libopencm3/lib/libopencm3_stm32f4.a(rcc.o)
 .debug_info    0x0000000000004019      0x225 ../../libopencm3/lib/libopencm3_stm32f4.a(gpio_common_all.o)
 .debug_info    0x000000000000423e      0x1d9 ../../libopencm3/lib/libopencm3_stm32f4.a(gpio_common_f0234.o)
 .debug_info    0x0000000000004417      0x130 ../../libopencm3/lib/libopencm3_stm32f4.a(flash_common_f234.o)
 .debug_info    0x0000000000004547       0xc0 ../../libopencm3/lib/libopencm3_stm32f4.a(pwr.o)

.debug_abbrev   0x0000000000000000     0x12c6
 .debug_abbrev  0x0000000000000000       0x78 obj/exceptions.o
 .debug_abbrev  0x0000000000000078      0x179 obj/heap_2.o
 .debug_abbrev  0x00000000000001f1       0xc9 obj/hooks.o
 .debug_abbrev  0x00000000000002ba       0xbe obj/list.o
 .debug_abbrev  0x0000000000000378      0x10f obj/low_level_init.o
 .debug_abbrev  0x0000000000000487      0x143 obj/main.o
 .debug_abbrev  0x00000000000005ca      0x1a3 obj/port.o
 .debug_abbrev  0x000000000000076d      0x17e obj/queue.o
 .debug_abbrev  0x00000000000008eb       0xe4 obj/sbrk.o
 .debug_abbrev  0x00000000000009cf      0x1fa obj/tasks.o
 .debug_abbrev  0x0000000000000bc9      0x175 obj/timers.o
 .debug_abbrev  0x0000000000000d3e       0x12 obj/startup.o
 .debug_abbrev  0x0000000000000d50      0x2c3 ../../libopencm3/lib/libopencm3_stm32f4.a(rcc.o)
 .debug_abbrev  0x0000000000001013       0xfe ../../libopencm3/lib/libopencm3_stm32f4.a(gpio_common_all.o)
 .debug_abbrev  0x0000000000001111       0xb6 ../../libopencm3/lib/libopencm3_stm32f4.a(gpio_common_f0234.o)
 .debug_abbrev  0x00000000000011c7       0x89 ../../libopencm3/lib/libopencm3_stm32f4.a(flash_common_f234.o)
 .debug_abbrev  0x0000000000001250       0x76 ../../libopencm3/lib/libopencm3_stm32f4.a(pwr.o)

.debug_loc      0x0000000000000000     0x2146
 .debug_loc     0x0000000000000000      0x108 obj/exceptions.o
 .debug_loc     0x0000000000000108       0xc8 obj/heap_2.o
 .debug_loc     0x00000000000001d0       0xbc obj/hooks.o
 .debug_loc     0x000000000000028c      0x118 obj/list.o
 .debug_loc     0x00000000000003a4       0x64 obj/low_level_init.o
 .debug_loc     0x0000000000000408      0x100 obj/main.o
 .debug_loc     0x0000000000000508      0x16c obj/port.o
 .debug_loc     0x0000000000000674      0x5b0 obj/queue.o
 .debug_loc     0x0000000000000c24       0x38 obj/sbrk.o
 .debug_loc     0x0000000000000c5c      0x8c9 obj/tasks.o
 .debug_loc     0x0000000000001525      0x304 obj/timers.o
 .debug_loc     0x0000000000001829      0x72e ../../libopencm3/lib/libopencm3_stm32f4.a(rcc.o)
 .debug_loc     0x0000000000001f57       0x84 ../../libopencm3/lib/libopencm3_stm32f4.a(gpio_common_all.o)
 .debug_loc     0x0000000000001fdb       0xe7 ../../libopencm3/lib/libopencm3_stm32f4.a(gpio_common_f0234.o)
 .debug_loc     0x00000000000020c2       0x4a ../../libopencm3/lib/libopencm3_stm32f4.a(flash_common_f234.o)
 .debug_loc     0x000000000000210c       0x3a ../../libopencm3/lib/libopencm3_stm32f4.a(pwr.o)

.debug_aranges  0x0000000000000000      0x378
 .debug_aranges
                0x0000000000000000       0x20 obj/exceptions.o
 .debug_aranges
                0x0000000000000020       0x20 obj/heap_2.o
 .debug_aranges
                0x0000000000000040       0x20 obj/hooks.o
 .debug_aranges
                0x0000000000000060       0x20 obj/list.o
 .debug_aranges
                0x0000000000000080       0x20 obj/low_level_init.o
 .debug_aranges
                0x00000000000000a0       0x20 obj/main.o
 .debug_aranges
                0x00000000000000c0       0x20 obj/port.o
 .debug_aranges
                0x00000000000000e0       0x20 obj/queue.o
 .debug_aranges
                0x0000000000000100       0x20 obj/sbrk.o
 .debug_aranges
                0x0000000000000120       0x20 obj/tasks.o
 .debug_aranges
                0x0000000000000140       0x20 obj/timers.o
 .debug_aranges
                0x0000000000000160       0x28 obj/startup.o
 .debug_aranges
                0x0000000000000188      0x100 ../../libopencm3/lib/libopencm3_stm32f4.a(rcc.o)
 .debug_aranges
                0x0000000000000288       0x50 ../../libopencm3/lib/libopencm3_stm32f4.a(gpio_common_all.o)
 .debug_aranges
                0x00000000000002d8       0x30 ../../libopencm3/lib/libopencm3_stm32f4.a(gpio_common_f0234.o)
 .debug_aranges
                0x0000000000000308       0x50 ../../libopencm3/lib/libopencm3_stm32f4.a(flash_common_f234.o)
 .debug_aranges
                0x0000000000000358       0x20 ../../libopencm3/lib/libopencm3_stm32f4.a(pwr.o)

.debug_line     0x0000000000000000     0x19b5
 .debug_line    0x0000000000000000       0xbf obj/exceptions.o
 .debug_line    0x00000000000000bf       0xe4 obj/heap_2.o
 .debug_line    0x00000000000001a3       0xa8 obj/hooks.o
 .debug_line    0x000000000000024b       0x9a obj/list.o
 .debug_line    0x00000000000002e5       0xe2 obj/low_level_init.o
 .debug_line    0x00000000000003c7      0x109 obj/main.o
 .debug_line    0x00000000000004d0      0x10c obj/port.o
 .debug_line    0x00000000000005dc      0x3b9 obj/queue.o
 .debug_line    0x0000000000000995      0x10c obj/sbrk.o
 .debug_line    0x0000000000000aa1      0x584 obj/tasks.o
 .debug_line    0x0000000000001025      0x1a3 obj/timers.o
 .debug_line    0x00000000000011c8       0x71 obj/startup.o
 .debug_line    0x0000000000001239      0x38d ../../libopencm3/lib/libopencm3_stm32f4.a(rcc.o)
 .debug_line    0x00000000000015c6      0x111 ../../libopencm3/lib/libopencm3_stm32f4.a(gpio_common_all.o)
 .debug_line    0x00000000000016d7      0x10d ../../libopencm3/lib/libopencm3_stm32f4.a(gpio_common_f0234.o)
 .debug_line    0x00000000000017e4      0x114 ../../libopencm3/lib/libopencm3_stm32f4.a(flash_common_f234.o)
 .debug_line    0x00000000000018f8       0xbd ../../libopencm3/lib/libopencm3_stm32f4.a(pwr.o)

.debug_str      0x0000000000000000     0x1dde
 .debug_str     0x0000000000000000      0x178 obj/exceptions.o
                                        0x1b4 (size before relaxing)
 .debug_str     0x0000000000000178      0x173 obj/heap_2.o
                                        0x28b (size before relaxing)
 .debug_str     0x00000000000002eb       0x83 obj/hooks.o
                                        0x1bc (size before relaxing)
 .debug_str     0x000000000000036e      0x12c obj/list.o
                                        0x255 (size before relaxing)
 .debug_str     0x000000000000049a      0x1f1 obj/low_level_init.o
                                        0x32c (size before relaxing)
 .debug_str     0x000000000000068b      0x116 obj/main.o
                                        0x261 (size before relaxing)
 .debug_str     0x00000000000007a1      0x168 obj/port.o
                                        0x2ae (size before relaxing)
 .debug_str     0x0000000000000909      0x47d obj/queue.o
                                        0x671 (size before relaxing)
 .debug_str     0x0000000000000d86       0x49 obj/sbrk.o
                                        0x188 (size before relaxing)
 .debug_str     0x0000000000000dcf      0x77c obj/tasks.o
                                        0xa0a (size before relaxing)
 .debug_str     0x000000000000154b      0x332 obj/timers.o
                                        0x55e (size before relaxing)
 .debug_str     0x000000000000187d      0x39d ../../libopencm3/lib/libopencm3_stm32f4.a(rcc.o)
                                        0x519 (size before relaxing)
 .debug_str     0x0000000000001c1a       0x8e ../../libopencm3/lib/libopencm3_stm32f4.a(gpio_common_all.o)
                                        0x1ca (size before relaxing)
 .debug_str     0x0000000000001ca8       0x9a ../../libopencm3/lib/libopencm3_stm32f4.a(gpio_common_f0234.o)
                                        0x1e7 (size before relaxing)
 .debug_str     0x0000000000001d42       0x96 ../../libopencm3/lib/libopencm3_stm32f4.a(flash_common_f234.o)
                                        0x1d6 (size before relaxing)
 .debug_str     0x0000000000001dd8        0x6 ../../libopencm3/lib/libopencm3_stm32f4.a(pwr.o)
                                        0x165 (size before relaxing)

.comment        0x0000000000000000       0xe0
 .comment       0x0000000000000000       0x70 obj/exceptions.o
                                         0x71 (size before relaxing)
 .comment       0x0000000000000000       0x71 obj/heap_2.o
 .comment       0x0000000000000000       0x71 obj/hooks.o
 .comment       0x0000000000000000       0x71 obj/list.o
 .comment       0x0000000000000000       0x71 obj/low_level_init.o
 .comment       0x0000000000000000       0x71 obj/main.o
 .comment       0x0000000000000000       0x71 obj/port.o
 .comment       0x0000000000000000       0x71 obj/queue.o
 .comment       0x0000000000000000       0x71 obj/sbrk.o
 .comment       0x0000000000000000       0x71 obj/tasks.o
 .comment       0x0000000000000000       0x71 obj/timers.o
 .comment       0x0000000000000070       0x70 ../../libopencm3/lib/libopencm3_stm32f4.a(rcc.o)
                                         0x71 (size before relaxing)
 .comment       0x0000000000000000       0x71 ../../libopencm3/lib/libopencm3_stm32f4.a(gpio_common_all.o)
 .comment       0x0000000000000000       0x71 ../../libopencm3/lib/libopencm3_stm32f4.a(gpio_common_f0234.o)
 .comment       0x0000000000000000       0x71 ../../libopencm3/lib/libopencm3_stm32f4.a(flash_common_f234.o)
 .comment       0x0000000000000000       0x71 ../../libopencm3/lib/libopencm3_stm32f4.a(pwr.o)

.ARM.attributes
                0x0000000000000000       0x39
 .ARM.attributes
                0x0000000000000000       0x3b obj/exceptions.o
 .ARM.attributes
                0x000000000000003b       0x3b obj/heap_2.o
 .ARM.attributes
                0x0000000000000076       0x3b obj/hooks.o
 .ARM.attributes
                0x00000000000000b1       0x3b obj/list.o
 .ARM.attributes
                0x00000000000000ec       0x3b obj/low_level_init.o
 .ARM.attributes
                0x0000000000000127       0x3b obj/main.o
 .ARM.attributes
                0x0000000000000162       0x3b obj/port.o
 .ARM.attributes
                0x000000000000019d       0x3b obj/queue.o
 .ARM.attributes
                0x00000000000001d8       0x3b obj/sbrk.o
 .ARM.attributes
                0x0000000000000213       0x3b obj/tasks.o
 .ARM.attributes
                0x000000000000024e       0x3b obj/timers.o
 .ARM.attributes
                0x0000000000000289       0x21 obj/startup.o
 .ARM.attributes
                0x00000000000002aa       0x3b ../../libopencm3/lib/libopencm3_stm32f4.a(rcc.o)
 .ARM.attributes
                0x00000000000002e5       0x3b ../../libopencm3/lib/libopencm3_stm32f4.a(gpio_common_all.o)
 .ARM.attributes
                0x0000000000000320       0x3b ../../libopencm3/lib/libopencm3_stm32f4.a(gpio_common_f0234.o)
 .ARM.attributes
                0x000000000000035b       0x3b ../../libopencm3/lib/libopencm3_stm32f4.a(flash_common_f234.o)
 .ARM.attributes
                0x0000000000000396       0x3b ../../libopencm3/lib/libopencm3_stm32f4.a(pwr.o)
 .ARM.attributes
                0x00000000000003d1       0x36 /usr/bin/../lib/gcc/arm-none-eabi/4.7.4/../../../../arm-none-eabi/lib/armv7e-m/fpu/libc_s.a(lib_a-errno.o)
 .ARM.attributes
                0x0000000000000407       0x36 /usr/bin/../lib/gcc/arm-none-eabi/4.7.4/../../../../arm-none-eabi/lib/armv7e-m/fpu/libc_s.a(lib_a-impure.o)
 .ARM.attributes
                0x000000000000043d       0x36 /usr/bin/../lib/gcc/arm-none-eabi/4.7.4/../../../../arm-none-eabi/lib/armv7e-m/fpu/libc_s.a(lib_a-memcmp.o)
 .ARM.attributes
                0x0000000000000473       0x36 /usr/bin/../lib/gcc/arm-none-eabi/4.7.4/../../../../arm-none-eabi/lib/armv7e-m/fpu/libc_s.a(lib_a-memcpy.o)
 .ARM.attributes
                0x00000000000004a9       0x36 /usr/bin/../lib/gcc/arm-none-eabi/4.7.4/../../../../arm-none-eabi/lib/armv7e-m/fpu/libc_s.a(lib_a-memset.o)
 .ARM.attributes
                0x00000000000004df       0x36 /usr/bin/../lib/gcc/arm-none-eabi/4.7.4/../../../../arm-none-eabi/lib/armv7e-m/fpu/libc_s.a(lib_a-sprintf.o)
 .ARM.attributes
                0x0000000000000515       0x36 /usr/bin/../lib/gcc/arm-none-eabi/4.7.4/../../../../arm-none-eabi/lib/armv7e-m/fpu/libc_s.a(lib_a-strcat.o)
 .ARM.attributes
                0x000000000000054b       0x36 /usr/bin/../lib/gcc/arm-none-eabi/4.7.4/../../../../arm-none-eabi/lib/armv7e-m/fpu/libc_s.a(lib_a-strncpy.o)
 .ARM.attributes
                0x0000000000000581       0x36 /usr/bin/../lib/gcc/arm-none-eabi/4.7.4/../../../../arm-none-eabi/lib/armv7e-m/fpu/libc_s.a(lib_a-svfprintf.o)
 .ARM.attributes
                0x00000000000005b7       0x36 /usr/bin/../lib/gcc/arm-none-eabi/4.7.4/../../../../arm-none-eabi/lib/armv7e-m/fpu/libc_s.a(lib_a-vfprintf_i.o)
 .ARM.attributes
                0x00000000000005ed       0x36 /usr/bin/../lib/gcc/arm-none-eabi/4.7.4/../../../../arm-none-eabi/lib/armv7e-m/fpu/libc_s.a(lib_a-freer.o)
 .ARM.attributes
                0x0000000000000623       0x36 /usr/bin/../lib/gcc/arm-none-eabi/4.7.4/../../../../arm-none-eabi/lib/armv7e-m/fpu/libc_s.a(lib_a-mallocr.o)
 .ARM.attributes
                0x0000000000000659       0x36 /usr/bin/../lib/gcc/arm-none-eabi/4.7.4/../../../../arm-none-eabi/lib/armv7e-m/fpu/libc_s.a(lib_a-memchr.o)
 .ARM.attributes
                0x000000000000068f       0x36 /usr/bin/../lib/gcc/arm-none-eabi/4.7.4/../../../../arm-none-eabi/lib/armv7e-m/fpu/libc_s.a(lib_a-reallocr.o)
 .ARM.attributes
                0x00000000000006c5       0x36 /usr/bin/../lib/gcc/arm-none-eabi/4.7.4/../../../../arm-none-eabi/lib/armv7e-m/fpu/libc_s.a(lib_a-sbrkr.o)
 .ARM.attributes
                0x00000000000006fb       0x36 /usr/bin/../lib/gcc/arm-none-eabi/4.7.4/../../../../arm-none-eabi/lib/armv7e-m/fpu/libc_s.a(lib_a-strlen.o)
 .ARM.attributes
                0x0000000000000731       0x36 /usr/bin/../lib/gcc/arm-none-eabi/4.7.4/../../../../arm-none-eabi/lib/armv7e-m/fpu/libc_s.a(lib_a-msizer.o)
 .ARM.attributes
                0x0000000000000767       0x36 /usr/bin/../lib/gcc/arm-none-eabi/4.7.4/../../../../arm-none-eabi/lib/armv7e-m/fpu/libc_s.a(lib_a-reent.o)

.debug_frame    0x0000000000000000     0x15b8
 .debug_frame   0x0000000000000000       0xa0 obj/exceptions.o
 .debug_frame   0x00000000000000a0       0x80 obj/heap_2.o
 .debug_frame   0x0000000000000120       0x7c obj/hooks.o
 .debug_frame   0x000000000000019c       0x9c obj/list.o
 .debug_frame   0x0000000000000238       0x48 obj/low_level_init.o
 .debug_frame   0x0000000000000280       0xa4 obj/main.o
 .debug_frame   0x0000000000000324      0x144 obj/port.o
 .debug_frame   0x0000000000000468      0x33c obj/queue.o
 .debug_frame   0x00000000000007a4       0x30 obj/sbrk.o
 .debug_frame   0x00000000000007d4      0x504 obj/tasks.o
 .debug_frame   0x0000000000000cd8      0x1c4 obj/timers.o
 .debug_frame   0x0000000000000e9c      0x1f0 ../../libopencm3/lib/libopencm3_stm32f4.a(rcc.o)
 .debug_frame   0x000000000000108c       0x80 ../../libopencm3/lib/libopencm3_stm32f4.a(gpio_common_all.o)
 .debug_frame   0x000000000000110c       0x6c ../../libopencm3/lib/libopencm3_stm32f4.a(gpio_common_f0234.o)
 .debug_frame   0x0000000000001178       0x80 ../../libopencm3/lib/libopencm3_stm32f4.a(flash_common_f234.o)
 .debug_frame   0x00000000000011f8       0x20 ../../libopencm3/lib/libopencm3_stm32f4.a(pwr.o)
 .debug_frame   0x0000000000001218       0x20 /usr/bin/../lib/gcc/arm-none-eabi/4.7.4/../../../../arm-none-eabi/lib/armv7e-m/fpu/libc_s.a(lib_a-errno.o)
 .debug_frame   0x0000000000001238       0x2c /usr/bin/../lib/gcc/arm-none-eabi/4.7.4/../../../../arm-none-eabi/lib/armv7e-m/fpu/libc_s.a(lib_a-memcmp.o)
 .debug_frame   0x0000000000001264       0x28 /usr/bin/../lib/gcc/arm-none-eabi/4.7.4/../../../../arm-none-eabi/lib/armv7e-m/fpu/libc_s.a(lib_a-memcpy.o)
 .debug_frame   0x000000000000128c       0x20 /usr/bin/../lib/gcc/arm-none-eabi/4.7.4/../../../../arm-none-eabi/lib/armv7e-m/fpu/libc_s.a(lib_a-memset.o)
 .debug_frame   0x00000000000012ac       0x58 /usr/bin/../lib/gcc/arm-none-eabi/4.7.4/../../../../arm-none-eabi/lib/armv7e-m/fpu/libc_s.a(lib_a-sprintf.o)
 .debug_frame   0x0000000000001304       0x28 /usr/bin/../lib/gcc/arm-none-eabi/4.7.4/../../../../arm-none-eabi/lib/armv7e-m/fpu/libc_s.a(lib_a-strcat.o)
 .debug_frame   0x000000000000132c       0x2c /usr/bin/../lib/gcc/arm-none-eabi/4.7.4/../../../../arm-none-eabi/lib/armv7e-m/fpu/libc_s.a(lib_a-strncpy.o)
 .debug_frame   0x0000000000001358       0x88 /usr/bin/../lib/gcc/arm-none-eabi/4.7.4/../../../../arm-none-eabi/lib/armv7e-m/fpu/libc_s.a(lib_a-svfprintf.o)
 .debug_frame   0x00000000000013e0       0x58 /usr/bin/../lib/gcc/arm-none-eabi/4.7.4/../../../../arm-none-eabi/lib/armv7e-m/fpu/libc_s.a(lib_a-vfprintf_i.o)
 .debug_frame   0x0000000000001438       0x2c /usr/bin/../lib/gcc/arm-none-eabi/4.7.4/../../../../arm-none-eabi/lib/armv7e-m/fpu/libc_s.a(lib_a-freer.o)
 .debug_frame   0x0000000000001464       0x2c /usr/bin/../lib/gcc/arm-none-eabi/4.7.4/../../../../arm-none-eabi/lib/armv7e-m/fpu/libc_s.a(lib_a-mallocr.o)
 .debug_frame   0x0000000000001490       0x28 /usr/bin/../lib/gcc/arm-none-eabi/4.7.4/../../../../arm-none-eabi/lib/armv7e-m/fpu/libc_s.a(lib_a-memchr.o)
 .debug_frame   0x00000000000014b8       0x30 /usr/bin/../lib/gcc/arm-none-eabi/4.7.4/../../../../arm-none-eabi/lib/armv7e-m/fpu/libc_s.a(lib_a-reallocr.o)
 .debug_frame   0x00000000000014e8       0x2c /usr/bin/../lib/gcc/arm-none-eabi/4.7.4/../../../../arm-none-eabi/lib/armv7e-m/fpu/libc_s.a(lib_a-sbrkr.o)
 .debug_frame   0x0000000000001514       0x20 /usr/bin/../lib/gcc/arm-none-eabi/4.7.4/../../../../arm-none-eabi/lib/armv7e-m/fpu/libc_s.a(lib_a-strlen.o)
 .debug_frame   0x0000000000001534       0x20 /usr/bin/../lib/gcc/arm-none-eabi/4.7.4/../../../../arm-none-eabi/lib/armv7e-m/fpu/libc_s.a(lib_a-msizer.o)
 .debug_frame   0x0000000000001554       0x64 /usr/bin/../lib/gcc/arm-none-eabi/4.7.4/../../../../arm-none-eabi/lib/armv7e-m/fpu/libc_s.a(lib_a-reent.o)

.debug_ranges   0x0000000000000000      0x1c0
 .debug_ranges  0x0000000000000000       0x20 obj/startup.o
 .debug_ranges  0x0000000000000020       0xf0 ../../libopencm3/lib/libopencm3_stm32f4.a(rcc.o)
 .debug_ranges  0x0000000000000110       0x40 ../../libopencm3/lib/libopencm3_stm32f4.a(gpio_common_all.o)
 .debug_ranges  0x0000000000000150       0x20 ../../libopencm3/lib/libopencm3_stm32f4.a(gpio_common_f0234.o)
 .debug_ranges  0x0000000000000170       0x40 ../../libopencm3/lib/libopencm3_stm32f4.a(flash_common_f234.o)
 .debug_ranges  0x00000000000001b0       0x10 ../../libopencm3/lib/libopencm3_stm32f4.a(pwr.o)
