Archive member included because of file (symbol)

/usr/bin/../lib/gcc/arm-none-eabi/4.7.4/../../../../arm-none-eabi/lib/armv7e-m/fpu/libc_s.a(lib_a-__atexit2.o)
                              /usr/bin/../lib/gcc/arm-none-eabi/4.7.4/../../../../arm-none-eabi/lib/armv7e-m/fpu/crt0.o (__register_exitproc)
/usr/bin/../lib/gcc/arm-none-eabi/4.7.4/../../../../arm-none-eabi/lib/armv7e-m/fpu/libc_s.a(lib_a-exit.o)
                              /usr/bin/../lib/gcc/arm-none-eabi/4.7.4/../../../../arm-none-eabi/lib/armv7e-m/fpu/crt0.o (exit)
/usr/bin/../lib/gcc/arm-none-eabi/4.7.4/../../../../arm-none-eabi/lib/armv7e-m/fpu/libc_s.a(lib_a-fini.o)
                              /usr/bin/../lib/gcc/arm-none-eabi/4.7.4/../../../../arm-none-eabi/lib/armv7e-m/fpu/crt0.o (__libc_fini_array)
/usr/bin/../lib/gcc/arm-none-eabi/4.7.4/../../../../arm-none-eabi/lib/armv7e-m/fpu/libc_s.a(lib_a-impure.o)
                              /usr/bin/../lib/gcc/arm-none-eabi/4.7.4/../../../../arm-none-eabi/lib/armv7e-m/fpu/libc_s.a(lib_a-exit.o) (_global_impure_ptr)
/usr/bin/../lib/gcc/arm-none-eabi/4.7.4/../../../../arm-none-eabi/lib/armv7e-m/fpu/libc_s.a(lib_a-init.o)
                              /usr/bin/../lib/gcc/arm-none-eabi/4.7.4/../../../../arm-none-eabi/lib/armv7e-m/fpu/crt0.o (__libc_init_array)
/usr/bin/../lib/gcc/arm-none-eabi/4.7.4/../../../../arm-none-eabi/lib/armv7e-m/fpu/libc_s.a(lib_a-memset.o)
                              /usr/bin/../lib/gcc/arm-none-eabi/4.7.4/../../../../arm-none-eabi/lib/armv7e-m/fpu/crt0.o (memset)
/usr/bin/../lib/gcc/arm-none-eabi/4.7.4/../../../../arm-none-eabi/lib/armv7e-m/fpu/libnosys.a(_exit.o)
                              /usr/bin/../lib/gcc/arm-none-eabi/4.7.4/../../../../arm-none-eabi/lib/armv7e-m/fpu/libc_s.a(lib_a-exit.o) (_exit)
/usr/bin/../lib/gcc/arm-none-eabi/4.7.4/../../../../arm-none-eabi/lib/armv7e-m/fpu/libc_s.a(lib_a-errno.o)
                              obj/sbrk.o (__errno)
/usr/bin/../lib/gcc/arm-none-eabi/4.7.4/../../../../arm-none-eabi/lib/armv7e-m/fpu/libc_s.a(lib_a-sprintf.o)
                              obj/main.o (sprintf)
/usr/bin/../lib/gcc/arm-none-eabi/4.7.4/../../../../arm-none-eabi/lib/armv7e-m/fpu/libc_s.a(lib_a-svfprintf.o)
                              /usr/bin/../lib/gcc/arm-none-eabi/4.7.4/../../../../arm-none-eabi/lib/armv7e-m/fpu/libc_s.a(lib_a-sprintf.o) (_svfprintf_r)
/usr/bin/../lib/gcc/arm-none-eabi/4.7.4/../../../../arm-none-eabi/lib/armv7e-m/fpu/libc_s.a(lib_a-vfprintf_i.o)
                              /usr/bin/../lib/gcc/arm-none-eabi/4.7.4/../../../../arm-none-eabi/lib/armv7e-m/fpu/libc_s.a(lib_a-svfprintf.o) (_printf_i)
/usr/bin/../lib/gcc/arm-none-eabi/4.7.4/../../../../arm-none-eabi/lib/armv7e-m/fpu/libc_s.a(lib_a-freer.o)
                              /usr/bin/../lib/gcc/arm-none-eabi/4.7.4/../../../../arm-none-eabi/lib/armv7e-m/fpu/libc_s.a(lib_a-svfprintf.o) (_free_r)
/usr/bin/../lib/gcc/arm-none-eabi/4.7.4/../../../../arm-none-eabi/lib/armv7e-m/fpu/libc_s.a(lib_a-mallocr.o)
                              /usr/bin/../lib/gcc/arm-none-eabi/4.7.4/../../../../arm-none-eabi/lib/armv7e-m/fpu/libc_s.a(lib_a-svfprintf.o) (_malloc_r)
/usr/bin/../lib/gcc/arm-none-eabi/4.7.4/../../../../arm-none-eabi/lib/armv7e-m/fpu/libc_s.a(lib_a-memchr.o)
                              /usr/bin/../lib/gcc/arm-none-eabi/4.7.4/../../../../arm-none-eabi/lib/armv7e-m/fpu/libc_s.a(lib_a-svfprintf.o) (memchr)
/usr/bin/../lib/gcc/arm-none-eabi/4.7.4/../../../../arm-none-eabi/lib/armv7e-m/fpu/libc_s.a(lib_a-memcpy.o)
                              /usr/bin/../lib/gcc/arm-none-eabi/4.7.4/../../../../arm-none-eabi/lib/armv7e-m/fpu/libc_s.a(lib_a-svfprintf.o) (memcpy)
/usr/bin/../lib/gcc/arm-none-eabi/4.7.4/../../../../arm-none-eabi/lib/armv7e-m/fpu/libc_s.a(lib_a-memmove.o)
                              /usr/bin/../lib/gcc/arm-none-eabi/4.7.4/../../../../arm-none-eabi/lib/armv7e-m/fpu/libc_s.a(lib_a-svfprintf.o) (memmove)
/usr/bin/../lib/gcc/arm-none-eabi/4.7.4/../../../../arm-none-eabi/lib/armv7e-m/fpu/libc_s.a(lib_a-reallocr.o)
                              /usr/bin/../lib/gcc/arm-none-eabi/4.7.4/../../../../arm-none-eabi/lib/armv7e-m/fpu/libc_s.a(lib_a-svfprintf.o) (_realloc_r)
/usr/bin/../lib/gcc/arm-none-eabi/4.7.4/../../../../arm-none-eabi/lib/armv7e-m/fpu/libc_s.a(lib_a-sbrkr.o)
                              /usr/bin/../lib/gcc/arm-none-eabi/4.7.4/../../../../arm-none-eabi/lib/armv7e-m/fpu/libc_s.a(lib_a-mallocr.o) (_sbrk_r)
/usr/bin/../lib/gcc/arm-none-eabi/4.7.4/../../../../arm-none-eabi/lib/armv7e-m/fpu/libc_s.a(lib_a-strlen.o)
                              /usr/bin/../lib/gcc/arm-none-eabi/4.7.4/../../../../arm-none-eabi/lib/armv7e-m/fpu/libc_s.a(lib_a-vfprintf_i.o) (strlen)
/usr/bin/../lib/gcc/arm-none-eabi/4.7.4/../../../../arm-none-eabi/lib/armv7e-m/fpu/libc_s.a(lib_a-msizer.o)
                              /usr/bin/../lib/gcc/arm-none-eabi/4.7.4/../../../../arm-none-eabi/lib/armv7e-m/fpu/libc_s.a(lib_a-reallocr.o) (_malloc_usable_size_r)
/usr/bin/../lib/gcc/arm-none-eabi/4.7.4/../../../../arm-none-eabi/lib/armv7e-m/fpu/libc_s.a(lib_a-reent.o)
                              /usr/bin/../lib/gcc/arm-none-eabi/4.7.4/../../../../arm-none-eabi/lib/armv7e-m/fpu/libc_s.a(lib_a-sbrkr.o) (errno)

Allocating common symbols
Common symbol       size              file

errno               0x4               /usr/bin/../lib/gcc/arm-none-eabi/4.7.4/../../../../arm-none-eabi/lib/armv7e-m/fpu/libc_s.a(lib_a-reent.o)
__stm32_tick        0x4               obj/exceptions.o

Memory Configuration

Name             Origin             Length             Attributes
RAM              0x0000000020000000 0x0000000000030000 xrw
FLASH            0x0000000008000000 0x0000000000100000 xr
*default*        0x0000000000000000 0xffffffffffffffff

Linker script and memory map

LOAD /usr/bin/../lib/gcc/arm-none-eabi/4.7.4/armv7e-m/fpu/crti.o
LOAD /usr/bin/../lib/gcc/arm-none-eabi/4.7.4/armv7e-m/fpu/crtbegin.o
LOAD /usr/bin/../lib/gcc/arm-none-eabi/4.7.4/../../../../arm-none-eabi/lib/armv7e-m/fpu/crt0.o
LOAD /usr/bin/../lib/gcc/arm-none-eabi/4.7.4/../../../../arm-none-eabi/lib/armv7e-m/fpu/libc_s.a
LOAD /usr/bin/../lib/gcc/arm-none-eabi/4.7.4/../../../../arm-none-eabi/lib/armv7e-m/fpu/libnosys.a
LOAD obj/exceptions.o
LOAD obj/low_level_init.o
LOAD obj/main.o
LOAD obj/sbrk.o
LOAD obj/startup.o
START GROUP
LOAD /usr/bin/../lib/gcc/arm-none-eabi/4.7.4/armv7e-m/fpu/libgcc.a
LOAD /usr/bin/../lib/gcc/arm-none-eabi/4.7.4/../../../../arm-none-eabi/lib/armv7e-m/fpu/libc_s.a
END GROUP
LOAD /usr/bin/../lib/gcc/arm-none-eabi/4.7.4/armv7e-m/fpu/crtend.o
LOAD /usr/bin/../lib/gcc/arm-none-eabi/4.7.4/armv7e-m/fpu/crtn.o
                0x0000000020020000                _estack = 0x20020000
                0x0000000000000000                . = 0x0

.text           0x0000000008000000     0x1177
 *(.isr_vector)
 .isr_vector    0x0000000008000000      0x188 obj/startup.o
                0x0000000008000000                g_pfnVectors
 *(.text)
 .text          0x0000000008000188        0x0 /usr/bin/../lib/gcc/arm-none-eabi/4.7.4/armv7e-m/fpu/crti.o
 .text          0x0000000008000188       0x54 /usr/bin/../lib/gcc/arm-none-eabi/4.7.4/armv7e-m/fpu/crtbegin.o
 .text          0x00000000080001dc       0x70 /usr/bin/../lib/gcc/arm-none-eabi/4.7.4/../../../../arm-none-eabi/lib/armv7e-m/fpu/crt0.o
                0x00000000080001dc                _mainCRTStartup
                0x00000000080001dc                _start
                0x00000000080001dc                start
 .text          0x000000000800024c        0x0 /usr/bin/../lib/gcc/arm-none-eabi/4.7.4/../../../../arm-none-eabi/lib/armv7e-m/fpu/libc_s.a(lib_a-__atexit2.o)
 .text          0x000000000800024c        0x0 /usr/bin/../lib/gcc/arm-none-eabi/4.7.4/../../../../arm-none-eabi/lib/armv7e-m/fpu/libc_s.a(lib_a-exit.o)
 .text          0x000000000800024c        0x0 /usr/bin/../lib/gcc/arm-none-eabi/4.7.4/../../../../arm-none-eabi/lib/armv7e-m/fpu/libc_s.a(lib_a-fini.o)
 .text          0x000000000800024c        0x0 /usr/bin/../lib/gcc/arm-none-eabi/4.7.4/../../../../arm-none-eabi/lib/armv7e-m/fpu/libc_s.a(lib_a-impure.o)
 .text          0x000000000800024c        0x0 /usr/bin/../lib/gcc/arm-none-eabi/4.7.4/../../../../arm-none-eabi/lib/armv7e-m/fpu/libc_s.a(lib_a-init.o)
 .text          0x000000000800024c        0x0 /usr/bin/../lib/gcc/arm-none-eabi/4.7.4/../../../../arm-none-eabi/lib/armv7e-m/fpu/libc_s.a(lib_a-memset.o)
 .text          0x000000000800024c        0x0 /usr/bin/../lib/gcc/arm-none-eabi/4.7.4/../../../../arm-none-eabi/lib/armv7e-m/fpu/libnosys.a(_exit.o)
 .text          0x000000000800024c       0x74 obj/exceptions.o
                0x000000000800024c                NMI_Handler
                0x0000000008000258                HardFault_Handler
                0x0000000008000260                MemManage_Handler
                0x0000000008000268                BusFault_Handler
                0x0000000008000270                UsageFault_Handler
                0x0000000008000278                SVC_Handler
                0x0000000008000284                DebugMon_Handler
                0x0000000008000290                PendSV_Handler
                0x000000000800029c                SysTick_Handler
 .text          0x00000000080002c0      0x21c obj/low_level_init.o
                0x00000000080002c0                low_level_init
 .text          0x00000000080004dc       0x28 obj/main.o
                0x00000000080004dc                main
 .text          0x0000000008000504       0x88 obj/sbrk.o
                0x0000000008000504                _sbrk
 .text          0x000000000800058c       0x14 obj/startup.o
 .text          0x00000000080005a0        0x0 /usr/bin/../lib/gcc/arm-none-eabi/4.7.4/../../../../arm-none-eabi/lib/armv7e-m/fpu/libc_s.a(lib_a-errno.o)
 .text          0x00000000080005a0        0x0 /usr/bin/../lib/gcc/arm-none-eabi/4.7.4/../../../../arm-none-eabi/lib/armv7e-m/fpu/libc_s.a(lib_a-sprintf.o)
 .text          0x00000000080005a0        0x0 /usr/bin/../lib/gcc/arm-none-eabi/4.7.4/../../../../arm-none-eabi/lib/armv7e-m/fpu/libc_s.a(lib_a-svfprintf.o)
 .text          0x00000000080005a0        0x0 /usr/bin/../lib/gcc/arm-none-eabi/4.7.4/../../../../arm-none-eabi/lib/armv7e-m/fpu/libc_s.a(lib_a-vfprintf_i.o)
 .text          0x00000000080005a0        0x0 /usr/bin/../lib/gcc/arm-none-eabi/4.7.4/../../../../arm-none-eabi/lib/armv7e-m/fpu/libc_s.a(lib_a-freer.o)
 .text          0x00000000080005a0        0x0 /usr/bin/../lib/gcc/arm-none-eabi/4.7.4/../../../../arm-none-eabi/lib/armv7e-m/fpu/libc_s.a(lib_a-mallocr.o)
 .text          0x00000000080005a0        0x0 /usr/bin/../lib/gcc/arm-none-eabi/4.7.4/../../../../arm-none-eabi/lib/armv7e-m/fpu/libc_s.a(lib_a-memchr.o)
 .text          0x00000000080005a0        0x0 /usr/bin/../lib/gcc/arm-none-eabi/4.7.4/../../../../arm-none-eabi/lib/armv7e-m/fpu/libc_s.a(lib_a-memcpy.o)
 .text          0x00000000080005a0        0x0 /usr/bin/../lib/gcc/arm-none-eabi/4.7.4/../../../../arm-none-eabi/lib/armv7e-m/fpu/libc_s.a(lib_a-memmove.o)
 .text          0x00000000080005a0        0x0 /usr/bin/../lib/gcc/arm-none-eabi/4.7.4/../../../../arm-none-eabi/lib/armv7e-m/fpu/libc_s.a(lib_a-reallocr.o)
 .text          0x00000000080005a0        0x0 /usr/bin/../lib/gcc/arm-none-eabi/4.7.4/../../../../arm-none-eabi/lib/armv7e-m/fpu/libc_s.a(lib_a-sbrkr.o)
 .text          0x00000000080005a0        0x0 /usr/bin/../lib/gcc/arm-none-eabi/4.7.4/../../../../arm-none-eabi/lib/armv7e-m/fpu/libc_s.a(lib_a-strlen.o)
 .text          0x00000000080005a0        0x0 /usr/bin/../lib/gcc/arm-none-eabi/4.7.4/../../../../arm-none-eabi/lib/armv7e-m/fpu/libc_s.a(lib_a-msizer.o)
 .text          0x00000000080005a0        0x0 /usr/bin/../lib/gcc/arm-none-eabi/4.7.4/../../../../arm-none-eabi/lib/armv7e-m/fpu/libc_s.a(lib_a-reent.o)
 .text          0x00000000080005a0        0x0 /usr/bin/../lib/gcc/arm-none-eabi/4.7.4/armv7e-m/fpu/crtend.o
 .text          0x00000000080005a0        0x0 /usr/bin/../lib/gcc/arm-none-eabi/4.7.4/armv7e-m/fpu/crtn.o
 *(.text*)
 .text.__register_exitproc
                0x00000000080005a0       0x14 /usr/bin/../lib/gcc/arm-none-eabi/4.7.4/../../../../arm-none-eabi/lib/armv7e-m/fpu/libc_s.a(lib_a-__atexit2.o)
                0x00000000080005a0                __register_exitproc
 .text.exit     0x00000000080005b4       0x2c /usr/bin/../lib/gcc/arm-none-eabi/4.7.4/../../../../arm-none-eabi/lib/armv7e-m/fpu/libc_s.a(lib_a-exit.o)
                0x00000000080005b4                exit
 .text.__libc_fini_array
                0x00000000080005e0       0x2c /usr/bin/../lib/gcc/arm-none-eabi/4.7.4/../../../../arm-none-eabi/lib/armv7e-m/fpu/libc_s.a(lib_a-fini.o)
                0x00000000080005e0                __libc_fini_array
 .text.__libc_init_array
                0x000000000800060c       0x4c /usr/bin/../lib/gcc/arm-none-eabi/4.7.4/../../../../arm-none-eabi/lib/armv7e-m/fpu/libc_s.a(lib_a-init.o)
                0x000000000800060c                __libc_init_array
 .text.memset   0x0000000008000658       0x10 /usr/bin/../lib/gcc/arm-none-eabi/4.7.4/../../../../arm-none-eabi/lib/armv7e-m/fpu/libc_s.a(lib_a-memset.o)
                0x0000000008000658                memset
 .text._exit    0x0000000008000668        0x4 /usr/bin/../lib/gcc/arm-none-eabi/4.7.4/../../../../arm-none-eabi/lib/armv7e-m/fpu/libnosys.a(_exit.o)
                0x0000000008000668                _exit
 .text.Reset_Handler
                0x000000000800066c       0x5c obj/startup.o
                0x000000000800066c                Reset_Handler
 .text.Default_Handler
                0x00000000080006c8        0x4 obj/startup.o
                0x00000000080006c8                RTC_Alarm_IRQHandler
                0x00000000080006c8                HASH_RNG_IRQHandler
                0x00000000080006c8                EXTI2_IRQHandler
                0x00000000080006c8                TIM8_CC_IRQHandler
                0x00000000080006c8                TIM1_CC_IRQHandler
                0x00000000080006c8                DMA2_Stream5_IRQHandler
                0x00000000080006c8                DMA1_Stream5_IRQHandler
                0x00000000080006c8                PVD_IRQHandler
                0x00000000080006c8                SDIO_IRQHandler
                0x00000000080006c8                TAMP_STAMP_IRQHandler
                0x00000000080006c8                CAN2_RX1_IRQHandler
                0x00000000080006c8                EXTI3_IRQHandler
                0x00000000080006c8                TIM8_TRG_COM_TIM14_IRQHandler
                0x00000000080006c8                TIM1_UP_TIM10_IRQHandler
                0x00000000080006c8                TIM8_UP_TIM13_IRQHandler
                0x00000000080006c8                I2C3_ER_IRQHandler
                0x00000000080006c8                EXTI0_IRQHandler
                0x00000000080006c8                I2C2_EV_IRQHandler
                0x00000000080006c8                DMA1_Stream2_IRQHandler
                0x00000000080006c8                CAN1_RX0_IRQHandler
                0x00000000080006c8                FPU_IRQHandler
                0x00000000080006c8                OTG_HS_WKUP_IRQHandler
                0x00000000080006c8                CAN2_SCE_IRQHandler
                0x00000000080006c8                DMA2_Stream2_IRQHandler
                0x00000000080006c8                SPI1_IRQHandler
                0x00000000080006c8                TIM6_DAC_IRQHandler
                0x00000000080006c8                TIM1_BRK_TIM9_IRQHandler
                0x00000000080006c8                DCMI_IRQHandler
                0x00000000080006c8                CAN2_RX0_IRQHandler
                0x00000000080006c8                DMA2_Stream3_IRQHandler
                0x00000000080006c8                USART6_IRQHandler
                0x00000000080006c8                USART3_IRQHandler
                0x00000000080006c8                CRYP_IRQHandler
                0x00000000080006c8                CAN1_RX1_IRQHandler
                0x00000000080006c8                UART5_IRQHandler
                0x00000000080006c8                DMA2_Stream0_IRQHandler
                0x00000000080006c8                TIM4_IRQHandler
                0x00000000080006c8                I2C1_EV_IRQHandler
                0x00000000080006c8                DMA1_Stream6_IRQHandler
                0x00000000080006c8                DMA1_Stream1_IRQHandler
                0x00000000080006c8                UART4_IRQHandler
                0x00000000080006c8                TIM3_IRQHandler
                0x00000000080006c8                RCC_IRQHandler
                0x00000000080006c8                TIM8_BRK_TIM12_IRQHandler
                0x00000000080006c8                Default_Handler
                0x00000000080006c8                EXTI15_10_IRQHandler
                0x00000000080006c8                ADC_IRQHandler
                0x00000000080006c8                DMA1_Stream7_IRQHandler
                0x00000000080006c8                TIM7_IRQHandler
                0x00000000080006c8                CAN2_TX_IRQHandler
                0x00000000080006c8                TIM5_IRQHandler
                0x00000000080006c8                DMA2_Stream7_IRQHandler
                0x00000000080006c8                I2C3_EV_IRQHandler
                0x00000000080006c8                EXTI9_5_IRQHandler
                0x00000000080006c8                RTC_WKUP_IRQHandler
                0x00000000080006c8                ETH_WKUP_IRQHandler
                0x00000000080006c8                SPI2_IRQHandler
                0x00000000080006c8                OTG_HS_EP1_IN_IRQHandler
                0x00000000080006c8                DMA1_Stream0_IRQHandler
                0x00000000080006c8                CAN1_TX_IRQHandler
                0x00000000080006c8                EXTI4_IRQHandler
                0x00000000080006c8                FSMC_IRQHandler
                0x00000000080006c8                ETH_IRQHandler
                0x00000000080006c8                OTG_HS_EP1_OUT_IRQHandler
                0x00000000080006c8                WWDG_IRQHandler
                0x00000000080006c8                TIM2_IRQHandler
                0x00000000080006c8                OTG_FS_WKUP_IRQHandler
                0x00000000080006c8                TIM1_TRG_COM_TIM11_IRQHandler
                0x00000000080006c8                OTG_HS_IRQHandler
                0x00000000080006c8                EXTI1_IRQHandler
                0x00000000080006c8                USART2_IRQHandler
                0x00000000080006c8                I2C2_ER_IRQHandler
                0x00000000080006c8                DMA2_Stream1_IRQHandler
                0x00000000080006c8                CAN1_SCE_IRQHandler
                0x00000000080006c8                FLASH_IRQHandler
                0x00000000080006c8                DMA2_Stream4_IRQHandler
                0x00000000080006c8                USART1_IRQHandler
                0x00000000080006c8                OTG_FS_IRQHandler
                0x00000000080006c8                SPI3_IRQHandler
                0x00000000080006c8                DMA1_Stream4_IRQHandler
                0x00000000080006c8                I2C1_ER_IRQHandler
                0x00000000080006c8                DMA2_Stream6_IRQHandler
                0x00000000080006c8                DMA1_Stream3_IRQHandler
 .text.__errno  0x00000000080006cc        0xc /usr/bin/../lib/gcc/arm-none-eabi/4.7.4/../../../../arm-none-eabi/lib/armv7e-m/fpu/libc_s.a(lib_a-errno.o)
                0x00000000080006cc                __errno
 .text._sprintf_r
                0x00000000080006d8       0x40 /usr/bin/../lib/gcc/arm-none-eabi/4.7.4/../../../../arm-none-eabi/lib/armv7e-m/fpu/libc_s.a(lib_a-sprintf.o)
                0x00000000080006d8                _siprintf_r
                0x00000000080006d8                _sprintf_r
 .text.sprintf  0x0000000008000718       0x48 /usr/bin/../lib/gcc/arm-none-eabi/4.7.4/../../../../arm-none-eabi/lib/armv7e-m/fpu/libc_s.a(lib_a-sprintf.o)
                0x0000000008000718                sprintf
                0x0000000008000718                siprintf
 .text.__ssputc_r
                0x0000000008000760       0xae /usr/bin/../lib/gcc/arm-none-eabi/4.7.4/../../../../arm-none-eabi/lib/armv7e-m/fpu/libc_s.a(lib_a-svfprintf.o)
                0x0000000008000760                __ssputc_r
 .text.__ssprint_r
                0x000000000800080e       0xfa /usr/bin/../lib/gcc/arm-none-eabi/4.7.4/../../../../arm-none-eabi/lib/armv7e-m/fpu/libc_s.a(lib_a-svfprintf.o)
                0x000000000800080e                __ssprint_r
 .text._svfprintf_r
                0x0000000008000908      0x1f4 /usr/bin/../lib/gcc/arm-none-eabi/4.7.4/../../../../arm-none-eabi/lib/armv7e-m/fpu/libc_s.a(lib_a-svfprintf.o)
                0x0000000008000908                _svfprintf_r
                0x0000000008000908                _svfiprintf_r
 .text._printf_common
                0x0000000008000afc       0xde /usr/bin/../lib/gcc/arm-none-eabi/4.7.4/../../../../arm-none-eabi/lib/armv7e-m/fpu/libc_s.a(lib_a-vfprintf_i.o)
                0x0000000008000afc                _printf_common
 *fill*         0x0000000008000bda        0x2 00
 .text._printf_i
                0x0000000008000bdc      0x248 /usr/bin/../lib/gcc/arm-none-eabi/4.7.4/../../../../arm-none-eabi/lib/armv7e-m/fpu/libc_s.a(lib_a-vfprintf_i.o)
                0x0000000008000bdc                _printf_i
 .text._free_r  0x0000000008000e24       0x88 /usr/bin/../lib/gcc/arm-none-eabi/4.7.4/../../../../arm-none-eabi/lib/armv7e-m/fpu/libc_s.a(lib_a-freer.o)
                0x0000000008000e24                _free_r
 .text._malloc_r
                0x0000000008000eac       0x94 /usr/bin/../lib/gcc/arm-none-eabi/4.7.4/../../../../arm-none-eabi/lib/armv7e-m/fpu/libc_s.a(lib_a-mallocr.o)
                0x0000000008000eac                _malloc_r
 .text.memchr   0x0000000008000f40       0x1c /usr/bin/../lib/gcc/arm-none-eabi/4.7.4/../../../../arm-none-eabi/lib/armv7e-m/fpu/libc_s.a(lib_a-memchr.o)
                0x0000000008000f40                memchr
 .text.memcpy   0x0000000008000f5c       0x12 /usr/bin/../lib/gcc/arm-none-eabi/4.7.4/../../../../arm-none-eabi/lib/armv7e-m/fpu/libc_s.a(lib_a-memcpy.o)
                0x0000000008000f5c                memcpy
 .text.memmove  0x0000000008000f6e       0x34 /usr/bin/../lib/gcc/arm-none-eabi/4.7.4/../../../../arm-none-eabi/lib/armv7e-m/fpu/libc_s.a(lib_a-memmove.o)
                0x0000000008000f6e                memmove
 .text._realloc_r
                0x0000000008000fa2       0x48 /usr/bin/../lib/gcc/arm-none-eabi/4.7.4/../../../../arm-none-eabi/lib/armv7e-m/fpu/libc_s.a(lib_a-reallocr.o)
                0x0000000008000fa2                _realloc_r
 *fill*         0x0000000008000fea        0x2 00
 .text._sbrk_r  0x0000000008000fec       0x20 /usr/bin/../lib/gcc/arm-none-eabi/4.7.4/../../../../arm-none-eabi/lib/armv7e-m/fpu/libc_s.a(lib_a-sbrkr.o)
                0x0000000008000fec                _sbrk_r
 .text.strlen   0x000000000800100c       0x10 /usr/bin/../lib/gcc/arm-none-eabi/4.7.4/../../../../arm-none-eabi/lib/armv7e-m/fpu/libc_s.a(lib_a-strlen.o)
                0x000000000800100c                strlen
 .text._malloc_usable_size_r
                0x000000000800101c       0x12 /usr/bin/../lib/gcc/arm-none-eabi/4.7.4/../../../../arm-none-eabi/lib/armv7e-m/fpu/libc_s.a(lib_a-msizer.o)
                0x000000000800101c                _malloc_usable_size_r
 .text.cleanup_glue
                0x000000000800102e       0x1a /usr/bin/../lib/gcc/arm-none-eabi/4.7.4/../../../../arm-none-eabi/lib/armv7e-m/fpu/libc_s.a(lib_a-reent.o)
                0x000000000800102e                cleanup_glue
 .text._reclaim_reent
                0x0000000008001048       0xac /usr/bin/../lib/gcc/arm-none-eabi/4.7.4/../../../../arm-none-eabi/lib/armv7e-m/fpu/libc_s.a(lib_a-reent.o)
                0x0000000008001048                _reclaim_reent
 .text._wrapup_reent
                0x00000000080010f4       0x30 /usr/bin/../lib/gcc/arm-none-eabi/4.7.4/../../../../arm-none-eabi/lib/armv7e-m/fpu/libc_s.a(lib_a-reent.o)
                0x00000000080010f4                _wrapup_reent
 *(.rodata)
 .rodata        0x0000000008001124       0x18 obj/main.o
 *(.rodata*)
 .rodata.str1.1
                0x000000000800113c        0x2 /usr/bin/../lib/gcc/arm-none-eabi/4.7.4/../../../../arm-none-eabi/lib/armv7e-m/fpu/libc_s.a(lib_a-impure.o)
 *fill*         0x000000000800113e        0x2 00
 .rodata._global_impure_ptr
                0x0000000008001140        0x4 /usr/bin/../lib/gcc/arm-none-eabi/4.7.4/../../../../arm-none-eabi/lib/armv7e-m/fpu/libc_s.a(lib_a-impure.o)
                0x0000000008001140                _global_impure_ptr
 .rodata.str1.1
                0x0000000008001144       0x11 /usr/bin/../lib/gcc/arm-none-eabi/4.7.4/../../../../arm-none-eabi/lib/armv7e-m/fpu/libc_s.a(lib_a-svfprintf.o)
 .rodata.str1.1
                0x0000000008001155       0x22 /usr/bin/../lib/gcc/arm-none-eabi/4.7.4/../../../../arm-none-eabi/lib/armv7e-m/fpu/libc_s.a(lib_a-vfprintf_i.o)
                0x000000000800119c                _sidata = LOADADDR (.data)

.glue_7         0x0000000008001178        0x0
 .glue_7        0x0000000000000000        0x0 linker stubs

.glue_7t        0x0000000008001178        0x0
 .glue_7t       0x0000000000000000        0x0 linker stubs

.vfp11_veneer   0x0000000008001178        0x0
 .vfp11_veneer  0x0000000000000000        0x0 linker stubs

.v4_bx          0x0000000008001178        0x0
 .v4_bx         0x0000000000000000        0x0 linker stubs

.init           0x0000000008001178        0xc
 .init          0x0000000008001178        0x4 /usr/bin/../lib/gcc/arm-none-eabi/4.7.4/armv7e-m/fpu/crti.o
                0x0000000008001178                _init
 .init          0x000000000800117c        0x8 /usr/bin/../lib/gcc/arm-none-eabi/4.7.4/armv7e-m/fpu/crtn.o

.fini           0x0000000008001184        0xc
 .fini          0x0000000008001184        0x4 /usr/bin/../lib/gcc/arm-none-eabi/4.7.4/armv7e-m/fpu/crti.o
                0x0000000008001184                _fini
 .fini          0x0000000008001188        0x8 /usr/bin/../lib/gcc/arm-none-eabi/4.7.4/armv7e-m/fpu/crtn.o

.iplt           0x0000000008001190        0x0
 .iplt          0x0000000000000000        0x0 /usr/bin/../lib/gcc/arm-none-eabi/4.7.4/armv7e-m/fpu/crtbegin.o

.eh_frame       0x0000000008001190        0x4
 .eh_frame      0x0000000008001190        0x0 /usr/bin/../lib/gcc/arm-none-eabi/4.7.4/armv7e-m/fpu/crtbegin.o
 .eh_frame      0x0000000008001190        0x4 /usr/bin/../lib/gcc/arm-none-eabi/4.7.4/armv7e-m/fpu/crtend.o

.ARM.extab      0x0000000008001194        0x0
 .ARM.extab     0x0000000008001194        0x0 /usr/bin/../lib/gcc/arm-none-eabi/4.7.4/../../../../arm-none-eabi/lib/armv7e-m/fpu/crt0.o

.ARM.exidx      0x0000000008001194        0x8
 .ARM.exidx     0x0000000008001194        0x8 /usr/bin/../lib/gcc/arm-none-eabi/4.7.4/../../../../arm-none-eabi/lib/armv7e-m/fpu/crt0.o

.rel.dyn        0x000000000800119c        0x0
 .rel.iplt      0x0000000000000000        0x0 /usr/bin/../lib/gcc/arm-none-eabi/4.7.4/armv7e-m/fpu/crtbegin.o

.data           0x0000000020000000       0x80 load address 0x000000000800119c
                0x0000000020000000                . = ALIGN (0x4)
                0x0000000020000000                _sdata = .
 *(.data)
 .data          0x0000000020000000        0x0 /usr/bin/../lib/gcc/arm-none-eabi/4.7.4/armv7e-m/fpu/crti.o
 .data          0x0000000020000000        0x4 /usr/bin/../lib/gcc/arm-none-eabi/4.7.4/armv7e-m/fpu/crtbegin.o
                0x0000000020000000                __dso_handle
 .data          0x0000000020000004        0x0 /usr/bin/../lib/gcc/arm-none-eabi/4.7.4/../../../../arm-none-eabi/lib/armv7e-m/fpu/crt0.o
 .data          0x0000000020000004        0x0 /usr/bin/../lib/gcc/arm-none-eabi/4.7.4/../../../../arm-none-eabi/lib/armv7e-m/fpu/libc_s.a(lib_a-__atexit2.o)
 .data          0x0000000020000004        0x0 /usr/bin/../lib/gcc/arm-none-eabi/4.7.4/../../../../arm-none-eabi/lib/armv7e-m/fpu/libc_s.a(lib_a-exit.o)
 .data          0x0000000020000004        0x0 /usr/bin/../lib/gcc/arm-none-eabi/4.7.4/../../../../arm-none-eabi/lib/armv7e-m/fpu/libc_s.a(lib_a-fini.o)
 .data          0x0000000020000004        0x0 /usr/bin/../lib/gcc/arm-none-eabi/4.7.4/../../../../arm-none-eabi/lib/armv7e-m/fpu/libc_s.a(lib_a-impure.o)
 .data          0x0000000020000004        0x0 /usr/bin/../lib/gcc/arm-none-eabi/4.7.4/../../../../arm-none-eabi/lib/armv7e-m/fpu/libc_s.a(lib_a-init.o)
 .data          0x0000000020000004        0x0 /usr/bin/../lib/gcc/arm-none-eabi/4.7.4/../../../../arm-none-eabi/lib/armv7e-m/fpu/libc_s.a(lib_a-memset.o)
 .data          0x0000000020000004        0x0 /usr/bin/../lib/gcc/arm-none-eabi/4.7.4/../../../../arm-none-eabi/lib/armv7e-m/fpu/libnosys.a(_exit.o)
 .data          0x0000000020000004        0x0 obj/exceptions.o
 .data          0x0000000020000004       0x14 obj/low_level_init.o
                0x0000000020000004                SystemCoreClock
                0x0000000020000008                AHBPrescTable
 .data          0x0000000020000018        0x0 obj/main.o
 .data          0x0000000020000018        0x0 obj/sbrk.o
 .data          0x0000000020000018        0x0 obj/startup.o
 .data          0x0000000020000018        0x0 /usr/bin/../lib/gcc/arm-none-eabi/4.7.4/../../../../arm-none-eabi/lib/armv7e-m/fpu/libc_s.a(lib_a-errno.o)
 .data          0x0000000020000018        0x0 /usr/bin/../lib/gcc/arm-none-eabi/4.7.4/../../../../arm-none-eabi/lib/armv7e-m/fpu/libc_s.a(lib_a-sprintf.o)
 .data          0x0000000020000018        0x0 /usr/bin/../lib/gcc/arm-none-eabi/4.7.4/../../../../arm-none-eabi/lib/armv7e-m/fpu/libc_s.a(lib_a-svfprintf.o)
 .data          0x0000000020000018        0x0 /usr/bin/../lib/gcc/arm-none-eabi/4.7.4/../../../../arm-none-eabi/lib/armv7e-m/fpu/libc_s.a(lib_a-vfprintf_i.o)
 .data          0x0000000020000018        0x0 /usr/bin/../lib/gcc/arm-none-eabi/4.7.4/../../../../arm-none-eabi/lib/armv7e-m/fpu/libc_s.a(lib_a-freer.o)
 .data          0x0000000020000018        0x0 /usr/bin/../lib/gcc/arm-none-eabi/4.7.4/../../../../arm-none-eabi/lib/armv7e-m/fpu/libc_s.a(lib_a-mallocr.o)
 .data          0x0000000020000018        0x0 /usr/bin/../lib/gcc/arm-none-eabi/4.7.4/../../../../arm-none-eabi/lib/armv7e-m/fpu/libc_s.a(lib_a-memchr.o)
 .data          0x0000000020000018        0x0 /usr/bin/../lib/gcc/arm-none-eabi/4.7.4/../../../../arm-none-eabi/lib/armv7e-m/fpu/libc_s.a(lib_a-memcpy.o)
 .data          0x0000000020000018        0x0 /usr/bin/../lib/gcc/arm-none-eabi/4.7.4/../../../../arm-none-eabi/lib/armv7e-m/fpu/libc_s.a(lib_a-memmove.o)
 .data          0x0000000020000018        0x0 /usr/bin/../lib/gcc/arm-none-eabi/4.7.4/../../../../arm-none-eabi/lib/armv7e-m/fpu/libc_s.a(lib_a-reallocr.o)
 .data          0x0000000020000018        0x0 /usr/bin/../lib/gcc/arm-none-eabi/4.7.4/../../../../arm-none-eabi/lib/armv7e-m/fpu/libc_s.a(lib_a-sbrkr.o)
 .data          0x0000000020000018        0x0 /usr/bin/../lib/gcc/arm-none-eabi/4.7.4/../../../../arm-none-eabi/lib/armv7e-m/fpu/libc_s.a(lib_a-strlen.o)
 .data          0x0000000020000018        0x0 /usr/bin/../lib/gcc/arm-none-eabi/4.7.4/../../../../arm-none-eabi/lib/armv7e-m/fpu/libc_s.a(lib_a-msizer.o)
 .data          0x0000000020000018        0x0 /usr/bin/../lib/gcc/arm-none-eabi/4.7.4/../../../../arm-none-eabi/lib/armv7e-m/fpu/libc_s.a(lib_a-reent.o)
 .data          0x0000000020000018        0x0 /usr/bin/../lib/gcc/arm-none-eabi/4.7.4/armv7e-m/fpu/crtend.o
 .data          0x0000000020000018        0x0 /usr/bin/../lib/gcc/arm-none-eabi/4.7.4/armv7e-m/fpu/crtn.o
 *(.data*)
 .data.impure_data
                0x0000000020000018       0x64 /usr/bin/../lib/gcc/arm-none-eabi/4.7.4/../../../../arm-none-eabi/lib/armv7e-m/fpu/libc_s.a(lib_a-impure.o)
 .data._impure_ptr
                0x000000002000007c        0x4 /usr/bin/../lib/gcc/arm-none-eabi/4.7.4/../../../../arm-none-eabi/lib/armv7e-m/fpu/libc_s.a(lib_a-impure.o)
                0x000000002000007c                _impure_ptr
                0x0000000020000080                . = ALIGN (0x4)
                0x0000000020000080                _edata = .

.init_array     0x0000000020000080        0x4 load address 0x000000000800121c
 .init_array    0x0000000020000080        0x4 /usr/bin/../lib/gcc/arm-none-eabi/4.7.4/armv7e-m/fpu/crtbegin.o

.fini_array     0x0000000020000084        0x4 load address 0x0000000008001220
 .fini_array    0x0000000020000084        0x4 /usr/bin/../lib/gcc/arm-none-eabi/4.7.4/armv7e-m/fpu/crtbegin.o

.jcr            0x0000000020000088        0x4 load address 0x0000000008001224
 .jcr           0x0000000020000088        0x0 /usr/bin/../lib/gcc/arm-none-eabi/4.7.4/armv7e-m/fpu/crtbegin.o
 .jcr           0x0000000020000088        0x4 /usr/bin/../lib/gcc/arm-none-eabi/4.7.4/armv7e-m/fpu/crtend.o

.igot.plt       0x000000002000008c        0x0 load address 0x0000000008001228
 .igot.plt      0x0000000000000000        0x0 /usr/bin/../lib/gcc/arm-none-eabi/4.7.4/armv7e-m/fpu/crtbegin.o

.bss            0x000000002000008c       0x2c load address 0x0000000008001228
                0x000000002000008c                . = ALIGN (0x4)
                0x000000002000008c                _sbss = .
                0x000000002000008c                __bss_start__ = _sbss
 *(.bss)
 .bss           0x000000002000008c        0x0 /usr/bin/../lib/gcc/arm-none-eabi/4.7.4/armv7e-m/fpu/crti.o
 .bss           0x000000002000008c       0x1c /usr/bin/../lib/gcc/arm-none-eabi/4.7.4/armv7e-m/fpu/crtbegin.o
 .bss           0x00000000200000a8        0x0 /usr/bin/../lib/gcc/arm-none-eabi/4.7.4/../../../../arm-none-eabi/lib/armv7e-m/fpu/crt0.o
 .bss           0x00000000200000a8        0x0 /usr/bin/../lib/gcc/arm-none-eabi/4.7.4/../../../../arm-none-eabi/lib/armv7e-m/fpu/libc_s.a(lib_a-__atexit2.o)
 .bss           0x00000000200000a8        0x0 /usr/bin/../lib/gcc/arm-none-eabi/4.7.4/../../../../arm-none-eabi/lib/armv7e-m/fpu/libc_s.a(lib_a-exit.o)
 .bss           0x00000000200000a8        0x0 /usr/bin/../lib/gcc/arm-none-eabi/4.7.4/../../../../arm-none-eabi/lib/armv7e-m/fpu/libc_s.a(lib_a-fini.o)
 .bss           0x00000000200000a8        0x0 /usr/bin/../lib/gcc/arm-none-eabi/4.7.4/../../../../arm-none-eabi/lib/armv7e-m/fpu/libc_s.a(lib_a-impure.o)
 .bss           0x00000000200000a8        0x0 /usr/bin/../lib/gcc/arm-none-eabi/4.7.4/../../../../arm-none-eabi/lib/armv7e-m/fpu/libc_s.a(lib_a-init.o)
 .bss           0x00000000200000a8        0x0 /usr/bin/../lib/gcc/arm-none-eabi/4.7.4/../../../../arm-none-eabi/lib/armv7e-m/fpu/libc_s.a(lib_a-memset.o)
 .bss           0x00000000200000a8        0x0 /usr/bin/../lib/gcc/arm-none-eabi/4.7.4/../../../../arm-none-eabi/lib/armv7e-m/fpu/libnosys.a(_exit.o)
 .bss           0x00000000200000a8        0x0 obj/exceptions.o
 .bss           0x00000000200000a8        0x0 obj/low_level_init.o
 .bss           0x00000000200000a8        0x0 obj/main.o
 .bss           0x00000000200000a8        0x4 obj/sbrk.o
 .bss           0x00000000200000ac        0x0 obj/startup.o
 .bss           0x00000000200000ac        0x0 /usr/bin/../lib/gcc/arm-none-eabi/4.7.4/../../../../arm-none-eabi/lib/armv7e-m/fpu/libc_s.a(lib_a-errno.o)
 .bss           0x00000000200000ac        0x0 /usr/bin/../lib/gcc/arm-none-eabi/4.7.4/../../../../arm-none-eabi/lib/armv7e-m/fpu/libc_s.a(lib_a-sprintf.o)
 .bss           0x00000000200000ac        0x0 /usr/bin/../lib/gcc/arm-none-eabi/4.7.4/../../../../arm-none-eabi/lib/armv7e-m/fpu/libc_s.a(lib_a-svfprintf.o)
 .bss           0x00000000200000ac        0x0 /usr/bin/../lib/gcc/arm-none-eabi/4.7.4/../../../../arm-none-eabi/lib/armv7e-m/fpu/libc_s.a(lib_a-vfprintf_i.o)
 .bss           0x00000000200000ac        0x0 /usr/bin/../lib/gcc/arm-none-eabi/4.7.4/../../../../arm-none-eabi/lib/armv7e-m/fpu/libc_s.a(lib_a-freer.o)
 .bss           0x00000000200000ac        0x0 /usr/bin/../lib/gcc/arm-none-eabi/4.7.4/../../../../arm-none-eabi/lib/armv7e-m/fpu/libc_s.a(lib_a-mallocr.o)
 .bss           0x00000000200000ac        0x0 /usr/bin/../lib/gcc/arm-none-eabi/4.7.4/../../../../arm-none-eabi/lib/armv7e-m/fpu/libc_s.a(lib_a-memchr.o)
 .bss           0x00000000200000ac        0x0 /usr/bin/../lib/gcc/arm-none-eabi/4.7.4/../../../../arm-none-eabi/lib/armv7e-m/fpu/libc_s.a(lib_a-memcpy.o)
 .bss           0x00000000200000ac        0x0 /usr/bin/../lib/gcc/arm-none-eabi/4.7.4/../../../../arm-none-eabi/lib/armv7e-m/fpu/libc_s.a(lib_a-memmove.o)
 .bss           0x00000000200000ac        0x0 /usr/bin/../lib/gcc/arm-none-eabi/4.7.4/../../../../arm-none-eabi/lib/armv7e-m/fpu/libc_s.a(lib_a-reallocr.o)
 .bss           0x00000000200000ac        0x0 /usr/bin/../lib/gcc/arm-none-eabi/4.7.4/../../../../arm-none-eabi/lib/armv7e-m/fpu/libc_s.a(lib_a-sbrkr.o)
 .bss           0x00000000200000ac        0x0 /usr/bin/../lib/gcc/arm-none-eabi/4.7.4/../../../../arm-none-eabi/lib/armv7e-m/fpu/libc_s.a(lib_a-strlen.o)
 .bss           0x00000000200000ac        0x0 /usr/bin/../lib/gcc/arm-none-eabi/4.7.4/../../../../arm-none-eabi/lib/armv7e-m/fpu/libc_s.a(lib_a-msizer.o)
 .bss           0x00000000200000ac        0x0 /usr/bin/../lib/gcc/arm-none-eabi/4.7.4/../../../../arm-none-eabi/lib/armv7e-m/fpu/libc_s.a(lib_a-reent.o)
 .bss           0x00000000200000ac        0x0 /usr/bin/../lib/gcc/arm-none-eabi/4.7.4/armv7e-m/fpu/crtend.o
 .bss           0x00000000200000ac        0x0 /usr/bin/../lib/gcc/arm-none-eabi/4.7.4/armv7e-m/fpu/crtn.o
 *(.bss*)
 .bss.__malloc_free_list
                0x00000000200000ac        0x4 /usr/bin/../lib/gcc/arm-none-eabi/4.7.4/../../../../arm-none-eabi/lib/armv7e-m/fpu/libc_s.a(lib_a-mallocr.o)
                0x00000000200000ac                __malloc_free_list
 *(COMMON)
 COMMON         0x00000000200000b0        0x4 obj/exceptions.o
                0x00000000200000b0                __stm32_tick
 COMMON         0x00000000200000b4        0x4 /usr/bin/../lib/gcc/arm-none-eabi/4.7.4/../../../../arm-none-eabi/lib/armv7e-m/fpu/libc_s.a(lib_a-reent.o)
                0x00000000200000b4                errno
                0x00000000200000b8                . = ALIGN (0x4)
                0x00000000200000b8                _ebss = .
                0x00000000200000b8                __bss_end__ = _ebss
                0x00000000200000b8                _end = .
                0x00000000200000b8                PROVIDE (end, .)
OUTPUT(out/main.elf elf32-littlearm)

.ARM.attributes
                0x0000000000000000       0x32
 .ARM.attributes
                0x0000000000000000       0x24 /usr/bin/../lib/gcc/arm-none-eabi/4.7.4/armv7e-m/fpu/crti.o
 .ARM.attributes
                0x0000000000000024       0x36 /usr/bin/../lib/gcc/arm-none-eabi/4.7.4/armv7e-m/fpu/crtbegin.o
 .ARM.attributes
                0x000000000000005a       0x22 /usr/bin/../lib/gcc/arm-none-eabi/4.7.4/../../../../arm-none-eabi/lib/armv7e-m/fpu/crt0.o
 .ARM.attributes
                0x000000000000007c       0x36 /usr/bin/../lib/gcc/arm-none-eabi/4.7.4/../../../../arm-none-eabi/lib/armv7e-m/fpu/libc_s.a(lib_a-__atexit2.o)
 .ARM.attributes
                0x00000000000000b2       0x36 /usr/bin/../lib/gcc/arm-none-eabi/4.7.4/../../../../arm-none-eabi/lib/armv7e-m/fpu/libc_s.a(lib_a-exit.o)
 .ARM.attributes
                0x00000000000000e8       0x36 /usr/bin/../lib/gcc/arm-none-eabi/4.7.4/../../../../arm-none-eabi/lib/armv7e-m/fpu/libc_s.a(lib_a-fini.o)
 .ARM.attributes
                0x000000000000011e       0x36 /usr/bin/../lib/gcc/arm-none-eabi/4.7.4/../../../../arm-none-eabi/lib/armv7e-m/fpu/libc_s.a(lib_a-impure.o)
 .ARM.attributes
                0x0000000000000154       0x36 /usr/bin/../lib/gcc/arm-none-eabi/4.7.4/../../../../arm-none-eabi/lib/armv7e-m/fpu/libc_s.a(lib_a-init.o)
 .ARM.attributes
                0x000000000000018a       0x36 /usr/bin/../lib/gcc/arm-none-eabi/4.7.4/../../../../arm-none-eabi/lib/armv7e-m/fpu/libc_s.a(lib_a-memset.o)
 .ARM.attributes
                0x00000000000001c0       0x36 /usr/bin/../lib/gcc/arm-none-eabi/4.7.4/../../../../arm-none-eabi/lib/armv7e-m/fpu/libnosys.a(_exit.o)
 .ARM.attributes
                0x00000000000001f6       0x3b obj/exceptions.o
 .ARM.attributes
                0x0000000000000231       0x3b obj/low_level_init.o
 .ARM.attributes
                0x000000000000026c       0x3b obj/main.o
 .ARM.attributes
                0x00000000000002a7       0x3b obj/sbrk.o
 .ARM.attributes
                0x00000000000002e2       0x21 obj/startup.o
 .ARM.attributes
                0x0000000000000303       0x36 /usr/bin/../lib/gcc/arm-none-eabi/4.7.4/../../../../arm-none-eabi/lib/armv7e-m/fpu/libc_s.a(lib_a-errno.o)
 .ARM.attributes
                0x0000000000000339       0x36 /usr/bin/../lib/gcc/arm-none-eabi/4.7.4/../../../../arm-none-eabi/lib/armv7e-m/fpu/libc_s.a(lib_a-sprintf.o)
 .ARM.attributes
                0x000000000000036f       0x36 /usr/bin/../lib/gcc/arm-none-eabi/4.7.4/../../../../arm-none-eabi/lib/armv7e-m/fpu/libc_s.a(lib_a-svfprintf.o)
 .ARM.attributes
                0x00000000000003a5       0x36 /usr/bin/../lib/gcc/arm-none-eabi/4.7.4/../../../../arm-none-eabi/lib/armv7e-m/fpu/libc_s.a(lib_a-vfprintf_i.o)
 .ARM.attributes
                0x00000000000003db       0x36 /usr/bin/../lib/gcc/arm-none-eabi/4.7.4/../../../../arm-none-eabi/lib/armv7e-m/fpu/libc_s.a(lib_a-freer.o)
 .ARM.attributes
                0x0000000000000411       0x36 /usr/bin/../lib/gcc/arm-none-eabi/4.7.4/../../../../arm-none-eabi/lib/armv7e-m/fpu/libc_s.a(lib_a-mallocr.o)
 .ARM.attributes
                0x0000000000000447       0x36 /usr/bin/../lib/gcc/arm-none-eabi/4.7.4/../../../../arm-none-eabi/lib/armv7e-m/fpu/libc_s.a(lib_a-memchr.o)
 .ARM.attributes
                0x000000000000047d       0x36 /usr/bin/../lib/gcc/arm-none-eabi/4.7.4/../../../../arm-none-eabi/lib/armv7e-m/fpu/libc_s.a(lib_a-memcpy.o)
 .ARM.attributes
                0x00000000000004b3       0x36 /usr/bin/../lib/gcc/arm-none-eabi/4.7.4/../../../../arm-none-eabi/lib/armv7e-m/fpu/libc_s.a(lib_a-memmove.o)
 .ARM.attributes
                0x00000000000004e9       0x36 /usr/bin/../lib/gcc/arm-none-eabi/4.7.4/../../../../arm-none-eabi/lib/armv7e-m/fpu/libc_s.a(lib_a-reallocr.o)
 .ARM.attributes
                0x000000000000051f       0x36 /usr/bin/../lib/gcc/arm-none-eabi/4.7.4/../../../../arm-none-eabi/lib/armv7e-m/fpu/libc_s.a(lib_a-sbrkr.o)
 .ARM.attributes
                0x0000000000000555       0x36 /usr/bin/../lib/gcc/arm-none-eabi/4.7.4/../../../../arm-none-eabi/lib/armv7e-m/fpu/libc_s.a(lib_a-strlen.o)
 .ARM.attributes
                0x000000000000058b       0x36 /usr/bin/../lib/gcc/arm-none-eabi/4.7.4/../../../../arm-none-eabi/lib/armv7e-m/fpu/libc_s.a(lib_a-msizer.o)
 .ARM.attributes
                0x00000000000005c1       0x36 /usr/bin/../lib/gcc/arm-none-eabi/4.7.4/../../../../arm-none-eabi/lib/armv7e-m/fpu/libc_s.a(lib_a-reent.o)
 .ARM.attributes
                0x00000000000005f7       0x36 /usr/bin/../lib/gcc/arm-none-eabi/4.7.4/armv7e-m/fpu/crtend.o
 .ARM.attributes
                0x000000000000062d       0x24 /usr/bin/../lib/gcc/arm-none-eabi/4.7.4/armv7e-m/fpu/crtn.o

.comment        0x0000000000000000       0x70
 .comment       0x0000000000000000       0x70 obj/exceptions.o
                                         0x71 (size before relaxing)
 .comment       0x0000000000000000       0x71 obj/low_level_init.o
 .comment       0x0000000000000000       0x71 obj/main.o
 .comment       0x0000000000000000       0x71 obj/sbrk.o

.debug_frame    0x0000000000000000      0x5a4
 .debug_frame   0x0000000000000000       0x28 /usr/bin/../lib/gcc/arm-none-eabi/4.7.4/../../../../arm-none-eabi/lib/armv7e-m/fpu/libc_s.a(lib_a-__atexit2.o)
 .debug_frame   0x0000000000000028       0x28 /usr/bin/../lib/gcc/arm-none-eabi/4.7.4/../../../../arm-none-eabi/lib/armv7e-m/fpu/libc_s.a(lib_a-exit.o)
 .debug_frame   0x0000000000000050       0x2c /usr/bin/../lib/gcc/arm-none-eabi/4.7.4/../../../../arm-none-eabi/lib/armv7e-m/fpu/libc_s.a(lib_a-fini.o)
 .debug_frame   0x000000000000007c       0x2c /usr/bin/../lib/gcc/arm-none-eabi/4.7.4/../../../../arm-none-eabi/lib/armv7e-m/fpu/libc_s.a(lib_a-init.o)
 .debug_frame   0x00000000000000a8       0x20 /usr/bin/../lib/gcc/arm-none-eabi/4.7.4/../../../../arm-none-eabi/lib/armv7e-m/fpu/libc_s.a(lib_a-memset.o)
 .debug_frame   0x00000000000000c8       0x20 /usr/bin/../lib/gcc/arm-none-eabi/4.7.4/../../../../arm-none-eabi/lib/armv7e-m/fpu/libnosys.a(_exit.o)
 .debug_frame   0x00000000000000e8       0xe8 obj/exceptions.o
 .debug_frame   0x00000000000001d0       0x48 obj/low_level_init.o
 .debug_frame   0x0000000000000218       0x30 obj/main.o
 .debug_frame   0x0000000000000248       0x30 obj/sbrk.o
 .debug_frame   0x0000000000000278       0x20 /usr/bin/../lib/gcc/arm-none-eabi/4.7.4/../../../../arm-none-eabi/lib/armv7e-m/fpu/libc_s.a(lib_a-errno.o)
 .debug_frame   0x0000000000000298       0x58 /usr/bin/../lib/gcc/arm-none-eabi/4.7.4/../../../../arm-none-eabi/lib/armv7e-m/fpu/libc_s.a(lib_a-sprintf.o)
 .debug_frame   0x00000000000002f0       0x88 /usr/bin/../lib/gcc/arm-none-eabi/4.7.4/../../../../arm-none-eabi/lib/armv7e-m/fpu/libc_s.a(lib_a-svfprintf.o)
 .debug_frame   0x0000000000000378       0x58 /usr/bin/../lib/gcc/arm-none-eabi/4.7.4/../../../../arm-none-eabi/lib/armv7e-m/fpu/libc_s.a(lib_a-vfprintf_i.o)
 .debug_frame   0x00000000000003d0       0x2c /usr/bin/../lib/gcc/arm-none-eabi/4.7.4/../../../../arm-none-eabi/lib/armv7e-m/fpu/libc_s.a(lib_a-freer.o)
 .debug_frame   0x00000000000003fc       0x2c /usr/bin/../lib/gcc/arm-none-eabi/4.7.4/../../../../arm-none-eabi/lib/armv7e-m/fpu/libc_s.a(lib_a-mallocr.o)
 .debug_frame   0x0000000000000428       0x28 /usr/bin/../lib/gcc/arm-none-eabi/4.7.4/../../../../arm-none-eabi/lib/armv7e-m/fpu/libc_s.a(lib_a-memchr.o)
 .debug_frame   0x0000000000000450       0x28 /usr/bin/../lib/gcc/arm-none-eabi/4.7.4/../../../../arm-none-eabi/lib/armv7e-m/fpu/libc_s.a(lib_a-memcpy.o)
 .debug_frame   0x0000000000000478       0x2c /usr/bin/../lib/gcc/arm-none-eabi/4.7.4/../../../../arm-none-eabi/lib/armv7e-m/fpu/libc_s.a(lib_a-memmove.o)
 .debug_frame   0x00000000000004a4       0x30 /usr/bin/../lib/gcc/arm-none-eabi/4.7.4/../../../../arm-none-eabi/lib/armv7e-m/fpu/libc_s.a(lib_a-reallocr.o)
 .debug_frame   0x00000000000004d4       0x2c /usr/bin/../lib/gcc/arm-none-eabi/4.7.4/../../../../arm-none-eabi/lib/armv7e-m/fpu/libc_s.a(lib_a-sbrkr.o)
 .debug_frame   0x0000000000000500       0x20 /usr/bin/../lib/gcc/arm-none-eabi/4.7.4/../../../../arm-none-eabi/lib/armv7e-m/fpu/libc_s.a(lib_a-strlen.o)
 .debug_frame   0x0000000000000520       0x20 /usr/bin/../lib/gcc/arm-none-eabi/4.7.4/../../../../arm-none-eabi/lib/armv7e-m/fpu/libc_s.a(lib_a-msizer.o)
 .debug_frame   0x0000000000000540       0x64 /usr/bin/../lib/gcc/arm-none-eabi/4.7.4/../../../../arm-none-eabi/lib/armv7e-m/fpu/libc_s.a(lib_a-reent.o)

.debug_info     0x0000000000000000      0x9a9
 .debug_info    0x0000000000000000      0x174 obj/exceptions.o
 .debug_info    0x0000000000000174      0x58b obj/low_level_init.o
 .debug_info    0x00000000000006ff       0xd6 obj/main.o
 .debug_info    0x00000000000007d5      0x168 obj/sbrk.o
 .debug_info    0x000000000000093d       0x6c obj/startup.o

.debug_abbrev   0x0000000000000000      0x2fe
 .debug_abbrev  0x0000000000000000       0x78 obj/exceptions.o
 .debug_abbrev  0x0000000000000078      0x10f obj/low_level_init.o
 .debug_abbrev  0x0000000000000187       0x81 obj/main.o
 .debug_abbrev  0x0000000000000208       0xe4 obj/sbrk.o
 .debug_abbrev  0x00000000000002ec       0x12 obj/startup.o

.debug_loc      0x0000000000000000      0x262
 .debug_loc     0x0000000000000000      0x18c obj/exceptions.o
 .debug_loc     0x000000000000018c       0x64 obj/low_level_init.o
 .debug_loc     0x00000000000001f0       0x3a obj/main.o
 .debug_loc     0x000000000000022a       0x38 obj/sbrk.o

.debug_aranges  0x0000000000000000       0xa8
 .debug_aranges
                0x0000000000000000       0x20 obj/exceptions.o
 .debug_aranges
                0x0000000000000020       0x20 obj/low_level_init.o
 .debug_aranges
                0x0000000000000040       0x20 obj/main.o
 .debug_aranges
                0x0000000000000060       0x20 obj/sbrk.o
 .debug_aranges
                0x0000000000000080       0x28 obj/startup.o

.debug_line     0x0000000000000000      0x3a9
 .debug_line    0x0000000000000000       0xc4 obj/exceptions.o
 .debug_line    0x00000000000000c4       0xe2 obj/low_level_init.o
 .debug_line    0x00000000000001a6       0x86 obj/main.o
 .debug_line    0x000000000000022c      0x10c obj/sbrk.o
 .debug_line    0x0000000000000338       0x71 obj/startup.o

.debug_str      0x0000000000000000      0x3ef
 .debug_str     0x0000000000000000      0x1a0 obj/exceptions.o
                                        0x1dc (size before relaxing)
 .debug_str     0x00000000000001a0      0x1f1 obj/low_level_init.o
                                        0x329 (size before relaxing)
 .debug_str     0x0000000000000391       0x15 obj/main.o
                                        0x13b (size before relaxing)
 .debug_str     0x00000000000003a6       0x49 obj/sbrk.o
                                        0x185 (size before relaxing)

.debug_ranges   0x0000000000000000       0x20
 .debug_ranges  0x0000000000000000       0x20 obj/startup.o
