Archive member included because of file (symbol)

/usr/bin/../lib/gcc/arm-none-eabi/4.7.4/../../../../arm-none-eabi/lib/armv7e-m/fpu/libc.a(lib_a-__atexit.o)
                              /usr/bin/../lib/gcc/arm-none-eabi/4.7.4/../../../../arm-none-eabi/lib/armv7e-m/fpu/crt0.o (__register_exitproc)
/usr/bin/../lib/gcc/arm-none-eabi/4.7.4/../../../../arm-none-eabi/lib/armv7e-m/fpu/libc.a(lib_a-exit.o)
                              /usr/bin/../lib/gcc/arm-none-eabi/4.7.4/../../../../arm-none-eabi/lib/armv7e-m/fpu/crt0.o (exit)
/usr/bin/../lib/gcc/arm-none-eabi/4.7.4/../../../../arm-none-eabi/lib/armv7e-m/fpu/libc.a(lib_a-fini.o)
                              /usr/bin/../lib/gcc/arm-none-eabi/4.7.4/../../../../arm-none-eabi/lib/armv7e-m/fpu/crt0.o (__libc_fini_array)
/usr/bin/../lib/gcc/arm-none-eabi/4.7.4/../../../../arm-none-eabi/lib/armv7e-m/fpu/libc.a(lib_a-impure.o)
                              /usr/bin/../lib/gcc/arm-none-eabi/4.7.4/../../../../arm-none-eabi/lib/armv7e-m/fpu/libc.a(lib_a-__atexit.o) (_global_impure_ptr)
/usr/bin/../lib/gcc/arm-none-eabi/4.7.4/../../../../arm-none-eabi/lib/armv7e-m/fpu/libc.a(lib_a-init.o)
                              /usr/bin/../lib/gcc/arm-none-eabi/4.7.4/../../../../arm-none-eabi/lib/armv7e-m/fpu/crt0.o (__libc_init_array)
/usr/bin/../lib/gcc/arm-none-eabi/4.7.4/../../../../arm-none-eabi/lib/armv7e-m/fpu/libc.a(lib_a-memset.o)
                              /usr/bin/../lib/gcc/arm-none-eabi/4.7.4/../../../../arm-none-eabi/lib/armv7e-m/fpu/crt0.o (memset)
/usr/bin/../lib/gcc/arm-none-eabi/4.7.4/../../../../arm-none-eabi/lib/armv7e-m/fpu/libc.a(lib_a-__call_atexit.o)
                              /usr/bin/../lib/gcc/arm-none-eabi/4.7.4/../../../../arm-none-eabi/lib/armv7e-m/fpu/libc.a(lib_a-exit.o) (__call_exitprocs)
/usr/bin/../lib/gcc/arm-none-eabi/4.7.4/../../../../arm-none-eabi/lib/armv7e-m/fpu/libc.a(lib_a-atexit.o)
                              /usr/bin/../lib/gcc/arm-none-eabi/4.7.4/../../../../arm-none-eabi/lib/armv7e-m/fpu/libc.a(lib_a-__call_atexit.o) (atexit)
/usr/bin/../lib/gcc/arm-none-eabi/4.7.4/../../../../arm-none-eabi/lib/armv7e-m/fpu/libnosys.a(_exit.o)
                              /usr/bin/../lib/gcc/arm-none-eabi/4.7.4/../../../../arm-none-eabi/lib/armv7e-m/fpu/libc.a(lib_a-exit.o) (_exit)

Allocating common symbols
Common symbol       size              file

__stm32_tick        0x4               obj/exceptions.o

Memory Configuration

Name             Origin             Length             Attributes
RAM              0x0000000020000000 0x0000000000030000 xrw
FLASH            0x0000000008000000 0x0000000000100000 xr
*default*        0x0000000000000000 0xffffffffffffffff

Linker script and memory map

LOAD /usr/bin/../lib/gcc/arm-none-eabi/4.7.4/armv7e-m/fpu/crti.o
LOAD /usr/bin/../lib/gcc/arm-none-eabi/4.7.4/armv7e-m/fpu/crtbegin.o
LOAD /usr/bin/../lib/gcc/arm-none-eabi/4.7.4/../../../../arm-none-eabi/lib/armv7e-m/fpu/crt0.o
LOAD /usr/bin/../lib/gcc/arm-none-eabi/4.7.4/../../../../arm-none-eabi/lib/armv7e-m/fpu/libm.a
LOAD /usr/bin/../lib/gcc/arm-none-eabi/4.7.4/../../../../arm-none-eabi/lib/armv7e-m/fpu/libc.a
LOAD /usr/bin/../lib/gcc/arm-none-eabi/4.7.4/../../../../arm-none-eabi/lib/armv7e-m/fpu/libnosys.a
LOAD obj/exceptions.o
LOAD obj/low_level_init.o
LOAD obj/main.o
LOAD obj/misc.o
LOAD obj/stm32f4xx_gpio.o
LOAD obj/stm32f4xx_rcc.o
LOAD obj/stm32f4xx_tim.o
LOAD obj/startup.o
START GROUP
LOAD /usr/bin/../lib/gcc/arm-none-eabi/4.7.4/armv7e-m/fpu/libgcc.a
LOAD /usr/bin/../lib/gcc/arm-none-eabi/4.7.4/../../../../arm-none-eabi/lib/armv7e-m/fpu/libg.a
LOAD /usr/bin/../lib/gcc/arm-none-eabi/4.7.4/../../../../arm-none-eabi/lib/armv7e-m/fpu/libc.a
END GROUP
LOAD /usr/bin/../lib/gcc/arm-none-eabi/4.7.4/armv7e-m/fpu/crtend.o
LOAD /usr/bin/../lib/gcc/arm-none-eabi/4.7.4/armv7e-m/fpu/crtn.o
                0x0000000020020000                _estack = 0x20020000
                0x0000000000000000                . = 0x0

.isr_vector     0x0000000020000000      0x188 load address 0x0000000008000000
                0x0000000020000000                . = ALIGN (0x200)
                0x0000000008000000                __isr_vector_load = LOADADDR (.isr_vector)
                0x0000000020000000                __isr_vector_start = .
 *(.isr_vector)
 .isr_vector    0x0000000020000000      0x188 obj/startup.o
                0x0000000020000000                g_pfnVectors
                0x0000000020000188                . = ALIGN (0x4)
                0x0000000020000188                __isr_vector_end = .

.eh_frame       0x0000000020000188        0x4 load address 0x0000000008000188
 .eh_frame      0x0000000020000188        0x0 /usr/bin/../lib/gcc/arm-none-eabi/4.7.4/armv7e-m/fpu/crtbegin.o
 .eh_frame      0x0000000020000188        0x4 /usr/bin/../lib/gcc/arm-none-eabi/4.7.4/armv7e-m/fpu/crtend.o

.ARM.extab      0x000000002000018c        0x0 load address 0x000000000800018c
 .ARM.extab     0x000000002000018c        0x0 /usr/bin/../lib/gcc/arm-none-eabi/4.7.4/../../../../arm-none-eabi/lib/armv7e-m/fpu/crt0.o

.ARM.exidx      0x000000002000018c        0x8 load address 0x000000000800018c
 .ARM.exidx     0x000000002000018c        0x8 /usr/bin/../lib/gcc/arm-none-eabi/4.7.4/../../../../arm-none-eabi/lib/armv7e-m/fpu/crt0.o

.text           0x0000000008000194     0x3cf0
 *(.text)
 .text          0x0000000008000194        0x0 /usr/bin/../lib/gcc/arm-none-eabi/4.7.4/armv7e-m/fpu/crti.o
 .text          0x0000000008000194       0x54 /usr/bin/../lib/gcc/arm-none-eabi/4.7.4/armv7e-m/fpu/crtbegin.o
 .text          0x00000000080001e8       0x70 /usr/bin/../lib/gcc/arm-none-eabi/4.7.4/../../../../arm-none-eabi/lib/armv7e-m/fpu/crt0.o
                0x00000000080001e8                _mainCRTStartup
                0x00000000080001e8                _start
                0x00000000080001e8                start
 .text          0x0000000008000258        0x0 /usr/bin/../lib/gcc/arm-none-eabi/4.7.4/../../../../arm-none-eabi/lib/armv7e-m/fpu/libc.a(lib_a-__atexit.o)
 .text          0x0000000008000258        0x0 /usr/bin/../lib/gcc/arm-none-eabi/4.7.4/../../../../arm-none-eabi/lib/armv7e-m/fpu/libc.a(lib_a-exit.o)
 .text          0x0000000008000258        0x0 /usr/bin/../lib/gcc/arm-none-eabi/4.7.4/../../../../arm-none-eabi/lib/armv7e-m/fpu/libc.a(lib_a-fini.o)
 .text          0x0000000008000258        0x0 /usr/bin/../lib/gcc/arm-none-eabi/4.7.4/../../../../arm-none-eabi/lib/armv7e-m/fpu/libc.a(lib_a-impure.o)
 .text          0x0000000008000258        0x0 /usr/bin/../lib/gcc/arm-none-eabi/4.7.4/../../../../arm-none-eabi/lib/armv7e-m/fpu/libc.a(lib_a-init.o)
 .text          0x0000000008000258        0x0 /usr/bin/../lib/gcc/arm-none-eabi/4.7.4/../../../../arm-none-eabi/lib/armv7e-m/fpu/libc.a(lib_a-memset.o)
 .text          0x0000000008000258        0x0 /usr/bin/../lib/gcc/arm-none-eabi/4.7.4/../../../../arm-none-eabi/lib/armv7e-m/fpu/libc.a(lib_a-__call_atexit.o)
 .text          0x0000000008000258        0x0 /usr/bin/../lib/gcc/arm-none-eabi/4.7.4/../../../../arm-none-eabi/lib/armv7e-m/fpu/libc.a(lib_a-atexit.o)
 .text          0x0000000008000258        0x0 /usr/bin/../lib/gcc/arm-none-eabi/4.7.4/../../../../arm-none-eabi/lib/armv7e-m/fpu/libnosys.a(_exit.o)
 .text          0x0000000008000258       0x74 obj/exceptions.o
                0x0000000008000258                NMI_Handler
                0x0000000008000264                HardFault_Handler
                0x000000000800026c                MemManage_Handler
                0x0000000008000274                BusFault_Handler
                0x000000000800027c                UsageFault_Handler
                0x0000000008000284                SVC_Handler
                0x0000000008000290                DebugMon_Handler
                0x000000000800029c                PendSV_Handler
                0x00000000080002a8                SysTick_Handler
 .text          0x00000000080002cc      0x270 obj/low_level_init.o
                0x00000000080002cc                low_level_init
 .text          0x000000000800053c      0x130 obj/main.o
                0x000000000800053c                main
                0x00000000080005d0                TIM2_IRQHandler
                0x00000000080005f0                INTTIM_Config
 .text          0x000000000800066c      0x1d8 obj/misc.o
                0x000000000800066c                NVIC_PriorityGroupConfig
                0x0000000008000694                NVIC_Init
                0x0000000008000778                NVIC_SetVectorTable
                0x00000000080007a4                NVIC_SystemLPConfig
                0x00000000080007f8                SysTick_CLKSourceConfig
 .text          0x0000000008000844      0x53c obj/stm32f4xx_gpio.o
                0x0000000008000844                GPIO_DeInit
                0x00000000080009bc                GPIO_Init
                0x0000000008000b00                GPIO_StructInit
                0x0000000008000b3c                GPIO_PinLockConfig
                0x0000000008000b80                GPIO_ReadInputDataBit
                0x0000000008000bbc                GPIO_ReadInputData
                0x0000000008000bd8                GPIO_ReadOutputDataBit
                0x0000000008000c14                GPIO_ReadOutputData
                0x0000000008000c30                GPIO_SetBits
                0x0000000008000c4c                GPIO_ResetBits
                0x0000000008000c68                GPIO_WriteBit
                0x0000000008000c98                GPIO_Write
                0x0000000008000cb4                GPIO_ToggleBits
                0x0000000008000cd8                GPIO_PinAFConfig
 .text          0x0000000008000d80      0xd8c obj/stm32f4xx_rcc.o
                0x0000000008000d80                RCC_DeInit
                0x0000000008000e04                RCC_HSEConfig
                0x0000000008000e34                RCC_WaitForHSEStartUp
                0x0000000008000e98                RCC_AdjustHSICalibrationValue
                0x0000000008000ee0                RCC_HSICmd
                0x0000000008000f00                RCC_LSEConfig
                0x0000000008000f60                RCC_LSICmd
                0x0000000008000f80                RCC_PLLConfig
                0x0000000008000fc8                RCC_PLLCmd
                0x0000000008000fe8                RCC_PLLI2SConfig
                0x0000000008001018                RCC_PLLI2SCmd
                0x0000000008001038                RCC_ClockSecuritySystemCmd
                0x0000000008001058                RCC_MCO1Config
                0x00000000080010a0                RCC_MCO2Config
                0x00000000080010e8                RCC_SYSCLKConfig
                0x0000000008001128                RCC_GetSYSCLKSource
                0x0000000008001148                RCC_HCLKConfig
                0x0000000008001188                RCC_PCLK1Config
                0x00000000080011c8                RCC_PCLK2Config
                0x000000000800120c                RCC_GetClocksFreq
                0x00000000080013d8                RCC_RTCCLKConfig
                0x000000000800144c                RCC_RTCCLKCmd
                0x000000000800146c                RCC_BackupResetCmd
                0x000000000800148c                RCC_I2SCLKConfig
                0x00000000080014ac                RCC_AHB1PeriphClockCmd
                0x0000000008001500                RCC_AHB2PeriphClockCmd
                0x0000000008001554                RCC_AHB3PeriphClockCmd
                0x00000000080015a8                RCC_APB1PeriphClockCmd
                0x00000000080015fc                RCC_APB2PeriphClockCmd
                0x0000000008001650                RCC_AHB1PeriphResetCmd
                0x00000000080016a4                RCC_AHB2PeriphResetCmd
                0x00000000080016f8                RCC_AHB3PeriphResetCmd
                0x000000000800174c                RCC_APB1PeriphResetCmd
                0x00000000080017a0                RCC_APB2PeriphResetCmd
                0x00000000080017f4                RCC_AHB1PeriphClockLPModeCmd
                0x0000000008001848                RCC_AHB2PeriphClockLPModeCmd
                0x000000000800189c                RCC_AHB3PeriphClockLPModeCmd
                0x00000000080018f0                RCC_APB1PeriphClockLPModeCmd
                0x0000000008001944                RCC_APB2PeriphClockLPModeCmd
                0x0000000008001998                RCC_ITConfig
                0x00000000080019f8                RCC_GetFlagStatus
                0x0000000008001a88                RCC_ClearFlag
                0x0000000008001aac                RCC_GetITStatus
                0x0000000008001aec                RCC_ClearITPendingBit
 .text          0x0000000008001b0c     0x1d74 obj/stm32f4xx_tim.o
                0x0000000008001b0c                TIM_DeInit
                0x0000000008001d44                TIM_TimeBaseInit
                0x0000000008001e38                TIM_TimeBaseStructInit
                0x0000000008001e74                TIM_PrescalerConfig
                0x0000000008001e9c                TIM_CounterModeConfig
                0x0000000008001ed4                TIM_SetCounter
                0x0000000008001ef0                TIM_SetAutoreload
                0x0000000008001f0c                TIM_GetCounter
                0x0000000008001f24                TIM_GetPrescaler
                0x0000000008001f40                TIM_UpdateDisableConfig
                0x0000000008001f80                TIM_UpdateRequestConfig
                0x0000000008001fc0                TIM_ARRPreloadConfig
                0x0000000008002000                TIM_SelectOnePulseMode
                0x0000000008002038                TIM_SetClockDivision
                0x0000000008002070                TIM_Cmd
                0x00000000080020b0                TIM_OC1Init
                0x00000000080021ac                TIM_OC2Init
                0x00000000080022d4                TIM_OC3Init
                0x00000000080023f4                TIM_OC4Init
                0x00000000080024d4                TIM_OCStructInit
                0x0000000008002528                TIM_SelectOCxM
                0x00000000080025e8                TIM_SetCompare1
                0x0000000008002604                TIM_SetCompare2
                0x0000000008002620                TIM_SetCompare3
                0x000000000800263c                TIM_SetCompare4
                0x0000000008002658                TIM_ForcedOC1Config
                0x0000000008002690                TIM_ForcedOC2Config
                0x00000000080026d0                TIM_ForcedOC3Config
                0x0000000008002708                TIM_ForcedOC4Config
                0x0000000008002748                TIM_OC1PreloadConfig
                0x0000000008002780                TIM_OC2PreloadConfig
                0x00000000080027c0                TIM_OC3PreloadConfig
                0x00000000080027f8                TIM_OC4PreloadConfig
                0x0000000008002838                TIM_OC1FastConfig
                0x0000000008002870                TIM_OC2FastConfig
                0x00000000080028b0                TIM_OC3FastConfig
                0x00000000080028e8                TIM_OC4FastConfig
                0x0000000008002928                TIM_ClearOC1Ref
                0x0000000008002960                TIM_ClearOC2Ref
                0x00000000080029a4                TIM_ClearOC3Ref
                0x00000000080029dc                TIM_ClearOC4Ref
                0x0000000008002a20                TIM_OC1PolarityConfig
                0x0000000008002a58                TIM_OC1NPolarityConfig
                0x0000000008002a90                TIM_OC2PolarityConfig
                0x0000000008002ad0                TIM_OC2NPolarityConfig
                0x0000000008002b10                TIM_OC3PolarityConfig
                0x0000000008002b50                TIM_OC3NPolarityConfig
                0x0000000008002b90                TIM_OC4PolarityConfig
                0x0000000008002bd0                TIM_CCxCmd
                0x0000000008002c2c                TIM_CCxNCmd
                0x0000000008002c88                TIM_ICInit
                0x0000000008002d30                TIM_ICStructInit
                0x0000000008002d6c                TIM_PWMIConfig
                0x0000000008002e30                TIM_GetCapture1
                0x0000000008002e48                TIM_GetCapture2
                0x0000000008002e60                TIM_GetCapture3
                0x0000000008002e78                TIM_GetCapture4
                0x0000000008002e90                TIM_SetIC1Prescaler
                0x0000000008002ec8                TIM_SetIC2Prescaler
                0x0000000008002f04                TIM_SetIC3Prescaler
                0x0000000008002f3c                TIM_SetIC4Prescaler
                0x0000000008002f78                TIM_BDTRConfig
                0x0000000008002fc8                TIM_BDTRStructInit
                0x0000000008003014                TIM_CtrlPWMOutputs
                0x0000000008003064                TIM_SelectCOM
                0x00000000080030a4                TIM_CCPreloadControl
                0x00000000080030e4                TIM_ITConfig
                0x000000000800312c                TIM_GenerateEvent
                0x0000000008003148                TIM_GetFlagStatus
                0x0000000008003188                TIM_ClearFlag
                0x00000000080031ac                TIM_GetITStatus
                0x000000000800320c                TIM_ClearITPendingBit
                0x0000000008003230                TIM_DMAConfig
                0x0000000008003258                TIM_DMACmd
                0x00000000080032a0                TIM_SelectCCDMA
                0x00000000080032e0                TIM_InternalClockConfig
                0x0000000008003304                TIM_ITRxExternalClockConfig
                0x0000000008003334                TIM_TIxExternalClockConfig
                0x000000000800338c                TIM_ETRClockMode1Config
                0x00000000080033e0                TIM_ETRClockMode2Config
                0x0000000008003414                TIM_SelectInputTrigger
                0x000000000800344c                TIM_SelectOutputTrigger
                0x0000000008003484                TIM_SelectSlaveMode
                0x00000000080034bc                TIM_SelectMasterSlaveMode
                0x00000000080034f4                TIM_ETRConfig
                0x0000000008003540                TIM_EncoderInterfaceConfig
                0x00000000080035d4                TIM_SelectHallSensor
                0x0000000008003614                TIM_RemapConfig
 .text          0x0000000008003880       0x14 obj/startup.o
 .text          0x0000000008003894        0x0 /usr/bin/../lib/gcc/arm-none-eabi/4.7.4/armv7e-m/fpu/crtend.o
 .text          0x0000000008003894        0x0 /usr/bin/../lib/gcc/arm-none-eabi/4.7.4/armv7e-m/fpu/crtn.o
 *(.text*)
 .text.__register_exitproc
                0x0000000008003894       0xac /usr/bin/../lib/gcc/arm-none-eabi/4.7.4/../../../../arm-none-eabi/lib/armv7e-m/fpu/libc.a(lib_a-__atexit.o)
                0x0000000008003894                __register_exitproc
 .text.exit     0x0000000008003940       0x20 /usr/bin/../lib/gcc/arm-none-eabi/4.7.4/../../../../arm-none-eabi/lib/armv7e-m/fpu/libc.a(lib_a-exit.o)
                0x0000000008003940                exit
 .text.__libc_fini_array
                0x0000000008003960       0x50 /usr/bin/../lib/gcc/arm-none-eabi/4.7.4/../../../../arm-none-eabi/lib/armv7e-m/fpu/libc.a(lib_a-fini.o)
                0x0000000008003960                __libc_fini_array
 .text.__libc_init_array
                0x00000000080039b0       0x94 /usr/bin/../lib/gcc/arm-none-eabi/4.7.4/../../../../arm-none-eabi/lib/armv7e-m/fpu/libc.a(lib_a-init.o)
                0x00000000080039b0                __libc_init_array
 .text.memset   0x0000000008003a44      0x12c /usr/bin/../lib/gcc/arm-none-eabi/4.7.4/../../../../arm-none-eabi/lib/armv7e-m/fpu/libc.a(lib_a-memset.o)
                0x0000000008003a44                memset
 .text.startup.register_fini
                0x0000000008003b70       0x14 /usr/bin/../lib/gcc/arm-none-eabi/4.7.4/../../../../arm-none-eabi/lib/armv7e-m/fpu/libc.a(lib_a-__call_atexit.o)
 .text.__call_exitprocs
                0x0000000008003b84      0x288 /usr/bin/../lib/gcc/arm-none-eabi/4.7.4/../../../../arm-none-eabi/lib/armv7e-m/fpu/libc.a(lib_a-__call_atexit.o)
                0x0000000008003b84                __call_exitprocs
 .text.atexit   0x0000000008003e0c        0xc /usr/bin/../lib/gcc/arm-none-eabi/4.7.4/../../../../arm-none-eabi/lib/armv7e-m/fpu/libc.a(lib_a-atexit.o)
                0x0000000008003e0c                atexit
 .text._exit    0x0000000008003e18        0x4 /usr/bin/../lib/gcc/arm-none-eabi/4.7.4/../../../../arm-none-eabi/lib/armv7e-m/fpu/libnosys.a(_exit.o)
                0x0000000008003e18                _exit
 .text.Reset_Handler
                0x0000000008003e1c       0x5c obj/startup.o
                0x0000000008003e1c                Reset_Handler
 .text.Default_Handler
                0x0000000008003e78        0x4 obj/startup.o
                0x0000000008003e78                RTC_Alarm_IRQHandler
                0x0000000008003e78                HASH_RNG_IRQHandler
                0x0000000008003e78                EXTI2_IRQHandler
                0x0000000008003e78                TIM8_CC_IRQHandler
                0x0000000008003e78                TIM1_CC_IRQHandler
                0x0000000008003e78                DMA2_Stream5_IRQHandler
                0x0000000008003e78                DMA1_Stream5_IRQHandler
                0x0000000008003e78                PVD_IRQHandler
                0x0000000008003e78                SDIO_IRQHandler
                0x0000000008003e78                TAMP_STAMP_IRQHandler
                0x0000000008003e78                CAN2_RX1_IRQHandler
                0x0000000008003e78                EXTI3_IRQHandler
                0x0000000008003e78                TIM8_TRG_COM_TIM14_IRQHandler
                0x0000000008003e78                TIM1_UP_TIM10_IRQHandler
                0x0000000008003e78                TIM8_UP_TIM13_IRQHandler
                0x0000000008003e78                I2C3_ER_IRQHandler
                0x0000000008003e78                EXTI0_IRQHandler
                0x0000000008003e78                I2C2_EV_IRQHandler
                0x0000000008003e78                DMA1_Stream2_IRQHandler
                0x0000000008003e78                CAN1_RX0_IRQHandler
                0x0000000008003e78                FPU_IRQHandler
                0x0000000008003e78                OTG_HS_WKUP_IRQHandler
                0x0000000008003e78                CAN2_SCE_IRQHandler
                0x0000000008003e78                DMA2_Stream2_IRQHandler
                0x0000000008003e78                SPI1_IRQHandler
                0x0000000008003e78                TIM6_DAC_IRQHandler
                0x0000000008003e78                TIM1_BRK_TIM9_IRQHandler
                0x0000000008003e78                DCMI_IRQHandler
                0x0000000008003e78                CAN2_RX0_IRQHandler
                0x0000000008003e78                DMA2_Stream3_IRQHandler
                0x0000000008003e78                USART6_IRQHandler
                0x0000000008003e78                USART3_IRQHandler
                0x0000000008003e78                CRYP_IRQHandler
                0x0000000008003e78                CAN1_RX1_IRQHandler
                0x0000000008003e78                UART5_IRQHandler
                0x0000000008003e78                DMA2_Stream0_IRQHandler
                0x0000000008003e78                TIM4_IRQHandler
                0x0000000008003e78                I2C1_EV_IRQHandler
                0x0000000008003e78                DMA1_Stream6_IRQHandler
                0x0000000008003e78                DMA1_Stream1_IRQHandler
                0x0000000008003e78                UART4_IRQHandler
                0x0000000008003e78                TIM3_IRQHandler
                0x0000000008003e78                RCC_IRQHandler
                0x0000000008003e78                TIM8_BRK_TIM12_IRQHandler
                0x0000000008003e78                Default_Handler
                0x0000000008003e78                EXTI15_10_IRQHandler
                0x0000000008003e78                ADC_IRQHandler
                0x0000000008003e78                DMA1_Stream7_IRQHandler
                0x0000000008003e78                TIM7_IRQHandler
                0x0000000008003e78                CAN2_TX_IRQHandler
                0x0000000008003e78                TIM5_IRQHandler
                0x0000000008003e78                DMA2_Stream7_IRQHandler
                0x0000000008003e78                I2C3_EV_IRQHandler
                0x0000000008003e78                EXTI9_5_IRQHandler
                0x0000000008003e78                RTC_WKUP_IRQHandler
                0x0000000008003e78                ETH_WKUP_IRQHandler
                0x0000000008003e78                SPI2_IRQHandler
                0x0000000008003e78                OTG_HS_EP1_IN_IRQHandler
                0x0000000008003e78                DMA1_Stream0_IRQHandler
                0x0000000008003e78                CAN1_TX_IRQHandler
                0x0000000008003e78                EXTI4_IRQHandler
                0x0000000008003e78                FSMC_IRQHandler
                0x0000000008003e78                ETH_IRQHandler
                0x0000000008003e78                OTG_HS_EP1_OUT_IRQHandler
                0x0000000008003e78                WWDG_IRQHandler
                0x0000000008003e78                OTG_FS_WKUP_IRQHandler
                0x0000000008003e78                TIM1_TRG_COM_TIM11_IRQHandler
                0x0000000008003e78                OTG_HS_IRQHandler
                0x0000000008003e78                EXTI1_IRQHandler
                0x0000000008003e78                USART2_IRQHandler
                0x0000000008003e78                I2C2_ER_IRQHandler
                0x0000000008003e78                DMA2_Stream1_IRQHandler
                0x0000000008003e78                CAN1_SCE_IRQHandler
                0x0000000008003e78                FLASH_IRQHandler
                0x0000000008003e78                DMA2_Stream4_IRQHandler
                0x0000000008003e78                USART1_IRQHandler
                0x0000000008003e78                OTG_FS_IRQHandler
                0x0000000008003e78                SPI3_IRQHandler
                0x0000000008003e78                DMA1_Stream4_IRQHandler
                0x0000000008003e78                I2C1_ER_IRQHandler
                0x0000000008003e78                DMA2_Stream6_IRQHandler
                0x0000000008003e78                DMA1_Stream3_IRQHandler
 *(.rodata)
 *(.rodata*)
 .rodata.str1.4
                0x0000000008003e7c        0x4 /usr/bin/../lib/gcc/arm-none-eabi/4.7.4/../../../../arm-none-eabi/lib/armv7e-m/fpu/libc.a(lib_a-impure.o)
 .rodata._global_impure_ptr
                0x0000000008003e80        0x4 /usr/bin/../lib/gcc/arm-none-eabi/4.7.4/../../../../arm-none-eabi/lib/armv7e-m/fpu/libc.a(lib_a-impure.o)
                0x0000000008003e80                _global_impure_ptr
                0x0000000008003e9c                _sidata = LOADADDR (.data)

.glue_7         0x0000000008003e84        0x0
 .glue_7        0x0000000000000000        0x0 linker stubs

.glue_7t        0x0000000008003e84        0x0
 .glue_7t       0x0000000000000000        0x0 linker stubs

.vfp11_veneer   0x0000000008003e84        0x0
 .vfp11_veneer  0x0000000000000000        0x0 linker stubs

.v4_bx          0x0000000008003e84        0x0
 .v4_bx         0x0000000000000000        0x0 linker stubs

.init           0x0000000008003e84        0xc
 .init          0x0000000008003e84        0x4 /usr/bin/../lib/gcc/arm-none-eabi/4.7.4/armv7e-m/fpu/crti.o
                0x0000000008003e84                _init
 .init          0x0000000008003e88        0x8 /usr/bin/../lib/gcc/arm-none-eabi/4.7.4/armv7e-m/fpu/crtn.o

.fini           0x0000000008003e90        0xc
 .fini          0x0000000008003e90        0x4 /usr/bin/../lib/gcc/arm-none-eabi/4.7.4/armv7e-m/fpu/crti.o
                0x0000000008003e90                _fini
 .fini          0x0000000008003e94        0x8 /usr/bin/../lib/gcc/arm-none-eabi/4.7.4/armv7e-m/fpu/crtn.o

.iplt           0x0000000008003e9c        0x0
 .iplt          0x0000000000000000        0x0 /usr/bin/../lib/gcc/arm-none-eabi/4.7.4/armv7e-m/fpu/crtbegin.o

.rel.dyn        0x0000000008003e9c        0x0
 .rel.iplt      0x0000000000000000        0x0 /usr/bin/../lib/gcc/arm-none-eabi/4.7.4/armv7e-m/fpu/crtbegin.o

.data           0x0000000020000198      0x454 load address 0x0000000008003e9c
                0x0000000020000198                . = ALIGN (0x4)
                0x0000000020000198                _sdata = .
 *(.data)
 .data          0x0000000020000198        0x0 /usr/bin/../lib/gcc/arm-none-eabi/4.7.4/armv7e-m/fpu/crti.o
 .data          0x0000000020000198        0x4 /usr/bin/../lib/gcc/arm-none-eabi/4.7.4/armv7e-m/fpu/crtbegin.o
                0x0000000020000198                __dso_handle
 .data          0x000000002000019c        0x0 /usr/bin/../lib/gcc/arm-none-eabi/4.7.4/../../../../arm-none-eabi/lib/armv7e-m/fpu/crt0.o
 .data          0x000000002000019c        0x0 /usr/bin/../lib/gcc/arm-none-eabi/4.7.4/../../../../arm-none-eabi/lib/armv7e-m/fpu/libc.a(lib_a-__atexit.o)
 .data          0x000000002000019c        0x0 /usr/bin/../lib/gcc/arm-none-eabi/4.7.4/../../../../arm-none-eabi/lib/armv7e-m/fpu/libc.a(lib_a-exit.o)
 .data          0x000000002000019c        0x0 /usr/bin/../lib/gcc/arm-none-eabi/4.7.4/../../../../arm-none-eabi/lib/armv7e-m/fpu/libc.a(lib_a-fini.o)
 .data          0x000000002000019c        0x0 /usr/bin/../lib/gcc/arm-none-eabi/4.7.4/../../../../arm-none-eabi/lib/armv7e-m/fpu/libc.a(lib_a-impure.o)
 .data          0x000000002000019c        0x0 /usr/bin/../lib/gcc/arm-none-eabi/4.7.4/../../../../arm-none-eabi/lib/armv7e-m/fpu/libc.a(lib_a-init.o)
 .data          0x000000002000019c        0x0 /usr/bin/../lib/gcc/arm-none-eabi/4.7.4/../../../../arm-none-eabi/lib/armv7e-m/fpu/libc.a(lib_a-memset.o)
 .data          0x000000002000019c        0x0 /usr/bin/../lib/gcc/arm-none-eabi/4.7.4/../../../../arm-none-eabi/lib/armv7e-m/fpu/libc.a(lib_a-__call_atexit.o)
 .data          0x000000002000019c        0x0 /usr/bin/../lib/gcc/arm-none-eabi/4.7.4/../../../../arm-none-eabi/lib/armv7e-m/fpu/libc.a(lib_a-atexit.o)
 .data          0x000000002000019c        0x0 /usr/bin/../lib/gcc/arm-none-eabi/4.7.4/../../../../arm-none-eabi/lib/armv7e-m/fpu/libnosys.a(_exit.o)
 .data          0x000000002000019c        0x0 obj/exceptions.o
 .data          0x000000002000019c       0x14 obj/low_level_init.o
                0x000000002000019c                SystemCoreClock
                0x00000000200001a0                AHBPrescTable
 .data          0x00000000200001b0        0x0 obj/main.o
 .data          0x00000000200001b0        0x0 obj/misc.o
 .data          0x00000000200001b0        0x0 obj/stm32f4xx_gpio.o
 .data          0x00000000200001b0       0x10 obj/stm32f4xx_rcc.o
 .data          0x00000000200001c0        0x0 obj/stm32f4xx_tim.o
 .data          0x00000000200001c0        0x0 obj/startup.o
 .data          0x00000000200001c0        0x0 /usr/bin/../lib/gcc/arm-none-eabi/4.7.4/armv7e-m/fpu/crtend.o
 .data          0x00000000200001c0        0x0 /usr/bin/../lib/gcc/arm-none-eabi/4.7.4/armv7e-m/fpu/crtn.o
 *(.data*)
 .data.impure_data
                0x00000000200001c0      0x428 /usr/bin/../lib/gcc/arm-none-eabi/4.7.4/../../../../arm-none-eabi/lib/armv7e-m/fpu/libc.a(lib_a-impure.o)
 .data._impure_ptr
                0x00000000200005e8        0x4 /usr/bin/../lib/gcc/arm-none-eabi/4.7.4/../../../../arm-none-eabi/lib/armv7e-m/fpu/libc.a(lib_a-impure.o)
                0x00000000200005e8                _impure_ptr
                0x00000000200005ec                . = ALIGN (0x4)
                0x00000000200005ec                _edata = .

.init_array     0x00000000200005ec        0x4 load address 0x00000000080042f0
 .init_array    0x00000000200005ec        0x4 /usr/bin/../lib/gcc/arm-none-eabi/4.7.4/armv7e-m/fpu/crtbegin.o

.fini_array     0x00000000200005f0        0x4 load address 0x00000000080042f4
 .fini_array    0x00000000200005f0        0x4 /usr/bin/../lib/gcc/arm-none-eabi/4.7.4/armv7e-m/fpu/crtbegin.o

.jcr            0x00000000200005f4        0x4 load address 0x00000000080042f8
 .jcr           0x00000000200005f4        0x0 /usr/bin/../lib/gcc/arm-none-eabi/4.7.4/armv7e-m/fpu/crtbegin.o
 .jcr           0x00000000200005f4        0x4 /usr/bin/../lib/gcc/arm-none-eabi/4.7.4/armv7e-m/fpu/crtend.o

.igot.plt       0x00000000200005f8        0x0 load address 0x00000000080042fc
 .igot.plt      0x0000000000000000        0x0 /usr/bin/../lib/gcc/arm-none-eabi/4.7.4/armv7e-m/fpu/crtbegin.o

.init_array.00000
                0x00000000200005f8        0x4 load address 0x00000000080042fc
 .init_array.00000
                0x00000000200005f8        0x4 /usr/bin/../lib/gcc/arm-none-eabi/4.7.4/../../../../arm-none-eabi/lib/armv7e-m/fpu/libc.a(lib_a-__call_atexit.o)

.bss            0x00000000200005fc       0x24 load address 0x0000000008004300
                0x00000000200005fc                . = ALIGN (0x4)
                0x00000000200005fc                _sbss = .
                0x00000000200005fc                __bss_start__ = _sbss
 *(.bss)
 .bss           0x00000000200005fc        0x0 /usr/bin/../lib/gcc/arm-none-eabi/4.7.4/armv7e-m/fpu/crti.o
 .bss           0x00000000200005fc       0x1c /usr/bin/../lib/gcc/arm-none-eabi/4.7.4/armv7e-m/fpu/crtbegin.o
 .bss           0x0000000020000618        0x0 /usr/bin/../lib/gcc/arm-none-eabi/4.7.4/../../../../arm-none-eabi/lib/armv7e-m/fpu/crt0.o
 .bss           0x0000000020000618        0x0 /usr/bin/../lib/gcc/arm-none-eabi/4.7.4/../../../../arm-none-eabi/lib/armv7e-m/fpu/libc.a(lib_a-__atexit.o)
 .bss           0x0000000020000618        0x0 /usr/bin/../lib/gcc/arm-none-eabi/4.7.4/../../../../arm-none-eabi/lib/armv7e-m/fpu/libc.a(lib_a-exit.o)
 .bss           0x0000000020000618        0x0 /usr/bin/../lib/gcc/arm-none-eabi/4.7.4/../../../../arm-none-eabi/lib/armv7e-m/fpu/libc.a(lib_a-fini.o)
 .bss           0x0000000020000618        0x0 /usr/bin/../lib/gcc/arm-none-eabi/4.7.4/../../../../arm-none-eabi/lib/armv7e-m/fpu/libc.a(lib_a-impure.o)
 .bss           0x0000000020000618        0x0 /usr/bin/../lib/gcc/arm-none-eabi/4.7.4/../../../../arm-none-eabi/lib/armv7e-m/fpu/libc.a(lib_a-init.o)
 .bss           0x0000000020000618        0x0 /usr/bin/../lib/gcc/arm-none-eabi/4.7.4/../../../../arm-none-eabi/lib/armv7e-m/fpu/libc.a(lib_a-memset.o)
 .bss           0x0000000020000618        0x0 /usr/bin/../lib/gcc/arm-none-eabi/4.7.4/../../../../arm-none-eabi/lib/armv7e-m/fpu/libc.a(lib_a-__call_atexit.o)
 .bss           0x0000000020000618        0x0 /usr/bin/../lib/gcc/arm-none-eabi/4.7.4/../../../../arm-none-eabi/lib/armv7e-m/fpu/libc.a(lib_a-atexit.o)
 .bss           0x0000000020000618        0x0 /usr/bin/../lib/gcc/arm-none-eabi/4.7.4/../../../../arm-none-eabi/lib/armv7e-m/fpu/libnosys.a(_exit.o)
 .bss           0x0000000020000618        0x0 obj/exceptions.o
 .bss           0x0000000020000618        0x0 obj/low_level_init.o
 .bss           0x0000000020000618        0x4 obj/main.o
 .bss           0x000000002000061c        0x0 obj/misc.o
 .bss           0x000000002000061c        0x0 obj/stm32f4xx_gpio.o
 .bss           0x000000002000061c        0x0 obj/stm32f4xx_rcc.o
 .bss           0x000000002000061c        0x0 obj/stm32f4xx_tim.o
 .bss           0x000000002000061c        0x0 obj/startup.o
 .bss           0x000000002000061c        0x0 /usr/bin/../lib/gcc/arm-none-eabi/4.7.4/armv7e-m/fpu/crtend.o
 .bss           0x000000002000061c        0x0 /usr/bin/../lib/gcc/arm-none-eabi/4.7.4/armv7e-m/fpu/crtn.o
 *(.bss*)
 *(COMMON)
 COMMON         0x000000002000061c        0x4 obj/exceptions.o
                0x000000002000061c                __stm32_tick
                0x0000000020000620                . = ALIGN (0x4)
                0x0000000020000620                _ebss = .
                0x0000000020000620                __bss_end__ = _ebss
                0x0000000020000620                _end = .
                0x0000000020000620                PROVIDE (end, .)
OUTPUT(out/main.elf elf32-littlearm)

.ARM.attributes
                0x0000000000000000       0x32
 .ARM.attributes
                0x0000000000000000       0x24 /usr/bin/../lib/gcc/arm-none-eabi/4.7.4/armv7e-m/fpu/crti.o
 .ARM.attributes
                0x0000000000000024       0x36 /usr/bin/../lib/gcc/arm-none-eabi/4.7.4/armv7e-m/fpu/crtbegin.o
 .ARM.attributes
                0x000000000000005a       0x22 /usr/bin/../lib/gcc/arm-none-eabi/4.7.4/../../../../arm-none-eabi/lib/armv7e-m/fpu/crt0.o
 .ARM.attributes
                0x000000000000007c       0x36 /usr/bin/../lib/gcc/arm-none-eabi/4.7.4/../../../../arm-none-eabi/lib/armv7e-m/fpu/libc.a(lib_a-__atexit.o)
 .ARM.attributes
                0x00000000000000b2       0x36 /usr/bin/../lib/gcc/arm-none-eabi/4.7.4/../../../../arm-none-eabi/lib/armv7e-m/fpu/libc.a(lib_a-exit.o)
 .ARM.attributes
                0x00000000000000e8       0x36 /usr/bin/../lib/gcc/arm-none-eabi/4.7.4/../../../../arm-none-eabi/lib/armv7e-m/fpu/libc.a(lib_a-fini.o)
 .ARM.attributes
                0x000000000000011e       0x36 /usr/bin/../lib/gcc/arm-none-eabi/4.7.4/../../../../arm-none-eabi/lib/armv7e-m/fpu/libc.a(lib_a-impure.o)
 .ARM.attributes
                0x0000000000000154       0x36 /usr/bin/../lib/gcc/arm-none-eabi/4.7.4/../../../../arm-none-eabi/lib/armv7e-m/fpu/libc.a(lib_a-init.o)
 .ARM.attributes
                0x000000000000018a       0x36 /usr/bin/../lib/gcc/arm-none-eabi/4.7.4/../../../../arm-none-eabi/lib/armv7e-m/fpu/libc.a(lib_a-memset.o)
 .ARM.attributes
                0x00000000000001c0       0x36 /usr/bin/../lib/gcc/arm-none-eabi/4.7.4/../../../../arm-none-eabi/lib/armv7e-m/fpu/libc.a(lib_a-__call_atexit.o)
 .ARM.attributes
                0x00000000000001f6       0x36 /usr/bin/../lib/gcc/arm-none-eabi/4.7.4/../../../../arm-none-eabi/lib/armv7e-m/fpu/libc.a(lib_a-atexit.o)
 .ARM.attributes
                0x000000000000022c       0x36 /usr/bin/../lib/gcc/arm-none-eabi/4.7.4/../../../../arm-none-eabi/lib/armv7e-m/fpu/libnosys.a(_exit.o)
 .ARM.attributes
                0x0000000000000262       0x3b obj/exceptions.o
 .ARM.attributes
                0x000000000000029d       0x3b obj/low_level_init.o
 .ARM.attributes
                0x00000000000002d8       0x3b obj/main.o
 .ARM.attributes
                0x0000000000000313       0x3b obj/misc.o
 .ARM.attributes
                0x000000000000034e       0x3b obj/stm32f4xx_gpio.o
 .ARM.attributes
                0x0000000000000389       0x3b obj/stm32f4xx_rcc.o
 .ARM.attributes
                0x00000000000003c4       0x3b obj/stm32f4xx_tim.o
 .ARM.attributes
                0x00000000000003ff       0x21 obj/startup.o
 .ARM.attributes
                0x0000000000000420       0x36 /usr/bin/../lib/gcc/arm-none-eabi/4.7.4/armv7e-m/fpu/crtend.o
 .ARM.attributes
                0x0000000000000456       0x24 /usr/bin/../lib/gcc/arm-none-eabi/4.7.4/armv7e-m/fpu/crtn.o

.comment        0x0000000000000000       0x70
 .comment       0x0000000000000000       0x70 obj/exceptions.o
                                         0x71 (size before relaxing)
 .comment       0x0000000000000000       0x71 obj/low_level_init.o
 .comment       0x0000000000000000       0x71 obj/main.o
 .comment       0x0000000000000000       0x71 obj/misc.o
 .comment       0x0000000000000000       0x71 obj/stm32f4xx_gpio.o
 .comment       0x0000000000000000       0x71 obj/stm32f4xx_rcc.o
 .comment       0x0000000000000000       0x71 obj/stm32f4xx_tim.o

.debug_frame    0x0000000000000000     0x1470
 .debug_frame   0x0000000000000000       0x34 /usr/bin/../lib/gcc/arm-none-eabi/4.7.4/../../../../arm-none-eabi/lib/armv7e-m/fpu/libc.a(lib_a-__atexit.o)
 .debug_frame   0x0000000000000034       0x28 /usr/bin/../lib/gcc/arm-none-eabi/4.7.4/../../../../arm-none-eabi/lib/armv7e-m/fpu/libc.a(lib_a-exit.o)
 .debug_frame   0x000000000000005c       0x2c /usr/bin/../lib/gcc/arm-none-eabi/4.7.4/../../../../arm-none-eabi/lib/armv7e-m/fpu/libc.a(lib_a-fini.o)
 .debug_frame   0x0000000000000088       0x30 /usr/bin/../lib/gcc/arm-none-eabi/4.7.4/../../../../arm-none-eabi/lib/armv7e-m/fpu/libc.a(lib_a-init.o)
 .debug_frame   0x00000000000000b8       0x2c /usr/bin/../lib/gcc/arm-none-eabi/4.7.4/../../../../arm-none-eabi/lib/armv7e-m/fpu/libc.a(lib_a-memset.o)
 .debug_frame   0x00000000000000e4       0x48 /usr/bin/../lib/gcc/arm-none-eabi/4.7.4/../../../../arm-none-eabi/lib/armv7e-m/fpu/libc.a(lib_a-__call_atexit.o)
 .debug_frame   0x000000000000012c       0x20 /usr/bin/../lib/gcc/arm-none-eabi/4.7.4/../../../../arm-none-eabi/lib/armv7e-m/fpu/libc.a(lib_a-atexit.o)
 .debug_frame   0x000000000000014c       0x20 /usr/bin/../lib/gcc/arm-none-eabi/4.7.4/../../../../arm-none-eabi/lib/armv7e-m/fpu/libnosys.a(_exit.o)
 .debug_frame   0x000000000000016c       0xe8 obj/exceptions.o
 .debug_frame   0x0000000000000254       0x64 obj/low_level_init.o
 .debug_frame   0x00000000000002b8       0x6c obj/main.o
 .debug_frame   0x0000000000000324       0x9c obj/misc.o
 .debug_frame   0x00000000000003c0      0x19c obj/stm32f4xx_gpio.o
 .debug_frame   0x000000000000055c      0x4d8 obj/stm32f4xx_rcc.o
 .debug_frame   0x0000000000000a34      0xa3c obj/stm32f4xx_tim.o

.debug_info     0x0000000000000000     0x463a
 .debug_info    0x0000000000000000      0x174 obj/exceptions.o
 .debug_info    0x0000000000000174      0x5f0 obj/low_level_init.o
 .debug_info    0x0000000000000764      0x6d5 obj/main.o
 .debug_info    0x0000000000000e39      0x592 obj/misc.o
 .debug_info    0x00000000000013cb      0x640 obj/stm32f4xx_gpio.o
 .debug_info    0x0000000000001a0b      0xd49 obj/stm32f4xx_rcc.o
 .debug_info    0x0000000000002754     0x1e7d obj/stm32f4xx_tim.o
 .debug_info    0x00000000000045d1       0x69 obj/startup.o

.debug_abbrev   0x0000000000000000      0x955
 .debug_abbrev  0x0000000000000000       0x78 obj/exceptions.o
 .debug_abbrev  0x0000000000000078      0x138 obj/low_level_init.o
 .debug_abbrev  0x00000000000001b0      0x157 obj/main.o
 .debug_abbrev  0x0000000000000307      0x129 obj/misc.o
 .debug_abbrev  0x0000000000000430      0x1a5 obj/stm32f4xx_gpio.o
 .debug_abbrev  0x00000000000005d5      0x1e5 obj/stm32f4xx_rcc.o
 .debug_abbrev  0x00000000000007ba      0x189 obj/stm32f4xx_tim.o
 .debug_abbrev  0x0000000000000943       0x12 obj/startup.o

.debug_loc      0x0000000000000000     0x2488
 .debug_loc     0x0000000000000000      0x18c obj/exceptions.o
 .debug_loc     0x000000000000018c       0x9c obj/low_level_init.o
 .debug_loc     0x0000000000000228       0x9c obj/main.o
 .debug_loc     0x00000000000002c4      0x118 obj/misc.o
 .debug_loc     0x00000000000003dc      0x310 obj/stm32f4xx_gpio.o
 .debug_loc     0x00000000000006ec      0x97c obj/stm32f4xx_rcc.o
 .debug_loc     0x0000000000001068     0x1420 obj/stm32f4xx_tim.o

.debug_aranges  0x0000000000000000      0x108
 .debug_aranges
                0x0000000000000000       0x20 obj/exceptions.o
 .debug_aranges
                0x0000000000000020       0x20 obj/low_level_init.o
 .debug_aranges
                0x0000000000000040       0x20 obj/main.o
 .debug_aranges
                0x0000000000000060       0x20 obj/misc.o
 .debug_aranges
                0x0000000000000080       0x20 obj/stm32f4xx_gpio.o
 .debug_aranges
                0x00000000000000a0       0x20 obj/stm32f4xx_rcc.o
 .debug_aranges
                0x00000000000000c0       0x20 obj/stm32f4xx_tim.o
 .debug_aranges
                0x00000000000000e0       0x28 obj/startup.o

.debug_line     0x0000000000000000      0xc93
 .debug_line    0x0000000000000000       0xda obj/exceptions.o
 .debug_line    0x00000000000000da      0x10a obj/low_level_init.o
 .debug_line    0x00000000000001e4      0x111 obj/main.o
 .debug_line    0x00000000000002f5       0xe4 obj/misc.o
 .debug_line    0x00000000000003d9      0x164 obj/stm32f4xx_gpio.o
 .debug_line    0x000000000000053d      0x240 obj/stm32f4xx_rcc.o
 .debug_line    0x000000000000077d      0x4a5 obj/stm32f4xx_tim.o
 .debug_line    0x0000000000000c22       0x71 obj/startup.o

.debug_str      0x0000000000000000     0x1eaf
 .debug_str     0x0000000000000000      0x19d obj/exceptions.o
                                        0x1d9 (size before relaxing)
 .debug_str     0x000000000000019d      0x232 obj/low_level_init.o
                                        0x380 (size before relaxing)
 .debug_str     0x00000000000003cf      0x707 obj/main.o
                                        0x89e (size before relaxing)
 .debug_str     0x0000000000000ad6      0x135 obj/misc.o
                                        0x37e (size before relaxing)
 .debug_str     0x0000000000000c0b      0x2fd obj/stm32f4xx_gpio.o
                                        0x448 (size before relaxing)
 .debug_str     0x0000000000000f08      0x556 obj/stm32f4xx_rcc.o
                                        0x7f5 (size before relaxing)
 .debug_str     0x000000000000145e      0xa51 obj/stm32f4xx_tim.o
                                        0xd75 (size before relaxing)

.debug_ranges   0x0000000000000000       0x20
 .debug_ranges  0x0000000000000000       0x20 obj/startup.o
